Archive member included to satisfy reference by file (symbol)

C:/Users/HUANG Weiyi/.eide/tools/gcc_arm/bin/../lib/gcc/arm-none-eabi/15.2.1/thumb/v7e-m+fp/hard\libgcc.a(_aeabi_uldivmod.o)
                              ./build/Debug/.obj/Drivers/STM32F4xx_HAL_Driver/Src/stm32f4xx_hal_rcc.o (__aeabi_uldivmod)
C:/Users/HUANG Weiyi/.eide/tools/gcc_arm/bin/../lib/gcc/arm-none-eabi/15.2.1/thumb/v7e-m+fp/hard\libgcc.a(_udivmoddi4.o)
                              C:/Users/HUANG Weiyi/.eide/tools/gcc_arm/bin/../lib/gcc/arm-none-eabi/15.2.1/thumb/v7e-m+fp/hard\libgcc.a(_aeabi_uldivmod.o) (__udivmoddi4)
C:/Users/HUANG Weiyi/.eide/tools/gcc_arm/bin/../lib/gcc/arm-none-eabi/15.2.1/thumb/v7e-m+fp/hard\libgcc.a(_dvmd_tls.o)
                              C:/Users/HUANG Weiyi/.eide/tools/gcc_arm/bin/../lib/gcc/arm-none-eabi/15.2.1/thumb/v7e-m+fp/hard\libgcc.a(_aeabi_uldivmod.o) (__aeabi_ldiv0)
C:/Users/HUANG Weiyi/.eide/tools/gcc_arm/bin/../lib/gcc/arm-none-eabi/15.2.1/../../../../arm-none-eabi/lib/thumb/v7e-m+fp/hard\libc_nano.a(libc_a-exit.o)
                              C:/Users/HUANG Weiyi/.eide/tools/gcc_arm/bin/../lib/gcc/arm-none-eabi/15.2.1/../../../../arm-none-eabi/lib/thumb/v7e-m+fp/hard/crt0.o (exit)
C:/Users/HUANG Weiyi/.eide/tools/gcc_arm/bin/../lib/gcc/arm-none-eabi/15.2.1/../../../../arm-none-eabi/lib/thumb/v7e-m+fp/hard\libc_nano.a(libc_a-nano-vfprintf_float.o)
                              (_printf_float)
C:/Users/HUANG Weiyi/.eide/tools/gcc_arm/bin/../lib/gcc/arm-none-eabi/15.2.1/../../../../arm-none-eabi/lib/thumb/v7e-m+fp/hard\libc_nano.a(libc_a-nano-vfprintf_i.o)
                              C:/Users/HUANG Weiyi/.eide/tools/gcc_arm/bin/../lib/gcc/arm-none-eabi/15.2.1/../../../../arm-none-eabi/lib/thumb/v7e-m+fp/hard\libc_nano.a(libc_a-nano-vfprintf_float.o) (_printf_common)
C:/Users/HUANG Weiyi/.eide/tools/gcc_arm/bin/../lib/gcc/arm-none-eabi/15.2.1/../../../../arm-none-eabi/lib/thumb/v7e-m+fp/hard\libc_nano.a(libc_a-findfp.o)
                              C:/Users/HUANG Weiyi/.eide/tools/gcc_arm/bin/../lib/gcc/arm-none-eabi/15.2.1/../../../../arm-none-eabi/lib/thumb/v7e-m+fp/hard\libc_nano.a(libc_a-exit.o) (__stdio_exit_handler)
C:/Users/HUANG Weiyi/.eide/tools/gcc_arm/bin/../lib/gcc/arm-none-eabi/15.2.1/../../../../arm-none-eabi/lib/thumb/v7e-m+fp/hard\libc_nano.a(libc_a-fwalk.o)
                              C:/Users/HUANG Weiyi/.eide/tools/gcc_arm/bin/../lib/gcc/arm-none-eabi/15.2.1/../../../../arm-none-eabi/lib/thumb/v7e-m+fp/hard\libc_nano.a(libc_a-findfp.o) (_fwalk_sglue)
C:/Users/HUANG Weiyi/.eide/tools/gcc_arm/bin/../lib/gcc/arm-none-eabi/15.2.1/../../../../arm-none-eabi/lib/thumb/v7e-m+fp/hard\libc_nano.a(libc_a-stdio.o)
                              C:/Users/HUANG Weiyi/.eide/tools/gcc_arm/bin/../lib/gcc/arm-none-eabi/15.2.1/../../../../arm-none-eabi/lib/thumb/v7e-m+fp/hard\libc_nano.a(libc_a-findfp.o) (__sread)
C:/Users/HUANG Weiyi/.eide/tools/gcc_arm/bin/../lib/gcc/arm-none-eabi/15.2.1/../../../../arm-none-eabi/lib/thumb/v7e-m+fp/hard\libc_nano.a(libc_a-memset.o)
                              C:/Users/HUANG Weiyi/.eide/tools/gcc_arm/bin/../lib/gcc/arm-none-eabi/15.2.1/../../../../arm-none-eabi/lib/thumb/v7e-m+fp/hard/crt0.o (memset)
C:/Users/HUANG Weiyi/.eide/tools/gcc_arm/bin/../lib/gcc/arm-none-eabi/15.2.1/../../../../arm-none-eabi/lib/thumb/v7e-m+fp/hard\libc_nano.a(libc_a-localeconv.o)
                              C:/Users/HUANG Weiyi/.eide/tools/gcc_arm/bin/../lib/gcc/arm-none-eabi/15.2.1/../../../../arm-none-eabi/lib/thumb/v7e-m+fp/hard\libc_nano.a(libc_a-nano-vfprintf_float.o) (_localeconv_r)
C:/Users/HUANG Weiyi/.eide/tools/gcc_arm/bin/../lib/gcc/arm-none-eabi/15.2.1/../../../../arm-none-eabi/lib/thumb/v7e-m+fp/hard\libc_nano.a(libc_a-closer.o)
                              C:/Users/HUANG Weiyi/.eide/tools/gcc_arm/bin/../lib/gcc/arm-none-eabi/15.2.1/../../../../arm-none-eabi/lib/thumb/v7e-m+fp/hard\libc_nano.a(libc_a-stdio.o) (_close_r)
C:/Users/HUANG Weiyi/.eide/tools/gcc_arm/bin/../lib/gcc/arm-none-eabi/15.2.1/../../../../arm-none-eabi/lib/thumb/v7e-m+fp/hard\libc_nano.a(libc_a-reent.o)
                              C:/Users/HUANG Weiyi/.eide/tools/gcc_arm/bin/../lib/gcc/arm-none-eabi/15.2.1/../../../../arm-none-eabi/lib/thumb/v7e-m+fp/hard\libc_nano.a(libc_a-closer.o) (errno)
C:/Users/HUANG Weiyi/.eide/tools/gcc_arm/bin/../lib/gcc/arm-none-eabi/15.2.1/../../../../arm-none-eabi/lib/thumb/v7e-m+fp/hard\libc_nano.a(libc_a-impure.o)
                              C:/Users/HUANG Weiyi/.eide/tools/gcc_arm/bin/../lib/gcc/arm-none-eabi/15.2.1/../../../../arm-none-eabi/lib/thumb/v7e-m+fp/hard\libc_nano.a(libc_a-reent.o) (_impure_ptr)
C:/Users/HUANG Weiyi/.eide/tools/gcc_arm/bin/../lib/gcc/arm-none-eabi/15.2.1/../../../../arm-none-eabi/lib/thumb/v7e-m+fp/hard\libc_nano.a(libc_a-lseekr.o)
                              C:/Users/HUANG Weiyi/.eide/tools/gcc_arm/bin/../lib/gcc/arm-none-eabi/15.2.1/../../../../arm-none-eabi/lib/thumb/v7e-m+fp/hard\libc_nano.a(libc_a-stdio.o) (_lseek_r)
[...]
Memory Configuration

Name             Origin             Length             Attributes
RAM              0x20000000         0x00020000         xrw
CCMRAM           0x10000000         0x00010000         xrw
FLASH            0x08000000         0x00100000         xr
*default*        0x00000000         0xffffffff

Linker script and memory map

LOAD C:/Users/HUANG Weiyi/.eide/tools/gcc_arm/bin/../lib/gcc/arm-none-eabi/15.2.1/thumb/v7e-m+fp/hard/crti.o
LOAD C:/Users/HUANG Weiyi/.eide/tools/gcc_arm/bin/../lib/gcc/arm-none-eabi/15.2.1/thumb/v7e-m+fp/hard/crtbegin.o
LOAD C:/Users/HUANG Weiyi/.eide/tools/gcc_arm/bin/../lib/gcc/arm-none-eabi/15.2.1/../../../../arm-none-eabi/lib/thumb/v7e-m+fp/hard/crt0.o
LOAD ./build/Debug/.obj/Core/Src/can.o
LOAD ./build/Debug/.obj/Core/Src/crc.o
LOAD ./build/Debug/.obj/Core/Src/dma.o
LOAD ./build/Debug/.obj/Core/Src/freertos.o
LOAD ./build/Debug/.obj/Core/Src/gpio.o
LOAD ./build/Debug/.obj/Core/Src/i2c.o
LOAD ./build/Debug/.obj/Core/Src/main.o
LOAD ./build/Debug/.obj/Core/Src/spi.o
LOAD ./build/Debug/.obj/Core/Src/stm32f4xx_hal_msp.o
LOAD ./build/Debug/.obj/Core/Src/stm32f4xx_hal_timebase_tim.o
LOAD ./build/Debug/.obj/Core/Src/stm32f4xx_it.o
LOAD ./build/Debug/.obj/Core/Src/syscalls.o
LOAD ./build/Debug/.obj/Core/Src/sysmem.o
LOAD ./build/Debug/.obj/Core/Src/system_stm32f4xx.o
LOAD ./build/Debug/.obj/Core/Src/tim.o
LOAD ./build/Debug/.obj/Core/Src/usart.o
LOAD ./build/Debug/.obj/Drivers/STM32F4xx_HAL_Driver/Src/stm32f4xx_hal.o
LOAD ./build/Debug/.obj/Drivers/STM32F4xx_HAL_Driver/Src/stm32f4xx_hal_can.o
LOAD ./build/Debug/.obj/Drivers/STM32F4xx_HAL_Driver/Src/stm32f4xx_hal_cortex.o
LOAD ./build/Debug/.obj/Drivers/STM32F4xx_HAL_Driver/Src/stm32f4xx_hal_crc.o
LOAD ./build/Debug/.obj/Drivers/STM32F4xx_HAL_Driver/Src/stm32f4xx_hal_dma.o
LOAD ./build/Debug/.obj/Drivers/STM32F4xx_HAL_Driver/Src/stm32f4xx_hal_dma_ex.o
LOAD ./build/Debug/.obj/Drivers/STM32F4xx_HAL_Driver/Src/stm32f4xx_hal_exti.o
LOAD ./build/Debug/.obj/Drivers/STM32F4xx_HAL_Driver/Src/stm32f4xx_hal_flash.o
LOAD ./build/Debug/.obj/Drivers/STM32F4xx_HAL_Driver/Src/stm32f4xx_hal_flash_ex.o
LOAD ./build/Debug/.obj/Drivers/STM32F4xx_HAL_Driver/Src/stm32f4xx_hal_flash_ramfunc.o
LOAD ./build/Debug/.obj/Drivers/STM32F4xx_HAL_Driver/Src/stm32f4xx_hal_gpio.o
LOAD ./build/Debug/.obj/Drivers/STM32F4xx_HAL_Driver/Src/stm32f4xx_hal_i2c.o
LOAD ./build/Debug/.obj/Drivers/STM32F4xx_HAL_Driver/Src/stm32f4xx_hal_i2c_ex.o
LOAD ./build/Debug/.obj/Drivers/STM32F4xx_HAL_Driver/Src/stm32f4xx_hal_pwr.o
LOAD ./build/Debug/.obj/Drivers/STM32F4xx_HAL_Driver/Src/stm32f4xx_hal_pwr_ex.o
LOAD ./build/Debug/.obj/Drivers/STM32F4xx_HAL_Driver/Src/stm32f4xx_hal_rcc.o
LOAD ./build/Debug/.obj/Drivers/STM32F4xx_HAL_Driver/Src/stm32f4xx_hal_rcc_ex.o
LOAD ./build/Debug/.obj/Drivers/STM32F4xx_HAL_Driver/Src/stm32f4xx_hal_spi.o
LOAD ./build/Debug/.obj/Drivers/STM32F4xx_HAL_Driver/Src/stm32f4xx_hal_tim.o
LOAD ./build/Debug/.obj/Drivers/STM32F4xx_HAL_Driver/Src/stm32f4xx_hal_tim_ex.o
LOAD ./build/Debug/.obj/Drivers/STM32F4xx_HAL_Driver/Src/stm32f4xx_hal_uart.o
LOAD ./build/Debug/.obj/Middlewares/Third_Party/FreeRTOS/Source/CMSIS_RTOS_V2/cmsis_os2.o
LOAD ./build/Debug/.obj/Middlewares/Third_Party/FreeRTOS/Source/croutine.o
LOAD ./build/Debug/.obj/Middlewares/Third_Party/FreeRTOS/Source/event_groups.o
LOAD ./build/Debug/.obj/Middlewares/Third_Party/FreeRTOS/Source/list.o
LOAD ./build/Debug/.obj/Middlewares/Third_Party/FreeRTOS/Source/portable/GCC/ARM_CM4F/port.o
LOAD ./build/Debug/.obj/Middlewares/Third_Party/FreeRTOS/Source/portable/MemMang/heap_4.o
LOAD ./build/Debug/.obj/Middlewares/Third_Party/FreeRTOS/Source/queue.o
LOAD ./build/Debug/.obj/Middlewares/Third_Party/FreeRTOS/Source/stream_buffer.o
LOAD ./build/Debug/.obj/Middlewares/Third_Party/FreeRTOS/Source/tasks.o
LOAD ./build/Debug/.obj/Middlewares/Third_Party/FreeRTOS/Source/timers.o
LOAD ./build/Debug/.obj/User/buzzer.o
LOAD ./build/Debug/.obj/startup_stm32f407xx.o
LOAD C:/Users/HUANG Weiyi/.eide/tools/gcc_arm/bin/../lib/gcc/arm-none-eabi/15.2.1/../../../../arm-none-eabi/lib/thumb/v7e-m+fp/hard\libm.a
START GROUP
LOAD C:/Users/HUANG Weiyi/.eide/tools/gcc_arm/bin/../lib/gcc/arm-none-eabi/15.2.1/thumb/v7e-m+fp/hard\libgcc.a
LOAD C:/Users/HUANG Weiyi/.eide/tools/gcc_arm/bin/../lib/gcc/arm-none-eabi/15.2.1/../../../../arm-none-eabi/lib/thumb/v7e-m+fp/hard\libc_nano.a
END GROUP
START GROUP
LOAD C:/Users/HUANG Weiyi/.eide/tools/gcc_arm/bin/../lib/gcc/arm-none-eabi/15.2.1/thumb/v7e-m+fp/hard\libgcc.a
LOAD C:/Users/HUANG Weiyi/.eide/tools/gcc_arm/bin/../lib/gcc/arm-none-eabi/15.2.1/../../../../arm-none-eabi/lib/thumb/v7e-m+fp/hard\libc_nano.a
LOAD C:/Users/HUANG Weiyi/.eide/tools/gcc_arm/bin/../lib/gcc/arm-none-eabi/15.2.1/../../../../arm-none-eabi/lib/thumb/v7e-m+fp/hard\libnosys.a
END GROUP
START GROUP
LOAD C:/Users/HUANG Weiyi/.eide/tools/gcc_arm/bin/../lib/gcc/arm-none-eabi/15.2.1/thumb/v7e-m+fp/hard\libgcc.a
LOAD C:/Users/HUANG Weiyi/.eide/tools/gcc_arm/bin/../lib/gcc/arm-none-eabi/15.2.1/../../../../arm-none-eabi/lib/thumb/v7e-m+fp/hard\libc_nano.a
LOAD C:/Users/HUANG Weiyi/.eide/tools/gcc_arm/bin/../lib/gcc/arm-none-eabi/15.2.1/../../../../arm-none-eabi/lib/thumb/v7e-m+fp/hard\libnosys.a
END GROUP
LOAD C:/Users/HUANG Weiyi/.eide/tools/gcc_arm/bin/../lib/gcc/arm-none-eabi/15.2.1/thumb/v7e-m+fp/hard/crtend.o
LOAD C:/Users/HUANG Weiyi/.eide/tools/gcc_arm/bin/../lib/gcc/arm-none-eabi/15.2.1/thumb/v7e-m+fp/hard/crtn.o
                0x20020000                        _estack = (ORIGIN (RAM) + LENGTH (RAM))
                0x2001fc00                        _sstack = (_estack - _Min_Stack_Size)
                0x00000200                        _Min_Heap_Size = 0x200
                0x00000400                        _Min_Stack_Size = 0x400

.isr_vector     0x08000000      0x188
                0x08000000                        . = ALIGN (0x4)
 *(.isr_vector)
 .isr_vector    0x08000000      0x188 ./build/Debug/.obj/startup_stm32f407xx.o
                0x08000000                g_pfnVectors
                0x08000188                        . = ALIGN (0x4)

.text           0x08000190     0x9178
                0x08000190                        . = ALIGN (0x4)
 *(.text)
 .text          0x08000190       0x30 C:/Users/HUANG Weiyi/.eide/tools/gcc_arm/bin/../lib/gcc/arm-none-eabi/15.2.1/thumb/v7e-m+fp/hard\libgcc.a(_aeabi_uldivmod.o)
                0x08000190                __aeabi_uldivmod
 .text          0x080001c0        0x4 C:/Users/HUANG Weiyi/.eide/tools/gcc_arm/bin/../lib/gcc/arm-none-eabi/15.2.1/thumb/v7e-m+fp/hard\libgcc.a(_dvmd_tls.o)
                0x080001c0                __aeabi_idiv0
                0x080001c0                __aeabi_ldiv0
 *fill*         0x080001c4        0xc 
 .text          0x080001d0       0xa0 C:/Users/HUANG Weiyi/.eide/tools/gcc_arm/bin/../lib/gcc/arm-none-eabi/15.2.1/../../../../arm-none-eabi/lib/thumb/v7e-m+fp/hard\libc_nano.a(libc_a-memchr.o)
                0x080001d0                memchr
 .text          0x08000270       0x10 C:/Users/HUANG Weiyi/.eide/tools/gcc_arm/bin/../lib/gcc/arm-none-eabi/15.2.1/../../../../arm-none-eabi/lib/thumb/v7e-m+fp/hard\libc_nano.a(libc_a-strlen.o)
                0x08000270                strlen
 .text          0x08000280      0x378 C:/Users/HUANG Weiyi/.eide/tools/gcc_arm/bin/../lib/gcc/arm-none-eabi/15.2.1/thumb/v7e-m+fp/hard\libgcc.a(_arm_addsubdf3.o)
                0x08000280                __aeabi_drsub
                0x08000288                __aeabi_dsub
                0x08000288                __subdf3
                0x0800028c                __aeabi_dadd
                0x0800028c                __adddf3
                0x08000504                __floatunsidf
                0x08000504                __aeabi_ui2d
                0x08000524                __floatsidf
                0x08000524                __aeabi_i2d
                0x08000548                __aeabi_f2d
                0x08000548                __extendsfdf2
                0x0800058c                __floatundidf
                0x0800058c                __aeabi_ul2d
                0x0800059c                __floatdidf
                0x0800059c                __aeabi_l2d
 .text          0x080005f8      0x424 C:/Users/HUANG Weiyi/.eide/tools/gcc_arm/bin/../lib/gcc/arm-none-eabi/15.2.1/thumb/v7e-m+fp/hard\libgcc.a(_arm_muldivdf3.o)
                0x080005f8                __aeabi_dmul
                0x080005f8                __muldf3
                0x0800084c                __divdf3
                0x0800084c                __aeabi_ddiv
 .text          0x08000a1c      0x110 C:/Users/HUANG Weiyi/.eide/tools/gcc_arm/bin/../lib/gcc/arm-none-eabi/15.2.1/thumb/v7e-m+fp/hard\libgcc.a(_arm_cmpdf2.o)
                0x08000a1c                __gtdf2
                0x08000a1c                __gedf2
                0x08000a24                __ltdf2
                0x08000a24                __ledf2
                0x08000a2c                __nedf2
                0x08000a2c                __eqdf2
                0x08000a2c                __cmpdf2
                0x08000aa8                __aeabi_cdrcmple
                0x08000ab8                __aeabi_cdcmpeq
                0x08000ab8                __aeabi_cdcmple
                0x08000ac8                __aeabi_dcmpeq
                0x08000adc                __aeabi_dcmplt
                0x08000af0                __aeabi_dcmple
                0x08000b04                __aeabi_dcmpge
                0x08000b18                __aeabi_dcmpgt
 .text          0x08000b2c       0x2c C:/Users/HUANG Weiyi/.eide/tools/gcc_arm/bin/../lib/gcc/arm-none-eabi/15.2.1/thumb/v7e-m+fp/hard\libgcc.a(_arm_unorddf2.o)
                0x08000b2c                __unorddf2
                0x08000b2c                __aeabi_dcmpun
 .text          0x08000b58       0x50 C:/Users/HUANG Weiyi/.eide/tools/gcc_arm/bin/../lib/gcc/arm-none-eabi/15.2.1/thumb/v7e-m+fp/hard\libgcc.a(_arm_fixdfsi.o)
                0x08000b58                __aeabi_d2iz
                0x08000b58                __fixdfsi
 *(.text*)
 .text.deregister_tm_clones
                0x08000ba8       0x1c C:/Users/HUANG Weiyi/.eide/tools/gcc_arm/bin/../lib/gcc/arm-none-eabi/15.2.1/thumb/v7e-m+fp/hard/crtbegin.o
 .text.register_tm_clones
                0x08000bc4       0x24 C:/Users/HUANG Weiyi/.eide/tools/gcc_arm/bin/../lib/gcc/arm-none-eabi/15.2.1/thumb/v7e-m+fp/hard/crtbegin.o
 .text.__do_global_dtors_aux
                0x08000be8       0x28 C:/Users/HUANG Weiyi/.eide/tools/gcc_arm/bin/../lib/gcc/arm-none-eabi/15.2.1/thumb/v7e-m+fp/hard/crtbegin.o
 .text.frame_dummy
                0x08000c10       0x24 C:/Users/HUANG Weiyi/.eide/tools/gcc_arm/bin/../lib/gcc/arm-none-eabi/15.2.1/thumb/v7e-m+fp/hard/crtbegin.o
 .text.MX_CAN1_Init
                0x08000c34       0x44 ./build/Debug/.obj/Core/Src/can.o
                0x08000c34                MX_CAN1_Init
 .text.HAL_CAN_MspInit
                0x08000c78       0x9c ./build/Debug/.obj/Core/Src/can.o
                0x08000c78                HAL_CAN_MspInit
 .text.MX_CRC_Init
                0x08000d14       0x20 ./build/Debug/.obj/Core/Src/crc.o
                0x08000d14                MX_CRC_Init
 .text.HAL_CRC_MspInit
                0x08000d34       0x30 ./build/Debug/.obj/Core/Src/crc.o
                0x08000d34                HAL_CRC_MspInit
 .text.MX_DMA_Init
                0x08000d64       0x84 ./build/Debug/.obj/Core/Src/dma.o
                0x08000d64                MX_DMA_Init
 .text.getRunTimeCounterValue
                0x08000de8       0x34 ./build/Debug/.obj/Core/Src/freertos.o
                0x08000de8                getRunTimeCounterValue
 .text.MX_GPIO_Init
                0x08000e1c      0x258 ./build/Debug/.obj/Core/Src/gpio.o
                0x08000e1c                MX_GPIO_Init
 .text.MX_I2C3_Init
                0x08001074       0x3c ./build/Debug/.obj/Core/Src/i2c.o
                0x08001074                MX_I2C3_Init
 .text.HAL_I2C_MspInit
                0x080010b0       0xc0 ./build/Debug/.obj/Core/Src/i2c.o
                0x080010b0                HAL_I2C_MspInit
 .text.HAL_TIM_PeriodElapsedCallback
                0x08001170       0x18 ./build/Debug/.obj/Core/Src/main.o
                0x08001170                HAL_TIM_PeriodElapsedCallback
 .text.Error_Handler
                0x08001188        0x4 ./build/Debug/.obj/Core/Src/main.o
                0x08001188                Error_Handler
 .text.SystemClock_Config
                0x0800118c       0xa8 ./build/Debug/.obj/Core/Src/main.o
                0x0800118c                SystemClock_Config
 .text.main     0x08001234       0x36 ./build/Debug/.obj/Core/Src/main.o
                0x08001234                main
 .text.assert_failed
                0x0800126a        0x2 ./build/Debug/.obj/Core/Src/main.o
                0x0800126a                assert_failed
 .text.MX_SPI1_Init
                0x0800126c       0x48 ./build/Debug/.obj/Core/Src/spi.o
                0x0800126c                MX_SPI1_Init
 .text.HAL_SPI_MspInit
                0x080012b4      0x11c ./build/Debug/.obj/Core/Src/spi.o
                0x080012b4                HAL_SPI_MspInit
 .text.HAL_MspInit
                0x080013d0       0x44 ./build/Debug/.obj/Core/Src/stm32f4xx_hal_msp.o
                0x080013d0                HAL_MspInit
 .text.TimeBase_TIM_PeriodElapsedCallback
                0x08001414        0x8 ./build/Debug/.obj/Core/Src/stm32f4xx_hal_timebase_tim.o
                0x08001414                TimeBase_TIM_PeriodElapsedCallback
 .text.HAL_InitTick
                0x0800141c       0xb4 ./build/Debug/.obj/Core/Src/stm32f4xx_hal_timebase_tim.o
                0x0800141c                HAL_InitTick
 .text.NMI_Handler
                0x080014d0        0x2 ./build/Debug/.obj/Core/Src/stm32f4xx_it.o
                0x080014d0                NMI_Handler
 .text.HardFault_Handler
                0x080014d2        0x2 ./build/Debug/.obj/Core/Src/stm32f4xx_it.o
                0x080014d2                HardFault_Handler
 .text.MemManage_Handler
                0x080014d4        0x2 ./build/Debug/.obj/Core/Src/stm32f4xx_it.o
                0x080014d4                MemManage_Handler
 .text.BusFault_Handler
                0x080014d6        0x2 ./build/Debug/.obj/Core/Src/stm32f4xx_it.o
                0x080014d6                BusFault_Handler
 .text.UsageFault_Handler
                0x080014d8        0x2 ./build/Debug/.obj/Core/Src/stm32f4xx_it.o
                0x080014d8                UsageFault_Handler
 .text.DebugMon_Handler
                0x080014da        0x2 ./build/Debug/.obj/Core/Src/stm32f4xx_it.o
                0x080014da                DebugMon_Handler
 .text.EXTI3_IRQHandler
                0x080014dc        0xa ./build/Debug/.obj/Core/Src/stm32f4xx_it.o
                0x080014dc                EXTI3_IRQHandler
 .text.EXTI4_IRQHandler
                0x080014e6        0xa ./build/Debug/.obj/Core/Src/stm32f4xx_it.o
                0x080014e6                EXTI4_IRQHandler
 .text.CAN1_TX_IRQHandler
                0x080014f0       0x10 ./build/Debug/.obj/Core/Src/stm32f4xx_it.o
                0x080014f0                CAN1_TX_IRQHandler
 .text.CAN1_RX0_IRQHandler
                0x08001500       0x10 ./build/Debug/.obj/Core/Src/stm32f4xx_it.o
                0x08001500                CAN1_RX0_IRQHandler
 .text.CAN1_SCE_IRQHandler
                0x08001510       0x10 ./build/Debug/.obj/Core/Src/stm32f4xx_it.o
                0x08001510                CAN1_SCE_IRQHandler
 .text.EXTI9_5_IRQHandler
                0x08001520        0xa ./build/Debug/.obj/Core/Src/stm32f4xx_it.o
                0x08001520                EXTI9_5_IRQHandler
 *fill*         0x0800152a        0x2 
 .text.USART1_IRQHandler
                0x0800152c       0x10 ./build/Debug/.obj/Core/Src/stm32f4xx_it.o
                0x0800152c                USART1_IRQHandler
 .text.TIM6_DAC_IRQHandler
                0x0800153c       0x10 ./build/Debug/.obj/Core/Src/stm32f4xx_it.o
                0x0800153c                TIM6_DAC_IRQHandler
 .text.DMA2_Stream0_IRQHandler
                0x0800154c       0x10 ./build/Debug/.obj/Core/Src/stm32f4xx_it.o
                0x0800154c                DMA2_Stream0_IRQHandler
 .text.DMA2_Stream1_IRQHandler
                0x0800155c       0x10 ./build/Debug/.obj/Core/Src/stm32f4xx_it.o
                0x0800155c                DMA2_Stream1_IRQHandler
 .text.DMA2_Stream2_IRQHandler
                0x0800156c       0x10 ./build/Debug/.obj/Core/Src/stm32f4xx_it.o
                0x0800156c                DMA2_Stream2_IRQHandler
 .text.DMA2_Stream3_IRQHandler
                0x0800157c       0x10 ./build/Debug/.obj/Core/Src/stm32f4xx_it.o
                0x0800157c                DMA2_Stream3_IRQHandler
 .text.DMA2_Stream6_IRQHandler
                0x0800158c       0x10 ./build/Debug/.obj/Core/Src/stm32f4xx_it.o
                0x0800158c                DMA2_Stream6_IRQHandler
 .text.DMA2_Stream7_IRQHandler
                0x0800159c       0x10 ./build/Debug/.obj/Core/Src/stm32f4xx_it.o
                0x0800159c                DMA2_Stream7_IRQHandler
 .text.USART6_IRQHandler
                0x080015ac       0x10 ./build/Debug/.obj/Core/Src/stm32f4xx_it.o
                0x080015ac                USART6_IRQHandler
 .text.I2C3_EV_IRQHandler
                0x080015bc       0x10 ./build/Debug/.obj/Core/Src/stm32f4xx_it.o
                0x080015bc                I2C3_EV_IRQHandler
 .text.I2C3_ER_IRQHandler
                0x080015cc       0x10 ./build/Debug/.obj/Core/Src/stm32f4xx_it.o
                0x080015cc                I2C3_ER_IRQHandler
 .text._getpid  0x080015dc        0x4 ./build/Debug/.obj/Core/Src/syscalls.o
                0x080015dc                _getpid
 .text._kill    0x080015e0       0x10 ./build/Debug/.obj/Core/Src/syscalls.o
                0x080015e0                _kill
 .text._exit    0x080015f0        0xc ./build/Debug/.obj/Core/Src/syscalls.o
                0x080015f0                _exit
 .text._read    0x080015fc       0x20 ./build/Debug/.obj/Core/Src/syscalls.o
                0x080015fc                _read
 .text._write   0x0800161c       0x1c ./build/Debug/.obj/Core/Src/syscalls.o
                0x0800161c                _write
 .text._close   0x08001638        0x6 ./build/Debug/.obj/Core/Src/syscalls.o
                0x08001638                _close
 .text._fstat   0x0800163e        0xa ./build/Debug/.obj/Core/Src/syscalls.o
                0x0800163e                _fstat
 .text._isatty  0x08001648        0x4 ./build/Debug/.obj/Core/Src/syscalls.o
                0x08001648                _isatty
 .text._lseek   0x0800164c        0x4 ./build/Debug/.obj/Core/Src/syscalls.o
                0x0800164c                _lseek
 .text._sbrk    0x08001650       0x4c ./build/Debug/.obj/Core/Src/sysmem.o
                0x08001650                _sbrk
 .text.SystemInit
                0x0800169c       0x14 ./build/Debug/.obj/Core/Src/system_stm32f4xx.o
                0x0800169c                SystemInit
 .text.HAL_TIM_PWM_MspInit
                0x080016b0       0x30 ./build/Debug/.obj/Core/Src/tim.o
                0x080016b0                HAL_TIM_PWM_MspInit
 .text.HAL_TIM_MspPostInit
                0x080016e0       0x60 ./build/Debug/.obj/Core/Src/tim.o
                0x080016e0                HAL_TIM_MspPostInit
 .text.MX_TIM4_Init
                0x08001740       0x80 ./build/Debug/.obj/Core/Src/tim.o
                0x08001740                MX_TIM4_Init
 .text.MX_USART1_UART_Init
                0x080017c0       0x34 ./build/Debug/.obj/Core/Src/usart.o
                0x080017c0                MX_USART1_UART_Init
 .text.MX_USART6_UART_Init
                0x080017f4       0x34 ./build/Debug/.obj/Core/Src/usart.o
                0x080017f4                MX_USART6_UART_Init
 .text.HAL_UART_MspInit
                0x08001828      0x208 ./build/Debug/.obj/Core/Src/usart.o
                0x08001828                HAL_UART_MspInit
 .text.HAL_Init
                0x08001a30       0x34 ./build/Debug/.obj/Drivers/STM32F4xx_HAL_Driver/Src/stm32f4xx_hal.o
                0x08001a30                HAL_Init
 .text.HAL_IncTick
                0x08001a64       0x18 ./build/Debug/.obj/Drivers/STM32F4xx_HAL_Driver/Src/stm32f4xx_hal.o
                0x08001a64                HAL_IncTick
 .text.HAL_GetTick
                0x08001a7c        0xc ./build/Debug/.obj/Drivers/STM32F4xx_HAL_Driver/Src/stm32f4xx_hal.o
                0x08001a7c                HAL_GetTick
 .text.HAL_Delay
                0x08001a88       0x28 ./build/Debug/.obj/Drivers/STM32F4xx_HAL_Driver/Src/stm32f4xx_hal.o
                0x08001a88                HAL_Delay
 .text.HAL_CAN_TxMailbox0CompleteCallback
                0x08001ab0        0x2 ./build/Debug/.obj/Drivers/STM32F4xx_HAL_Driver/Src/stm32f4xx_hal_can.o
                0x08001ab0                HAL_CAN_TxMailbox0CompleteCallback
 .text.HAL_CAN_TxMailbox1CompleteCallback
                0x08001ab2        0x2 ./build/Debug/.obj/Drivers/STM32F4xx_HAL_Driver/Src/stm32f4xx_hal_can.o
                0x08001ab2                HAL_CAN_TxMailbox1CompleteCallback
 .text.HAL_CAN_TxMailbox2CompleteCallback
                0x08001ab4        0x2 ./build/Debug/.obj/Drivers/STM32F4xx_HAL_Driver/Src/stm32f4xx_hal_can.o
                0x08001ab4                HAL_CAN_TxMailbox2CompleteCallback
 .text.HAL_CAN_TxMailbox0AbortCallback
                0x08001ab6        0x2 ./build/Debug/.obj/Drivers/STM32F4xx_HAL_Driver/Src/stm32f4xx_hal_can.o
                0x08001ab6                HAL_CAN_TxMailbox0AbortCallback
 .text.HAL_CAN_TxMailbox1AbortCallback
                0x08001ab8        0x2 ./build/Debug/.obj/Drivers/STM32F4xx_HAL_Driver/Src/stm32f4xx_hal_can.o
                0x08001ab8                HAL_CAN_TxMailbox1AbortCallback
 .text.HAL_CAN_TxMailbox2AbortCallback
                0x08001aba        0x2 ./build/Debug/.obj/Drivers/STM32F4xx_HAL_Driver/Src/stm32f4xx_hal_can.o
                0x08001aba                HAL_CAN_TxMailbox2AbortCallback
 .text.HAL_CAN_RxFifo0MsgPendingCallback
                0x08001abc        0x2 ./build/Debug/.obj/Drivers/STM32F4xx_HAL_Driver/Src/stm32f4xx_hal_can.o
                0x08001abc                HAL_CAN_RxFifo0MsgPendingCallback
 .text.HAL_CAN_RxFifo0FullCallback
                0x08001abe        0x2 ./build/Debug/.obj/Drivers/STM32F4xx_HAL_Driver/Src/stm32f4xx_hal_can.o
                0x08001abe                HAL_CAN_RxFifo0FullCallback
 .text.HAL_CAN_RxFifo1MsgPendingCallback
                0x08001ac0        0x2 ./build/Debug/.obj/Drivers/STM32F4xx_HAL_Driver/Src/stm32f4xx_hal_can.o
                0x08001ac0                HAL_CAN_RxFifo1MsgPendingCallback
 .text.HAL_CAN_RxFifo1FullCallback
                0x08001ac2        0x2 ./build/Debug/.obj/Drivers/STM32F4xx_HAL_Driver/Src/stm32f4xx_hal_can.o
                0x08001ac2                HAL_CAN_RxFifo1FullCallback
 .text.HAL_CAN_SleepCallback
                0x08001ac4        0x2 ./build/Debug/.obj/Drivers/STM32F4xx_HAL_Driver/Src/stm32f4xx_hal_can.o
                0x08001ac4                HAL_CAN_SleepCallback
 .text.HAL_CAN_WakeUpFromRxMsgCallback
                0x08001ac6        0x2 ./build/Debug/.obj/Drivers/STM32F4xx_HAL_Driver/Src/stm32f4xx_hal_can.o
                0x08001ac6                HAL_CAN_WakeUpFromRxMsgCallback
 .text.HAL_CAN_ErrorCallback
                0x08001ac8        0x2 ./build/Debug/.obj/Drivers/STM32F4xx_HAL_Driver/Src/stm32f4xx_hal_can.o
                0x08001ac8                HAL_CAN_ErrorCallback
 *fill*         0x08001aca        0x2 
 .text.HAL_CAN_Init
                0x08001acc      0x364 ./build/Debug/.obj/Drivers/STM32F4xx_HAL_Driver/Src/stm32f4xx_hal_can.o
                0x08001acc                HAL_CAN_Init
 .text.HAL_CAN_IRQHandler
                0x08001e30      0x22e ./build/Debug/.obj/Drivers/STM32F4xx_HAL_Driver/Src/stm32f4xx_hal_can.o
                0x08001e30                HAL_CAN_IRQHandler
 *fill*         0x0800205e        0x2 
 .text.__NVIC_EnableIRQ
                0x08002060       0x1c ./build/Debug/.obj/Drivers/STM32F4xx_HAL_Driver/Src/stm32f4xx_hal_cortex.o
 .text.__NVIC_SetPriority
                0x0800207c       0x28 ./build/Debug/.obj/Drivers/STM32F4xx_HAL_Driver/Src/stm32f4xx_hal_cortex.o
 .text.NVIC_EncodePriority
                0x080020a4       0x46 ./build/Debug/.obj/Drivers/STM32F4xx_HAL_Driver/Src/stm32f4xx_hal_cortex.o
 *fill*         0x080020ea        0x2 
 .text.HAL_NVIC_SetPriorityGrouping
                0x080020ec       0x3c ./build/Debug/.obj/Drivers/STM32F4xx_HAL_Driver/Src/stm32f4xx_hal_cortex.o
                0x080020ec                HAL_NVIC_SetPriorityGrouping
 .text.HAL_NVIC_SetPriority
                0x08002128       0x48 ./build/Debug/.obj/Drivers/STM32F4xx_HAL_Driver/Src/stm32f4xx_hal_cortex.o
                0x08002128                HAL_NVIC_SetPriority
 .text.HAL_NVIC_EnableIRQ
                0x08002170       0x20 ./build/Debug/.obj/Drivers/STM32F4xx_HAL_Driver/Src/stm32f4xx_hal_cortex.o
                0x08002170                HAL_NVIC_EnableIRQ
 .text.HAL_CRC_Init
                0x08002190       0x38 ./build/Debug/.obj/Drivers/STM32F4xx_HAL_Driver/Src/stm32f4xx_hal_crc.o
                0x08002190                HAL_CRC_Init
 .text.DMA_CalcBaseAndBitshift
                0x080021c8       0x38 ./build/Debug/.obj/Drivers/STM32F4xx_HAL_Driver/Src/stm32f4xx_hal_dma.o
 .text.DMA_CheckFifoParam
                0x08002200       0x9a ./build/Debug/.obj/Drivers/STM32F4xx_HAL_Driver/Src/stm32f4xx_hal_dma.o
 *fill*         0x0800229a        0x2 
 .text.HAL_DMA_Init
                0x0800229c      0x294 ./build/Debug/.obj/Drivers/STM32F4xx_HAL_Driver/Src/stm32f4xx_hal_dma.o
                0x0800229c                HAL_DMA_Init
 .text.HAL_DMA_Abort
                0x08002530       0x94 ./build/Debug/.obj/Drivers/STM32F4xx_HAL_Driver/Src/stm32f4xx_hal_dma.o
                0x08002530                HAL_DMA_Abort
 .text.HAL_DMA_Abort_IT
                0x080025c4       0x24 ./build/Debug/.obj/Drivers/STM32F4xx_HAL_Driver/Src/stm32f4xx_hal_dma.o
                0x080025c4                HAL_DMA_Abort_IT
 .text.HAL_DMA_IRQHandler
                0x080025e8      0x1dc ./build/Debug/.obj/Drivers/STM32F4xx_HAL_Driver/Src/stm32f4xx_hal_dma.o
                0x080025e8                HAL_DMA_IRQHandler
 .text.HAL_DMA_GetState
                0x080027c4        0x6 ./build/Debug/.obj/Drivers/STM32F4xx_HAL_Driver/Src/stm32f4xx_hal_dma.o
                0x080027c4                HAL_DMA_GetState
 *fill*         0x080027ca        0x2 
 .text.HAL_GPIO_Init
                0x080027cc      0x2f0 ./build/Debug/.obj/Drivers/STM32F4xx_HAL_Driver/Src/stm32f4xx_hal_gpio.o
                0x080027cc                HAL_GPIO_Init
 .text.HAL_GPIO_WritePin
                0x08002abc       0x38 ./build/Debug/.obj/Drivers/STM32F4xx_HAL_Driver/Src/stm32f4xx_hal_gpio.o
                0x08002abc                HAL_GPIO_WritePin
 .text.HAL_GPIO_EXTI_Callback
                0x08002af4        0x2 ./build/Debug/.obj/Drivers/STM32F4xx_HAL_Driver/Src/stm32f4xx_hal_gpio.o
                0x08002af4                HAL_GPIO_EXTI_Callback
 *fill*         0x08002af6        0x2 
 .text.HAL_GPIO_EXTI_IRQHandler
                0x08002af8       0x1c ./build/Debug/.obj/Drivers/STM32F4xx_HAL_Driver/Src/stm32f4xx_hal_gpio.o
                0x08002af8                HAL_GPIO_EXTI_IRQHandler
 .text.I2C_Flush_DR
                0x08002b14       0x10 ./build/Debug/.obj/Drivers/STM32F4xx_HAL_Driver/Src/stm32f4xx_hal_i2c.o
 .text.HAL_I2C_MasterTxCpltCallback
                0x08002b24        0x2 ./build/Debug/.obj/Drivers/STM32F4xx_HAL_Driver/Src/stm32f4xx_hal_i2c.o
                0x08002b24                HAL_I2C_MasterTxCpltCallback
 .text.HAL_I2C_MasterRxCpltCallback
                0x08002b26        0x2 ./build/Debug/.obj/Drivers/STM32F4xx_HAL_Driver/Src/stm32f4xx_hal_i2c.o
                0x08002b26                HAL_I2C_MasterRxCpltCallback
 .text.HAL_I2C_SlaveTxCpltCallback
                0x08002b28        0x2 ./build/Debug/.obj/Drivers/STM32F4xx_HAL_Driver/Src/stm32f4xx_hal_i2c.o
                0x08002b28                HAL_I2C_SlaveTxCpltCallback
 .text.HAL_I2C_SlaveRxCpltCallback
                0x08002b2a        0x2 ./build/Debug/.obj/Drivers/STM32F4xx_HAL_Driver/Src/stm32f4xx_hal_i2c.o
                0x08002b2a                HAL_I2C_SlaveRxCpltCallback
 .text.HAL_I2C_AddrCallback
                0x08002b2c        0x2 ./build/Debug/.obj/Drivers/STM32F4xx_HAL_Driver/Src/stm32f4xx_hal_i2c.o
                0x08002b2c                HAL_I2C_AddrCallback
 .text.HAL_I2C_ListenCpltCallback
                0x08002b2e        0x2 ./build/Debug/.obj/Drivers/STM32F4xx_HAL_Driver/Src/stm32f4xx_hal_i2c.o
                0x08002b2e                HAL_I2C_ListenCpltCallback
 .text.HAL_I2C_MemTxCpltCallback
                0x08002b30        0x2 ./build/Debug/.obj/Drivers/STM32F4xx_HAL_Driver/Src/stm32f4xx_hal_i2c.o
                0x08002b30                HAL_I2C_MemTxCpltCallback
 .text.HAL_I2C_MemRxCpltCallback
                0x08002b32        0x2 ./build/Debug/.obj/Drivers/STM32F4xx_HAL_Driver/Src/stm32f4xx_hal_i2c.o
                0x08002b32                HAL_I2C_MemRxCpltCallback
 .text.HAL_I2C_ErrorCallback
                0x08002b34        0x2 ./build/Debug/.obj/Drivers/STM32F4xx_HAL_Driver/Src/stm32f4xx_hal_i2c.o
                0x08002b34                HAL_I2C_ErrorCallback
 .text.HAL_I2C_AbortCpltCallback
                0x08002b36        0x2 ./build/Debug/.obj/Drivers/STM32F4xx_HAL_Driver/Src/stm32f4xx_hal_i2c.o
                0x08002b36                HAL_I2C_AbortCpltCallback
 .text.I2C_MasterTransmit_BTF
                0x08002b38       0x9a ./build/Debug/.obj/Drivers/STM32F4xx_HAL_Driver/Src/stm32f4xx_hal_i2c.o
 .text.I2C_MemoryTransmit_TXE_BTF
                0x08002bd2       0xc4 ./build/Debug/.obj/Drivers/STM32F4xx_HAL_Driver/Src/stm32f4xx_hal_i2c.o
 .text.I2C_MasterTransmit_TXE
                0x08002c96       0xd4 ./build/Debug/.obj/Drivers/STM32F4xx_HAL_Driver/Src/stm32f4xx_hal_i2c.o
 .text.I2C_MasterReceive_BTF
                0x08002d6a      0x134 ./build/Debug/.obj/Drivers/STM32F4xx_HAL_Driver/Src/stm32f4xx_hal_i2c.o
 .text.I2C_Master_SB
                0x08002e9e       0xa4 ./build/Debug/.obj/Drivers/STM32F4xx_HAL_Driver/Src/stm32f4xx_hal_i2c.o
 .text.I2C_Master_ADD10
                0x08002f42       0x2a ./build/Debug/.obj/Drivers/STM32F4xx_HAL_Driver/Src/stm32f4xx_hal_i2c.o
 .text.I2C_Master_ADDR
                0x08002f6c      0x202 ./build/Debug/.obj/Drivers/STM32F4xx_HAL_Driver/Src/stm32f4xx_hal_i2c.o
 .text.I2C_SlaveTransmit_TXE
                0x0800316e       0x4c ./build/Debug/.obj/Drivers/STM32F4xx_HAL_Driver/Src/stm32f4xx_hal_i2c.o
 .text.I2C_SlaveTransmit_BTF
                0x080031ba       0x20 ./build/Debug/.obj/Drivers/STM32F4xx_HAL_Driver/Src/stm32f4xx_hal_i2c.o
 .text.I2C_SlaveReceive_RXNE
                0x080031da       0x4c ./build/Debug/.obj/Drivers/STM32F4xx_HAL_Driver/Src/stm32f4xx_hal_i2c.o
 .text.I2C_SlaveReceive_BTF
                0x08003226       0x20 ./build/Debug/.obj/Drivers/STM32F4xx_HAL_Driver/Src/stm32f4xx_hal_i2c.o
 .text.I2C_Slave_ADDR
                0x08003246       0x5c ./build/Debug/.obj/Drivers/STM32F4xx_HAL_Driver/Src/stm32f4xx_hal_i2c.o
 *fill*         0x080032a2        0x2 
 .text.I2C_Slave_AF
                0x080032a4       0xa0 ./build/Debug/.obj/Drivers/STM32F4xx_HAL_Driver/Src/stm32f4xx_hal_i2c.o
 .text.I2C_DMAAbort
                0x08003344       0xe0 ./build/Debug/.obj/Drivers/STM32F4xx_HAL_Driver/Src/stm32f4xx_hal_i2c.o
 .text.I2C_WaitOnSTOPRequestThroughIT
                0x08003424       0x48 ./build/Debug/.obj/Drivers/STM32F4xx_HAL_Driver/Src/stm32f4xx_hal_i2c.o
 .text.I2C_MasterReceive_RXNE
                0x0800346c      0x102 ./build/Debug/.obj/Drivers/STM32F4xx_HAL_Driver/Src/stm32f4xx_hal_i2c.o
 .text.I2C_ConvertOtherXferOptions
                0x0800356e       0x1e ./build/Debug/.obj/Drivers/STM32F4xx_HAL_Driver/Src/stm32f4xx_hal_i2c.o
 .text.I2C_ITError
                0x0800358c      0x184 ./build/Debug/.obj/Drivers/STM32F4xx_HAL_Driver/Src/stm32f4xx_hal_i2c.o
 .text.I2C_Slave_STOPF
                0x08003710      0x188 ./build/Debug/.obj/Drivers/STM32F4xx_HAL_Driver/Src/stm32f4xx_hal_i2c.o
 .text.HAL_I2C_Init
                0x08003898      0x320 ./build/Debug/.obj/Drivers/STM32F4xx_HAL_Driver/Src/stm32f4xx_hal_i2c.o
                0x08003898                HAL_I2C_Init
 .text.HAL_I2C_EV_IRQHandler
                0x08003bb8      0x1b0 ./build/Debug/.obj/Drivers/STM32F4xx_HAL_Driver/Src/stm32f4xx_hal_i2c.o
                0x08003bb8                HAL_I2C_EV_IRQHandler
 .text.HAL_I2C_ER_IRQHandler
                0x08003d68       0xc2 ./build/Debug/.obj/Drivers/STM32F4xx_HAL_Driver/Src/stm32f4xx_hal_i2c.o
                0x08003d68                HAL_I2C_ER_IRQHandler
 *fill*         0x08003e2a        0x2 
 .text.HAL_RCC_OscConfig
                0x08003e2c      0x500 ./build/Debug/.obj/Drivers/STM32F4xx_HAL_Driver/Src/stm32f4xx_hal_rcc.o
                0x08003e2c                HAL_RCC_OscConfig
 .text.HAL_RCC_GetSysClockFreq
                0x0800432c       0xa8 ./build/Debug/.obj/Drivers/STM32F4xx_HAL_Driver/Src/stm32f4xx_hal_rcc.o
                0x0800432c                HAL_RCC_GetSysClockFreq
 .text.HAL_RCC_ClockConfig
                0x080043d4      0x21c ./build/Debug/.obj/Drivers/STM32F4xx_HAL_Driver/Src/stm32f4xx_hal_rcc.o
                0x080043d4                HAL_RCC_ClockConfig
 .text.HAL_RCC_GetHCLKFreq
                0x080045f0        0xc ./build/Debug/.obj/Drivers/STM32F4xx_HAL_Driver/Src/stm32f4xx_hal_rcc.o
                0x080045f0                HAL_RCC_GetHCLKFreq
 .text.HAL_RCC_GetPCLK1Freq
                0x080045fc       0x20 ./build/Debug/.obj/Drivers/STM32F4xx_HAL_Driver/Src/stm32f4xx_hal_rcc.o
                0x080045fc                HAL_RCC_GetPCLK1Freq
 .text.HAL_RCC_GetPCLK2Freq
                0x0800461c       0x20 ./build/Debug/.obj/Drivers/STM32F4xx_HAL_Driver/Src/stm32f4xx_hal_rcc.o
                0x0800461c                HAL_RCC_GetPCLK2Freq
 .text.HAL_RCC_GetClockConfig
                0x0800463c       0x3c ./build/Debug/.obj/Drivers/STM32F4xx_HAL_Driver/Src/stm32f4xx_hal_rcc.o
                0x0800463c                HAL_RCC_GetClockConfig
 .text.HAL_SPI_TxCpltCallback
                0x08004678        0x2 ./build/Debug/.obj/Drivers/STM32F4xx_HAL_Driver/Src/stm32f4xx_hal_spi.o
                0x08004678                HAL_SPI_TxCpltCallback
 .text.HAL_SPI_RxCpltCallback
                0x0800467a        0x2 ./build/Debug/.obj/Drivers/STM32F4xx_HAL_Driver/Src/stm32f4xx_hal_spi.o
                0x0800467a                HAL_SPI_RxCpltCallback
 .text.HAL_SPI_TxRxCpltCallback
                0x0800467c        0x2 ./build/Debug/.obj/Drivers/STM32F4xx_HAL_Driver/Src/stm32f4xx_hal_spi.o
                0x0800467c                HAL_SPI_TxRxCpltCallback
 .text.HAL_SPI_TxHalfCpltCallback
                0x0800467e        0x2 ./build/Debug/.obj/Drivers/STM32F4xx_HAL_Driver/Src/stm32f4xx_hal_spi.o
                0x0800467e                HAL_SPI_TxHalfCpltCallback
 .text.HAL_SPI_RxHalfCpltCallback
                0x08004680        0x2 ./build/Debug/.obj/Drivers/STM32F4xx_HAL_Driver/Src/stm32f4xx_hal_spi.o
                0x08004680                HAL_SPI_RxHalfCpltCallback
 .text.HAL_SPI_TxRxHalfCpltCallback
                0x08004682        0x2 ./build/Debug/.obj/Drivers/STM32F4xx_HAL_Driver/Src/stm32f4xx_hal_spi.o
                0x08004682                HAL_SPI_TxRxHalfCpltCallback
 .text.HAL_SPI_ErrorCallback
                0x08004684        0x2 ./build/Debug/.obj/Drivers/STM32F4xx_HAL_Driver/Src/stm32f4xx_hal_spi.o
                0x08004684                HAL_SPI_ErrorCallback
 .text.HAL_SPI_AbortCpltCallback
                0x08004686        0x2 ./build/Debug/.obj/Drivers/STM32F4xx_HAL_Driver/Src/stm32f4xx_hal_spi.o
                0x08004686                HAL_SPI_AbortCpltCallback
 .text.HAL_SPI_Init
                0x08004688      0x270 ./build/Debug/.obj/Drivers/STM32F4xx_HAL_Driver/Src/stm32f4xx_hal_spi.o
                0x08004688                HAL_SPI_Init
 .text.HAL_TIM_Base_MspInit
                0x080048f8        0x2 ./build/Debug/.obj/Drivers/STM32F4xx_HAL_Driver/Src/stm32f4xx_hal_tim.o
                0x080048f8                HAL_TIM_Base_MspInit
 .text.HAL_TIM_PeriodElapsedHalfCpltCallback
                0x080048fa        0x2 ./build/Debug/.obj/Drivers/STM32F4xx_HAL_Driver/Src/stm32f4xx_hal_tim.o
                0x080048fa                HAL_TIM_PeriodElapsedHalfCpltCallback
 .text.HAL_TIM_OC_DelayElapsedCallback
                0x080048fc        0x2 ./build/Debug/.obj/Drivers/STM32F4xx_HAL_Driver/Src/stm32f4xx_hal_tim.o
                0x080048fc                HAL_TIM_OC_DelayElapsedCallback
 .text.HAL_TIM_IC_CaptureCallback
                0x080048fe        0x2 ./build/Debug/.obj/Drivers/STM32F4xx_HAL_Driver/Src/stm32f4xx_hal_tim.o
                0x080048fe                HAL_TIM_IC_CaptureCallback
 .text.HAL_TIM_IC_CaptureHalfCpltCallback
                0x08004900        0x2 ./build/Debug/.obj/Drivers/STM32F4xx_HAL_Driver/Src/stm32f4xx_hal_tim.o
                0x08004900                HAL_TIM_IC_CaptureHalfCpltCallback
 .text.HAL_TIM_PWM_PulseFinishedCallback
                0x08004902        0x2 ./build/Debug/.obj/Drivers/STM32F4xx_HAL_Driver/Src/stm32f4xx_hal_tim.o
                0x08004902                HAL_TIM_PWM_PulseFinishedCallback
 .text.HAL_TIM_PWM_PulseFinishedHalfCpltCallback
                0x08004904        0x2 ./build/Debug/.obj/Drivers/STM32F4xx_HAL_Driver/Src/stm32f4xx_hal_tim.o
                0x08004904                HAL_TIM_PWM_PulseFinishedHalfCpltCallback
 .text.HAL_TIM_TriggerCallback
                0x08004906        0x2 ./build/Debug/.obj/Drivers/STM32F4xx_HAL_Driver/Src/stm32f4xx_hal_tim.o
                0x08004906                HAL_TIM_TriggerCallback
 .text.HAL_TIM_TriggerHalfCpltCallback
                0x08004908        0x2 ./build/Debug/.obj/Drivers/STM32F4xx_HAL_Driver/Src/stm32f4xx_hal_tim.o
                0x08004908                HAL_TIM_TriggerHalfCpltCallback
 .text.HAL_TIM_ErrorCallback
                0x0800490a        0x2 ./build/Debug/.obj/Drivers/STM32F4xx_HAL_Driver/Src/stm32f4xx_hal_tim.o
                0x0800490a                HAL_TIM_ErrorCallback
 .text.TIM_OC1_SetConfig
                0x0800490c       0xb4 ./build/Debug/.obj/Drivers/STM32F4xx_HAL_Driver/Src/stm32f4xx_hal_tim.o
 .text.TIM_OC3_SetConfig
                0x080049c0       0xbc ./build/Debug/.obj/Drivers/STM32F4xx_HAL_Driver/Src/stm32f4xx_hal_tim.o
 .text.TIM_OC4_SetConfig
                0x08004a7c       0x74 ./build/Debug/.obj/Drivers/STM32F4xx_HAL_Driver/Src/stm32f4xx_hal_tim.o
 .text.HAL_TIM_Base_Start_IT
                0x08004af0      0x104 ./build/Debug/.obj/Drivers/STM32F4xx_HAL_Driver/Src/stm32f4xx_hal_tim.o
                0x08004af0                HAL_TIM_Base_Start_IT
 .text.HAL_TIM_IRQHandler
                0x08004bf4      0x178 ./build/Debug/.obj/Drivers/STM32F4xx_HAL_Driver/Src/stm32f4xx_hal_tim.o
                0x08004bf4                HAL_TIM_IRQHandler
 .text.HAL_TIM_RegisterCallback
                0x08004d6c      0x23c ./build/Debug/.obj/Drivers/STM32F4xx_HAL_Driver/Src/stm32f4xx_hal_tim.o
                0x08004d6c                HAL_TIM_RegisterCallback
 .text.TIM_Base_SetConfig
                0x08004fa8       0xd0 ./build/Debug/.obj/Drivers/STM32F4xx_HAL_Driver/Src/stm32f4xx_hal_tim.o
                0x08004fa8                TIM_Base_SetConfig
 .text.TIM_OC2_SetConfig
                0x08005078       0xc0 ./build/Debug/.obj/Drivers/STM32F4xx_HAL_Driver/Src/stm32f4xx_hal_tim.o
                0x08005078                TIM_OC2_SetConfig
 .text.HAL_TIM_PWM_ConfigChannel
                0x08005138      0x270 ./build/Debug/.obj/Drivers/STM32F4xx_HAL_Driver/Src/stm32f4xx_hal_tim.o
                0x08005138                HAL_TIM_PWM_ConfigChannel
 .text.TIM_CCxChannelCmd
                0x080053a8       0xb0 ./build/Debug/.obj/Drivers/STM32F4xx_HAL_Driver/Src/stm32f4xx_hal_tim.o
                0x080053a8                TIM_CCxChannelCmd
 .text.HAL_TIM_PWM_Start
                0x08005458      0x1b0 ./build/Debug/.obj/Drivers/STM32F4xx_HAL_Driver/Src/stm32f4xx_hal_tim.o
                0x08005458                HAL_TIM_PWM_Start
 .text.TIM_ResetCallback
                0x08005608       0x84 ./build/Debug/.obj/Drivers/STM32F4xx_HAL_Driver/Src/stm32f4xx_hal_tim.o
                0x08005608                TIM_ResetCallback
 .text.HAL_TIM_Base_Init
                0x0800568c      0x17c ./build/Debug/.obj/Drivers/STM32F4xx_HAL_Driver/Src/stm32f4xx_hal_tim.o
                0x0800568c                HAL_TIM_Base_Init
 .text.HAL_TIM_PWM_Init
                0x08005808      0x17c ./build/Debug/.obj/Drivers/STM32F4xx_HAL_Driver/Src/stm32f4xx_hal_tim.o
                0x08005808                HAL_TIM_PWM_Init
 .text.HAL_TIMEx_MasterConfigSynchronization
                0x08005984      0x118 ./build/Debug/.obj/Drivers/STM32F4xx_HAL_Driver/Src/stm32f4xx_hal_tim_ex.o
                0x08005984                HAL_TIMEx_MasterConfigSynchronization
 .text.HAL_TIMEx_CommutCallback
                0x08005a9c        0x2 ./build/Debug/.obj/Drivers/STM32F4xx_HAL_Driver/Src/stm32f4xx_hal_tim_ex.o
                0x08005a9c                HAL_TIMEx_CommutCallback
 .text.HAL_TIMEx_CommutHalfCpltCallback
                0x08005a9e        0x2 ./build/Debug/.obj/Drivers/STM32F4xx_HAL_Driver/Src/stm32f4xx_hal_tim_ex.o
                0x08005a9e                HAL_TIMEx_CommutHalfCpltCallback
 .text.HAL_TIMEx_BreakCallback
                0x08005aa0        0x2 ./build/Debug/.obj/Drivers/STM32F4xx_HAL_Driver/Src/stm32f4xx_hal_tim_ex.o
                0x08005aa0                HAL_TIMEx_BreakCallback
 .text.HAL_UART_TxCpltCallback
                0x08005aa2        0x2 ./build/Debug/.obj/Drivers/STM32F4xx_HAL_Driver/Src/stm32f4xx_hal_uart.o
                0x08005aa2                HAL_UART_TxCpltCallback
 .text.HAL_UART_TxHalfCpltCallback
                0x08005aa4        0x2 ./build/Debug/.obj/Drivers/STM32F4xx_HAL_Driver/Src/stm32f4xx_hal_uart.o
                0x08005aa4                HAL_UART_TxHalfCpltCallback
 .text.HAL_UART_RxCpltCallback
                0x08005aa6        0x2 ./build/Debug/.obj/Drivers/STM32F4xx_HAL_Driver/Src/stm32f4xx_hal_uart.o
                0x08005aa6                HAL_UART_RxCpltCallback
 .text.HAL_UART_RxHalfCpltCallback
                0x08005aa8        0x2 ./build/Debug/.obj/Drivers/STM32F4xx_HAL_Driver/Src/stm32f4xx_hal_uart.o
                0x08005aa8                HAL_UART_RxHalfCpltCallback
 .text.HAL_UART_ErrorCallback
                0x08005aaa        0x2 ./build/Debug/.obj/Drivers/STM32F4xx_HAL_Driver/Src/stm32f4xx_hal_uart.o
                0x08005aaa                HAL_UART_ErrorCallback
 .text.HAL_UART_AbortCpltCallback
                0x08005aac        0x2 ./build/Debug/.obj/Drivers/STM32F4xx_HAL_Driver/Src/stm32f4xx_hal_uart.o
                0x08005aac                HAL_UART_AbortCpltCallback
 .text.HAL_UART_AbortTransmitCpltCallback
                0x08005aae        0x2 ./build/Debug/.obj/Drivers/STM32F4xx_HAL_Driver/Src/stm32f4xx_hal_uart.o
                0x08005aae                HAL_UART_AbortTransmitCpltCallback
 .text.HAL_UART_AbortReceiveCpltCallback
                0x08005ab0        0x2 ./build/Debug/.obj/Drivers/STM32F4xx_HAL_Driver/Src/stm32f4xx_hal_uart.o
                0x08005ab0                HAL_UART_AbortReceiveCpltCallback
 .text.HAL_UARTEx_RxEventCallback
                0x08005ab2        0x2 ./build/Debug/.obj/Drivers/STM32F4xx_HAL_Driver/Src/stm32f4xx_hal_uart.o
                0x08005ab2                HAL_UARTEx_RxEventCallback
 .text.UART_EndRxTransfer
                0x08005ab4       0x5c ./build/Debug/.obj/Drivers/STM32F4xx_HAL_Driver/Src/stm32f4xx_hal_uart.o
 .text.UART_DMAAbortOnError
                0x08005b10        0xe ./build/Debug/.obj/Drivers/STM32F4xx_HAL_Driver/Src/stm32f4xx_hal_uart.o
 .text.UART_Transmit_IT
                0x08005b1e       0x5e ./build/Debug/.obj/Drivers/STM32F4xx_HAL_Driver/Src/stm32f4xx_hal_uart.o
 .text.UART_EndTransmit_IT
                0x08005b7c       0x1a ./build/Debug/.obj/Drivers/STM32F4xx_HAL_Driver/Src/stm32f4xx_hal_uart.o
 .text.UART_Receive_IT
                0x08005b96       0xe0 ./build/Debug/.obj/Drivers/STM32F4xx_HAL_Driver/Src/stm32f4xx_hal_uart.o
 *fill*         0x08005c76        0x2 
 .text.UART_SetConfig
                0x08005c78      0x174 ./build/Debug/.obj/Drivers/STM32F4xx_HAL_Driver/Src/stm32f4xx_hal_uart.o
 .text.HAL_UART_IRQHandler
                0x08005dec      0x29c ./build/Debug/.obj/Drivers/STM32F4xx_HAL_Driver/Src/stm32f4xx_hal_uart.o
                0x08005dec                HAL_UART_IRQHandler
 .text.UART_InitCallbacksToDefault
                0x08006088       0x4c ./build/Debug/.obj/Drivers/STM32F4xx_HAL_Driver/Src/stm32f4xx_hal_uart.o
                0x08006088                UART_InitCallbacksToDefault
 .text.HAL_UART_Init
                0x080060d4      0x140 ./build/Debug/.obj/Drivers/STM32F4xx_HAL_Driver/Src/stm32f4xx_hal_uart.o
                0x080060d4                HAL_UART_Init
 .text.SysTick_Handler
                0x08006214       0x18 ./build/Debug/.obj/Middlewares/Third_Party/FreeRTOS/Source/CMSIS_RTOS_V2/cmsis_os2.o
                0x08006214                SysTick_Handler
 .text.vListInsertEnd
                0x0800622c       0x16 ./build/Debug/.obj/Middlewares/Third_Party/FreeRTOS/Source/list.o
                0x0800622c                vListInsertEnd
 .text.uxListRemove
                0x08006242       0x26 ./build/Debug/.obj/Middlewares/Third_Party/FreeRTOS/Source/list.o
                0x08006242                uxListRemove
 *fill*         0x08006268        0x8 
 .text.SVC_Handler
                0x08006270       0x24 ./build/Debug/.obj/Middlewares/Third_Party/FreeRTOS/Source/portable/GCC/ARM_CM4F/port.o
                0x08006270                SVC_Handler
 *fill*         0x08006294        0xc 
 .text.PendSV_Handler
                0x080062a0       0x64 ./build/Debug/.obj/Middlewares/Third_Party/FreeRTOS/Source/portable/GCC/ARM_CM4F/port.o
                0x080062a0                PendSV_Handler
 .text.xPortSysTickHandler
                0x08006304       0x2c ./build/Debug/.obj/Middlewares/Third_Party/FreeRTOS/Source/portable/GCC/ARM_CM4F/port.o
                0x08006304                xPortSysTickHandler
 .text.prvResetNextTaskUnblockTime
                0x08006330       0x2c ./build/Debug/.obj/Middlewares/Third_Party/FreeRTOS/Source/tasks.o
 .text.xTaskIncrementTick
                0x0800635c      0x124 ./build/Debug/.obj/Middlewares/Third_Party/FreeRTOS/Source/tasks.o
                0x0800635c                xTaskIncrementTick
 .text.vTaskSwitchContext
                0x08006480       0xc0 ./build/Debug/.obj/Middlewares/Third_Party/FreeRTOS/Source/tasks.o
                0x08006480                vTaskSwitchContext
 .text.xTaskGetSchedulerState
                0x08006540       0x20 ./build/Debug/.obj/Middlewares/Third_Party/FreeRTOS/Source/tasks.o
                0x08006540                xTaskGetSchedulerState
 .text.clamp_u32
                0x08006560       0x12 ./build/Debug/.obj/User/buzzer.o
 *fill*         0x08006572        0x2 
 .text.buzzer_mute
                0x08006574       0x10 ./build/Debug/.obj/User/buzzer.o
 .text.buzzer_set_tone
                0x08006584       0x70 ./build/Debug/.obj/User/buzzer.o
 .text.Buzzer_PlayHaruhiKage
                0x080065f4       0x50 ./build/Debug/.obj/User/buzzer.o
                0x080065f4                Buzzer_PlayHaruhiKage
 .text.Reset_Handler
                0x08006644       0x50 ./build/Debug/.obj/startup_stm32f407xx.o
                0x08006644                Reset_Handler
 .text.Default_Handler
                0x08006694        0x2 ./build/Debug/.obj/startup_stm32f407xx.o
                0x08006694                RTC_Alarm_IRQHandler
                0x08006694                HASH_RNG_IRQHandler
                0x08006694                EXTI2_IRQHandler
                0x08006694                TIM8_CC_IRQHandler
                0x08006694                TIM1_CC_IRQHandler
                0x08006694                DMA2_Stream5_IRQHandler
                0x08006694                DMA1_Stream5_IRQHandler
                0x08006694                PVD_IRQHandler
                0x08006694                SDIO_IRQHandler
                0x08006694                TAMP_STAMP_IRQHandler
                0x08006694                CAN2_RX1_IRQHandler
                0x08006694                TIM8_TRG_COM_TIM14_IRQHandler
                0x08006694                TIM1_UP_TIM10_IRQHandler
                0x08006694                TIM8_UP_TIM13_IRQHandler
                0x08006694                EXTI0_IRQHandler
                0x08006694                I2C2_EV_IRQHandler
                0x08006694                DMA1_Stream2_IRQHandler
                0x08006694                FPU_IRQHandler
                0x08006694                OTG_HS_WKUP_IRQHandler
                0x08006694                CAN2_SCE_IRQHandler
                0x08006694                SPI1_IRQHandler
                0x08006694                TIM1_BRK_TIM9_IRQHandler
                0x08006694                DCMI_IRQHandler
                0x08006694                CAN2_RX0_IRQHandler
                0x08006694                USART3_IRQHandler
                0x08006694                CAN1_RX1_IRQHandler
                0x08006694                UART5_IRQHandler
                0x08006694                TIM4_IRQHandler
                0x08006694                I2C1_EV_IRQHandler
                0x08006694                DMA1_Stream6_IRQHandler
                0x08006694                DMA1_Stream1_IRQHandler
                0x08006694                UART4_IRQHandler
                0x08006694                TIM3_IRQHandler
                0x08006694                RCC_IRQHandler
                0x08006694                TIM8_BRK_TIM12_IRQHandler
                0x08006694                Default_Handler
                0x08006694                EXTI15_10_IRQHandler
                0x08006694                ADC_IRQHandler
                0x08006694                DMA1_Stream7_IRQHandler
                0x08006694                TIM7_IRQHandler
                0x08006694                CAN2_TX_IRQHandler
                0x08006694                TIM5_IRQHandler
                0x08006694                RTC_WKUP_IRQHandler
                0x08006694                ETH_WKUP_IRQHandler
                0x08006694                SPI2_IRQHandler
                0x08006694                OTG_HS_EP1_IN_IRQHandler
                0x08006694                DMA1_Stream0_IRQHandler
                0x08006694                FSMC_IRQHandler
                0x08006694                ETH_IRQHandler
                0x08006694                OTG_HS_EP1_OUT_IRQHandler
                0x08006694                WWDG_IRQHandler
                0x08006694                TIM2_IRQHandler
                0x08006694                OTG_FS_WKUP_IRQHandler
                0x08006694                TIM1_TRG_COM_TIM11_IRQHandler
                0x08006694                OTG_HS_IRQHandler
                0x08006694                EXTI1_IRQHandler
                0x08006694                USART2_IRQHandler
                0x08006694                I2C2_ER_IRQHandler
                0x08006694                FLASH_IRQHandler
                0x08006694                DMA2_Stream4_IRQHandler
                0x08006694                OTG_FS_IRQHandler
                0x08006694                SPI3_IRQHandler
                0x08006694                DMA1_Stream4_IRQHandler
                0x08006694                I2C1_ER_IRQHandler
                0x08006694                DMA1_Stream3_IRQHandler
 *fill*         0x08006696        0x2 
 .text.__udivmoddi4
                0x08006698      0x320 C:/Users/HUANG Weiyi/.eide/tools/gcc_arm/bin/../lib/gcc/arm-none-eabi/15.2.1/thumb/v7e-m+fp/hard\libgcc.a(_udivmoddi4.o)
                0x08006698                __udivmoddi4
 .text.__cvt    0x080069b8       0xbe C:/Users/HUANG Weiyi/.eide/tools/gcc_arm/bin/../lib/gcc/arm-none-eabi/15.2.1/../../../../arm-none-eabi/lib/thumb/v7e-m+fp/hard\libc_nano.a(libc_a-nano-vfprintf_float.o)
                0x080069b8                __cvt
 .text.__exponent
                0x08006a76       0x76 C:/Users/HUANG Weiyi/.eide/tools/gcc_arm/bin/../lib/gcc/arm-none-eabi/15.2.1/../../../../arm-none-eabi/lib/thumb/v7e-m+fp/hard\libc_nano.a(libc_a-nano-vfprintf_float.o)
                0x08006a76                __exponent
 .text._printf_float
                0x08006aec      0x448 C:/Users/HUANG Weiyi/.eide/tools/gcc_arm/bin/../lib/gcc/arm-none-eabi/15.2.1/../../../../arm-none-eabi/lib/thumb/v7e-m+fp/hard\libc_nano.a(libc_a-nano-vfprintf_float.o)
                0x08006aec                _printf_float
 .text._printf_common
                0x08006f34       0xea C:/Users/HUANG Weiyi/.eide/tools/gcc_arm/bin/../lib/gcc/arm-none-eabi/15.2.1/../../../../arm-none-eabi/lib/thumb/v7e-m+fp/hard\libc_nano.a(libc_a-nano-vfprintf_i.o)
                0x08006f34                _printf_common
 *fill*         0x0800701e        0x2 
 .text._printf_i
                0x08007020      0x254 C:/Users/HUANG Weiyi/.eide/tools/gcc_arm/bin/../lib/gcc/arm-none-eabi/15.2.1/../../../../arm-none-eabi/lib/thumb/v7e-m+fp/hard\libc_nano.a(libc_a-nano-vfprintf_i.o)
                0x08007020                _printf_i
 .text.std      0x08007274       0x6c C:/Users/HUANG Weiyi/.eide/tools/gcc_arm/bin/../lib/gcc/arm-none-eabi/15.2.1/../../../../arm-none-eabi/lib/thumb/v7e-m+fp/hard\libc_nano.a(libc_a-findfp.o)
 .text.stdio_exit_handler
                0x080072e0       0x18 C:/Users/HUANG Weiyi/.eide/tools/gcc_arm/bin/../lib/gcc/arm-none-eabi/15.2.1/../../../../arm-none-eabi/lib/thumb/v7e-m+fp/hard\libc_nano.a(libc_a-findfp.o)
 .text.cleanup_stdio
                0x080072f8       0x40 C:/Users/HUANG Weiyi/.eide/tools/gcc_arm/bin/../lib/gcc/arm-none-eabi/15.2.1/../../../../arm-none-eabi/lib/thumb/v7e-m+fp/hard\libc_nano.a(libc_a-findfp.o)
 .text.global_stdio_init.part.0
                0x08007338       0x40 C:/Users/HUANG Weiyi/.eide/tools/gcc_arm/bin/../lib/gcc/arm-none-eabi/15.2.1/../../../../arm-none-eabi/lib/thumb/v7e-m+fp/hard\libc_nano.a(libc_a-findfp.o)
 .text.__sfp_lock_acquire
                0x08007378        0xc C:/Users/HUANG Weiyi/.eide/tools/gcc_arm/bin/../lib/gcc/arm-none-eabi/15.2.1/../../../../arm-none-eabi/lib/thumb/v7e-m+fp/hard\libc_nano.a(libc_a-findfp.o)
                0x08007378                __sfp_lock_acquire
 .text.__sfp_lock_release
                0x08007384        0xc C:/Users/HUANG Weiyi/.eide/tools/gcc_arm/bin/../lib/gcc/arm-none-eabi/15.2.1/../../../../arm-none-eabi/lib/thumb/v7e-m+fp/hard\libc_nano.a(libc_a-findfp.o)
                0x08007384                __sfp_lock_release
 .text.__sinit  0x08007390       0x30 C:/Users/HUANG Weiyi/.eide/tools/gcc_arm/bin/../lib/gcc/arm-none-eabi/15.2.1/../../../../arm-none-eabi/lib/thumb/v7e-m+fp/hard\libc_nano.a(libc_a-findfp.o)
                0x08007390                __sinit
 .text._fwalk_sglue
                0x080073c0       0x3a C:/Users/HUANG Weiyi/.eide/tools/gcc_arm/bin/../lib/gcc/arm-none-eabi/15.2.1/../../../../arm-none-eabi/lib/thumb/v7e-m+fp/hard\libc_nano.a(libc_a-fwalk.o)
                0x080073c0                _fwalk_sglue
 .text.__sread  0x080073fa       0x22 C:/Users/HUANG Weiyi/.eide/tools/gcc_arm/bin/../lib/gcc/arm-none-eabi/15.2.1/../../../../arm-none-eabi/lib/thumb/v7e-m+fp/hard\libc_nano.a(libc_a-stdio.o)
                0x080073fa                __sread
 .text.__swrite
                0x0800741c       0x38 C:/Users/HUANG Weiyi/.eide/tools/gcc_arm/bin/../lib/gcc/arm-none-eabi/15.2.1/../../../../arm-none-eabi/lib/thumb/v7e-m+fp/hard\libc_nano.a(libc_a-stdio.o)
                0x0800741c                __swrite
 .text.__sseek  0x08007454       0x26 C:/Users/HUANG Weiyi/.eide/tools/gcc_arm/bin/../lib/gcc/arm-none-eabi/15.2.1/../../../../arm-none-eabi/lib/thumb/v7e-m+fp/hard\libc_nano.a(libc_a-stdio.o)
                0x08007454                __sseek
 .text.__sclose
                0x0800747a        0x8 C:/Users/HUANG Weiyi/.eide/tools/gcc_arm/bin/../lib/gcc/arm-none-eabi/15.2.1/../../../../arm-none-eabi/lib/thumb/v7e-m+fp/hard\libc_nano.a(libc_a-stdio.o)
                0x0800747a                __sclose
 .text.memset   0x08007482       0x10 C:/Users/HUANG Weiyi/.eide/tools/gcc_arm/bin/../lib/gcc/arm-none-eabi/15.2.1/../../../../arm-none-eabi/lib/thumb/v7e-m+fp/hard\libc_nano.a(libc_a-memset.o)
                0x08007482                memset
 *fill*         0x08007492        0x2 
 .text._localeconv_r
                0x08007494        0x8 C:/Users/HUANG Weiyi/.eide/tools/gcc_arm/bin/../lib/gcc/arm-none-eabi/15.2.1/../../../../arm-none-eabi/lib/thumb/v7e-m+fp/hard\libc_nano.a(libc_a-localeconv.o)
                0x08007494                _localeconv_r
 .text._close_r
                0x0800749c       0x20 C:/Users/HUANG Weiyi/.eide/tools/gcc_arm/bin/../lib/gcc/arm-none-eabi/15.2.1/../../../../arm-none-eabi/lib/thumb/v7e-m+fp/hard\libc_nano.a(libc_a-closer.o)
                0x0800749c                _close_r
 .text._lseek_r
                0x080074bc       0x24 C:/Users/HUANG Weiyi/.eide/tools/gcc_arm/bin/../lib/gcc/arm-none-eabi/15.2.1/../../../../arm-none-eabi/lib/thumb/v7e-m+fp/hard\libc_nano.a(libc_a-lseekr.o)
                0x080074bc                _lseek_r
 .text._read_r  0x080074e0       0x24 C:/Users/HUANG Weiyi/.eide/tools/gcc_arm/bin/../lib/gcc/arm-none-eabi/15.2.1/../../../../arm-none-eabi/lib/thumb/v7e-m+fp/hard\libc_nano.a(libc_a-readr.o)
                0x080074e0                _read_r
 .text._write_r
                0x08007504       0x24 C:/Users/HUANG Weiyi/.eide/tools/gcc_arm/bin/../lib/gcc/arm-none-eabi/15.2.1/../../../../arm-none-eabi/lib/thumb/v7e-m+fp/hard\libc_nano.a(libc_a-writer.o)
                0x08007504                _write_r
 .text.__errno  0x08007528        0xc C:/Users/HUANG Weiyi/.eide/tools/gcc_arm/bin/../lib/gcc/arm-none-eabi/15.2.1/../../../../arm-none-eabi/lib/thumb/v7e-m+fp/hard\libc_nano.a(libc_a-errno.o)
                0x08007528                __errno
 .text.__libc_init_array
                0x08007534       0x48 C:/Users/HUANG Weiyi/.eide/tools/gcc_arm/bin/../lib/gcc/arm-none-eabi/15.2.1/../../../../arm-none-eabi/lib/thumb/v7e-m+fp/hard\libc_nano.a(libc_a-init.o)
                0x08007534                __libc_init_array
 .text.__retarget_lock_init_recursive
                0x0800757c        0x2 C:/Users/HUANG Weiyi/.eide/tools/gcc_arm/bin/../lib/gcc/arm-none-eabi/15.2.1/../../../../arm-none-eabi/lib/thumb/v7e-m+fp/hard\libc_nano.a(libc_a-lock.o)
                0x0800757c                __retarget_lock_init_recursive
 .text.__retarget_lock_acquire_recursive
                0x0800757e        0x2 C:/Users/HUANG Weiyi/.eide/tools/gcc_arm/bin/../lib/gcc/arm-none-eabi/15.2.1/../../../../arm-none-eabi/lib/thumb/v7e-m+fp/hard\libc_nano.a(libc_a-lock.o)
                0x0800757e                __retarget_lock_acquire_recursive
 .text.__retarget_lock_release_recursive
                0x08007580        0x2 C:/Users/HUANG Weiyi/.eide/tools/gcc_arm/bin/../lib/gcc/arm-none-eabi/15.2.1/../../../../arm-none-eabi/lib/thumb/v7e-m+fp/hard\libc_nano.a(libc_a-lock.o)
                0x08007580                __retarget_lock_release_recursive
 .text.memcpy   0x08007582       0x1c C:/Users/HUANG Weiyi/.eide/tools/gcc_arm/bin/../lib/gcc/arm-none-eabi/15.2.1/../../../../arm-none-eabi/lib/thumb/v7e-m+fp/hard\libc_nano.a(libc_a-memcpy-stub.o)
                0x08007582                memcpy
 .text.quorem   0x0800759e      0x110 C:/Users/HUANG Weiyi/.eide/tools/gcc_arm/bin/../lib/gcc/arm-none-eabi/15.2.1/../../../../arm-none-eabi/lib/thumb/v7e-m+fp/hard\libc_nano.a(libc_a-dtoa.o)
 *fill*         0x080076ae        0x2 
 .text._dtoa_r  0x080076b0      0xbac C:/Users/HUANG Weiyi/.eide/tools/gcc_arm/bin/../lib/gcc/arm-none-eabi/15.2.1/../../../../arm-none-eabi/lib/thumb/v7e-m+fp/hard\libc_nano.a(libc_a-dtoa.o)
                0x080076b0                _dtoa_r
 .text._free_r  0x0800825c       0x98 C:/Users/HUANG Weiyi/.eide/tools/gcc_arm/bin/../lib/gcc/arm-none-eabi/15.2.1/../../../../arm-none-eabi/lib/thumb/v7e-m+fp/hard\libc_nano.a(libc_a-freer.o)
                0x0800825c                _free_r
 .text.malloc   0x080082f4       0x10 C:/Users/HUANG Weiyi/.eide/tools/gcc_arm/bin/../lib/gcc/arm-none-eabi/15.2.1/../../../../arm-none-eabi/lib/thumb/v7e-m+fp/hard\libc_nano.a(libc_a-malloc.o)
                0x080082f4                malloc
 .text.sbrk_aligned
                0x08008304       0x44 C:/Users/HUANG Weiyi/.eide/tools/gcc_arm/bin/../lib/gcc/arm-none-eabi/15.2.1/../../../../arm-none-eabi/lib/thumb/v7e-m+fp/hard\libc_nano.a(libc_a-mallocr.o)
 .text._malloc_r
                0x08008348       0xf8 C:/Users/HUANG Weiyi/.eide/tools/gcc_arm/bin/../lib/gcc/arm-none-eabi/15.2.1/../../../../arm-none-eabi/lib/thumb/v7e-m+fp/hard\libc_nano.a(libc_a-mallocr.o)
                0x08008348                _malloc_r
 .text.__malloc_lock
                0x08008440        0xc C:/Users/HUANG Weiyi/.eide/tools/gcc_arm/bin/../lib/gcc/arm-none-eabi/15.2.1/../../../../arm-none-eabi/lib/thumb/v7e-m+fp/hard\libc_nano.a(libc_a-mlock.o)
                0x08008440                __malloc_lock
 .text.__malloc_unlock
                0x0800844c        0xc C:/Users/HUANG Weiyi/.eide/tools/gcc_arm/bin/../lib/gcc/arm-none-eabi/15.2.1/../../../../arm-none-eabi/lib/thumb/v7e-m+fp/hard\libc_nano.a(libc_a-mlock.o)
                0x0800844c                __malloc_unlock
 .text._Balloc  0x08008458       0x7c C:/Users/HUANG Weiyi/.eide/tools/gcc_arm/bin/../lib/gcc/arm-none-eabi/15.2.1/../../../../arm-none-eabi/lib/thumb/v7e-m+fp/hard\libc_nano.a(libc_a-mprec.o)
                0x08008458                _Balloc
 .text._Bfree   0x080084d4       0x44 C:/Users/HUANG Weiyi/.eide/tools/gcc_arm/bin/../lib/gcc/arm-none-eabi/15.2.1/../../../../arm-none-eabi/lib/thumb/v7e-m+fp/hard\libc_nano.a(libc_a-mprec.o)
                0x080084d4                _Bfree
 .text.__multadd
                0x08008518       0x8c C:/Users/HUANG Weiyi/.eide/tools/gcc_arm/bin/../lib/gcc/arm-none-eabi/15.2.1/../../../../arm-none-eabi/lib/thumb/v7e-m+fp/hard\libc_nano.a(libc_a-mprec.o)
                0x08008518                __multadd
 .text.__hi0bits
                0x080085a4       0x3c C:/Users/HUANG Weiyi/.eide/tools/gcc_arm/bin/../lib/gcc/arm-none-eabi/15.2.1/../../../../arm-none-eabi/lib/thumb/v7e-m+fp/hard\libc_nano.a(libc_a-mprec.o)
                0x080085a4                __hi0bits
 .text.__lo0bits
                0x080085e0       0x5c C:/Users/HUANG Weiyi/.eide/tools/gcc_arm/bin/../lib/gcc/arm-none-eabi/15.2.1/../../../../arm-none-eabi/lib/thumb/v7e-m+fp/hard\libc_nano.a(libc_a-mprec.o)
                0x080085e0                __lo0bits
 .text.__i2b    0x0800863c       0x2c C:/Users/HUANG Weiyi/.eide/tools/gcc_arm/bin/../lib/gcc/arm-none-eabi/15.2.1/../../../../arm-none-eabi/lib/thumb/v7e-m+fp/hard\libc_nano.a(libc_a-mprec.o)
                0x0800863c                __i2b
 .text.__multiply
                0x08008668      0x16c C:/Users/HUANG Weiyi/.eide/tools/gcc_arm/bin/../lib/gcc/arm-none-eabi/15.2.1/../../../../arm-none-eabi/lib/thumb/v7e-m+fp/hard\libc_nano.a(libc_a-mprec.o)
                0x08008668                __multiply
 .text.__pow5mult
                0x080087d4       0xb8 C:/Users/HUANG Weiyi/.eide/tools/gcc_arm/bin/../lib/gcc/arm-none-eabi/15.2.1/../../../../arm-none-eabi/lib/thumb/v7e-m+fp/hard\libc_nano.a(libc_a-mprec.o)
                0x080087d4                __pow5mult
 .text.__lshift
                0x0800888c       0xe4 C:/Users/HUANG Weiyi/.eide/tools/gcc_arm/bin/../lib/gcc/arm-none-eabi/15.2.1/../../../../arm-none-eabi/lib/thumb/v7e-m+fp/hard\libc_nano.a(libc_a-mprec.o)
                0x0800888c                __lshift
 .text.__mcmp   0x08008970       0x36 C:/Users/HUANG Weiyi/.eide/tools/gcc_arm/bin/../lib/gcc/arm-none-eabi/15.2.1/../../../../arm-none-eabi/lib/thumb/v7e-m+fp/hard\libc_nano.a(libc_a-mprec.o)
                0x08008970                __mcmp
 *fill*         0x080089a6        0x2 
 .text.__mdiff  0x080089a8      0x130 C:/Users/HUANG Weiyi/.eide/tools/gcc_arm/bin/../lib/gcc/arm-none-eabi/15.2.1/../../../../arm-none-eabi/lib/thumb/v7e-m+fp/hard\libc_nano.a(libc_a-mprec.o)
                0x080089a8                __mdiff
 .text.__d2b    0x08008ad8       0xb0 C:/Users/HUANG Weiyi/.eide/tools/gcc_arm/bin/../lib/gcc/arm-none-eabi/15.2.1/../../../../arm-none-eabi/lib/thumb/v7e-m+fp/hard\libc_nano.a(libc_a-mprec.o)
                0x08008ad8                __d2b
 .text.__sflush_r
                0x08008b88      0x100 C:/Users/HUANG Weiyi/.eide/tools/gcc_arm/bin/../lib/gcc/arm-none-eabi/15.2.1/../../../../arm-none-eabi/lib/thumb/v7e-m+fp/hard\libc_nano.a(libc_a-fflush.o)
                0x08008b88                __sflush_r
 .text._fflush_r
                0x08008c88       0x50 C:/Users/HUANG Weiyi/.eide/tools/gcc_arm/bin/../lib/gcc/arm-none-eabi/15.2.1/../../../../arm-none-eabi/lib/thumb/v7e-m+fp/hard\libc_nano.a(libc_a-fflush.o)
                0x08008c88                _fflush_r
 .text._sbrk_r  0x08008cd8       0x20 C:/Users/HUANG Weiyi/.eide/tools/gcc_arm/bin/../lib/gcc/arm-none-eabi/15.2.1/../../../../arm-none-eabi/lib/thumb/v7e-m+fp/hard\libc_nano.a(libc_a-sbrkr.o)
                0x08008cd8                _sbrk_r
 .text.__assert_func
                0x08008cf8       0x3c C:/Users/HUANG Weiyi/.eide/tools/gcc_arm/bin/../lib/gcc/arm-none-eabi/15.2.1/../../../../arm-none-eabi/lib/thumb/v7e-m+fp/hard\libc_nano.a(libc_a-assert.o)
                0x08008cf8                __assert_func
 .text._calloc_r
                0x08008d34       0x28 C:/Users/HUANG Weiyi/.eide/tools/gcc_arm/bin/../lib/gcc/arm-none-eabi/15.2.1/../../../../arm-none-eabi/lib/thumb/v7e-m+fp/hard\libc_nano.a(libc_a-callocr.o)
                0x08008d34                _calloc_r
 .text.__ascii_mbtowc
                0x08008d5c       0x24 C:/Users/HUANG Weiyi/.eide/tools/gcc_arm/bin/../lib/gcc/arm-none-eabi/15.2.1/../../../../arm-none-eabi/lib/thumb/v7e-m+fp/hard\libc_nano.a(libc_a-mbtowc_r.o)
                0x08008d5c                __ascii_mbtowc
 .text.__ascii_wctomb
                0x08008d80       0x1a C:/Users/HUANG Weiyi/.eide/tools/gcc_arm/bin/../lib/gcc/arm-none-eabi/15.2.1/../../../../arm-none-eabi/lib/thumb/v7e-m+fp/hard\libc_nano.a(libc_a-wctomb_r.o)
                0x08008d80                __ascii_wctomb
 *fill*         0x08008d9a        0x2 
 .text.fprintf  0x08008d9c       0x24 C:/Users/HUANG Weiyi/.eide/tools/gcc_arm/bin/../lib/gcc/arm-none-eabi/15.2.1/../../../../arm-none-eabi/lib/thumb/v7e-m+fp/hard\libc_nano.a(libc_a-fprintf.o)
                0x08008d9c                fiprintf
                0x08008d9c                fprintf
 .text.abort    0x08008dc0        0xe C:/Users/HUANG Weiyi/.eide/tools/gcc_arm/bin/../lib/gcc/arm-none-eabi/15.2.1/../../../../arm-none-eabi/lib/thumb/v7e-m+fp/hard\libc_nano.a(libc_a-abort.o)
                0x08008dc0                abort
 .text.__sfputc_r
                0x08008dce       0x2a C:/Users/HUANG Weiyi/.eide/tools/gcc_arm/bin/../lib/gcc/arm-none-eabi/15.2.1/../../../../arm-none-eabi/lib/thumb/v7e-m+fp/hard\libc_nano.a(libc_a-nano-vfprintf.o)
 .text.__sfputs_r
                0x08008df8       0x24 C:/Users/HUANG Weiyi/.eide/tools/gcc_arm/bin/../lib/gcc/arm-none-eabi/15.2.1/../../../../arm-none-eabi/lib/thumb/v7e-m+fp/hard\libc_nano.a(libc_a-nano-vfprintf.o)
                0x08008df8                __sfputs_r
 .text._vfprintf_r
                0x08008e1c      0x228 C:/Users/HUANG Weiyi/.eide/tools/gcc_arm/bin/../lib/gcc/arm-none-eabi/15.2.1/../../../../arm-none-eabi/lib/thumb/v7e-m+fp/hard\libc_nano.a(libc_a-nano-vfprintf.o)
                0x08008e1c                _vfprintf_r
                0x08008e1c                _vfiprintf_r
 .text.__swbuf_r
                0x08009044       0x7a C:/Users/HUANG Weiyi/.eide/tools/gcc_arm/bin/../lib/gcc/arm-none-eabi/15.2.1/../../../../arm-none-eabi/lib/thumb/v7e-m+fp/hard\libc_nano.a(libc_a-wbuf.o)
                0x08009044                __swbuf_r
 *fill*         0x080090be        0x2 
 .text.__swsetup_r
                0x080090c0       0xa8 C:/Users/HUANG Weiyi/.eide/tools/gcc_arm/bin/../lib/gcc/arm-none-eabi/15.2.1/../../../../arm-none-eabi/lib/thumb/v7e-m+fp/hard\libc_nano.a(libc_a-wsetup.o)
                0x080090c0                __swsetup_r
 .text._raise_r
                0x08009168       0x50 C:/Users/HUANG Weiyi/.eide/tools/gcc_arm/bin/../lib/gcc/arm-none-eabi/15.2.1/../../../../arm-none-eabi/lib/thumb/v7e-m+fp/hard\libc_nano.a(libc_a-signal.o)
                0x08009168                _raise_r
 .text.raise    0x080091b8       0x10 C:/Users/HUANG Weiyi/.eide/tools/gcc_arm/bin/../lib/gcc/arm-none-eabi/15.2.1/../../../../arm-none-eabi/lib/thumb/v7e-m+fp/hard\libc_nano.a(libc_a-signal.o)
                0x080091b8                raise
 .text._kill_r  0x080091c8       0x24 C:/Users/HUANG Weiyi/.eide/tools/gcc_arm/bin/../lib/gcc/arm-none-eabi/15.2.1/../../../../arm-none-eabi/lib/thumb/v7e-m+fp/hard\libc_nano.a(libc_a-signalr.o)
                0x080091c8                _kill_r
 .text._getpid_r
                0x080091ec        0x4 C:/Users/HUANG Weiyi/.eide/tools/gcc_arm/bin/../lib/gcc/arm-none-eabi/15.2.1/../../../../arm-none-eabi/lib/thumb/v7e-m+fp/hard\libc_nano.a(libc_a-signalr.o)
                0x080091ec                _getpid_r
 .text.__swhatbuf_r
                0x080091f0       0x48 C:/Users/HUANG Weiyi/.eide/tools/gcc_arm/bin/../lib/gcc/arm-none-eabi/15.2.1/../../../../arm-none-eabi/lib/thumb/v7e-m+fp/hard\libc_nano.a(libc_a-makebuf.o)
                0x080091f0                __swhatbuf_r
 .text.__smakebuf_r
                0x08009238       0x72 C:/Users/HUANG Weiyi/.eide/tools/gcc_arm/bin/../lib/gcc/arm-none-eabi/15.2.1/../../../../arm-none-eabi/lib/thumb/v7e-m+fp/hard\libc_nano.a(libc_a-makebuf.o)
                0x08009238                __smakebuf_r
 *fill*         0x080092aa        0x2 
 .text._fstat_r
                0x080092ac       0x24 C:/Users/HUANG Weiyi/.eide/tools/gcc_arm/bin/../lib/gcc/arm-none-eabi/15.2.1/../../../../arm-none-eabi/lib/thumb/v7e-m+fp/hard\libc_nano.a(libc_a-fstatr.o)
                0x080092ac                _fstat_r
 .text._isatty_r
                0x080092d0       0x20 C:/Users/HUANG Weiyi/.eide/tools/gcc_arm/bin/../lib/gcc/arm-none-eabi/15.2.1/../../../../arm-none-eabi/lib/thumb/v7e-m+fp/hard\libc_nano.a(libc_a-isattyr.o)
                0x080092d0                _isatty_r
 *(.glue_7)
 .glue_7        0x080092f0        0x0 linker stubs
 *(.glue_7t)
 .glue_7t       0x080092f0        0x0 linker stubs
 *(.eh_frame)
 .eh_frame      0x080092f0        0x0 C:/Users/HUANG Weiyi/.eide/tools/gcc_arm/bin/../lib/gcc/arm-none-eabi/15.2.1/thumb/v7e-m+fp/hard/crtbegin.o
 *(.init)
 .init          0x080092f0        0x4 C:/Users/HUANG Weiyi/.eide/tools/gcc_arm/bin/../lib/gcc/arm-none-eabi/15.2.1/thumb/v7e-m+fp/hard/crti.o
                0x080092f0                _init
 .init          0x080092f4        0x8 C:/Users/HUANG Weiyi/.eide/tools/gcc_arm/bin/../lib/gcc/arm-none-eabi/15.2.1/thumb/v7e-m+fp/hard/crtn.o
 *(.fini)
 .fini          0x080092fc        0x4 C:/Users/HUANG Weiyi/.eide/tools/gcc_arm/bin/../lib/gcc/arm-none-eabi/15.2.1/thumb/v7e-m+fp/hard/crti.o
                0x080092fc                _fini
 .fini          0x08009300        0x8 C:/Users/HUANG Weiyi/.eide/tools/gcc_arm/bin/../lib/gcc/arm-none-eabi/15.2.1/thumb/v7e-m+fp/hard/crtn.o
                0x08009308                        . = ALIGN (0x4)
                0x08009308                        _etext = .

.vfp11_veneer   0x08009308        0x0
 .vfp11_veneer  0x08009308        0x0 linker stubs

.v4_bx          0x08009308        0x0
 .v4_bx         0x08009308        0x0 linker stubs

.iplt           0x08009308        0x0
 .iplt          0x08009308        0x0 C:/Users/HUANG Weiyi/.eide/tools/gcc_arm/bin/../lib/gcc/arm-none-eabi/15.2.1/thumb/v7e-m+fp/hard/crtbegin.o

.rodata         0x08009308      0x62c
                0x08009308                        . = ALIGN (0x4)
 *(.rodata)
 *(.rodata*)
 .rodata.APBPrescTable
                0x08009308        0x8 ./build/Debug/.obj/Core/Src/system_stm32f4xx.o
                0x08009308                APBPrescTable
 .rodata.AHBPrescTable
                0x08009310       0x10 ./build/Debug/.obj/Core/Src/system_stm32f4xx.o
                0x08009310                AHBPrescTable
 .rodata.HAL_CAN_Init.str1.4
                0x08009320      0x270 ./build/Debug/.obj/Drivers/STM32F4xx_HAL_Driver/Src/stm32f4xx_hal_can.o
                                 0x37 (size before relaxing)
 .rodata.HAL_NVIC_SetPriorityGrouping.str1.4
                0x08009590        0x0 ./build/Debug/.obj/Drivers/STM32F4xx_HAL_Driver/Src/stm32f4xx_hal_cortex.o
                                 0x3a (size before relaxing)
 .rodata.HAL_CRC_Init.str1.4
                0x08009590        0x0 ./build/Debug/.obj/Drivers/STM32F4xx_HAL_Driver/Src/stm32f4xx_hal_crc.o
                                 0x37 (size before relaxing)
 .rodata.HAL_DMA_Init.str1.4
                0x08009590        0x0 ./build/Debug/.obj/Drivers/STM32F4xx_HAL_Driver/Src/stm32f4xx_hal_dma.o
                                 0x37 (size before relaxing)
 .rodata.flagBitshiftOffset.0
                0x08009590        0x8 ./build/Debug/.obj/Drivers/STM32F4xx_HAL_Driver/Src/stm32f4xx_hal_dma.o
 .rodata.HAL_GPIO_Init.str1.4
                0x08009598        0x0 ./build/Debug/.obj/Drivers/STM32F4xx_HAL_Driver/Src/stm32f4xx_hal_gpio.o
                                 0x38 (size before relaxing)
 .rodata.HAL_I2C_Init.str1.4
                0x08009598        0x0 ./build/Debug/.obj/Drivers/STM32F4xx_HAL_Driver/Src/stm32f4xx_hal_i2c.o
                                 0x37 (size before relaxing)
 .rodata.HAL_RCC_OscConfig.str1.4
                0x08009598        0x0 ./build/Debug/.obj/Drivers/STM32F4xx_HAL_Driver/Src/stm32f4xx_hal_rcc.o
                                 0x37 (size before relaxing)
 .rodata.HAL_SPI_Init.str1.4
                0x08009598        0x0 ./build/Debug/.obj/Drivers/STM32F4xx_HAL_Driver/Src/stm32f4xx_hal_spi.o
                                 0x37 (size before relaxing)
 .rodata.TIM_OC1_SetConfig.str1.4
                0x08009598        0x0 ./build/Debug/.obj/Drivers/STM32F4xx_HAL_Driver/Src/stm32f4xx_hal_tim.o
                                 0x37 (size before relaxing)
 .rodata.HAL_TIMEx_HallSensor_Init.str1.4
                0x08009598        0x0 ./build/Debug/.obj/Drivers/STM32F4xx_HAL_Driver/Src/stm32f4xx_hal_tim_ex.o
                                 0x3a (size before relaxing)
 .rodata.UART_SetConfig.str1.4
                0x08009598        0x0 ./build/Debug/.obj/Drivers/STM32F4xx_HAL_Driver/Src/stm32f4xx_hal_uart.o
                                 0x38 (size before relaxing)
 .rodata.s_haruhi_kage_notes
                0x08009598       0x20 ./build/Debug/.obj/User/buzzer.o
 .rodata._printf_float.str1.1
                0x080095b8      0x177 C:/Users/HUANG Weiyi/.eide/tools/gcc_arm/bin/../lib/gcc/arm-none-eabi/15.2.1/../../../../arm-none-eabi/lib/thumb/v7e-m+fp/hard\libc_nano.a(libc_a-nano-vfprintf_float.o)
                                 0x12 (size before relaxing)
 .rodata._printf_i.str1.1
                0x0800972f        0x0 C:/Users/HUANG Weiyi/.eide/tools/gcc_arm/bin/../lib/gcc/arm-none-eabi/15.2.1/../../../../arm-none-eabi/lib/thumb/v7e-m+fp/hard\libc_nano.a(libc_a-nano-vfprintf_i.o)
                                 0x22 (size before relaxing)
 .rodata._dtoa_r.str1.1
                0x0800972f        0x0 C:/Users/HUANG Weiyi/.eide/tools/gcc_arm/bin/../lib/gcc/arm-none-eabi/15.2.1/../../../../arm-none-eabi/lib/thumb/v7e-m+fp/hard\libc_nano.a(libc_a-dtoa.o)
                                 0x92 (size before relaxing)
 .rodata._Balloc.str1.1
                0x0800972f        0x0 C:/Users/HUANG Weiyi/.eide/tools/gcc_arm/bin/../lib/gcc/arm-none-eabi/15.2.1/../../../../arm-none-eabi/lib/thumb/v7e-m+fp/hard\libc_nano.a(libc_a-mprec.o)
                                 0x73 (size before relaxing)
 .rodata.__multadd.str1.1
                0x0800972f        0x0 C:/Users/HUANG Weiyi/.eide/tools/gcc_arm/bin/../lib/gcc/arm-none-eabi/15.2.1/../../../../arm-none-eabi/lib/thumb/v7e-m+fp/hard\libc_nano.a(libc_a-mprec.o)
                                 0x11 (size before relaxing)
 *fill*         0x0800972f        0x1 
 .rodata.p05.0  0x08009730        0xc C:/Users/HUANG Weiyi/.eide/tools/gcc_arm/bin/../lib/gcc/arm-none-eabi/15.2.1/../../../../arm-none-eabi/lib/thumb/v7e-m+fp/hard\libc_nano.a(libc_a-mprec.o)
 *fill*         0x0800973c        0x4 
 .rodata.__mprec_bigtens
                0x08009740       0x28 C:/Users/HUANG Weiyi/.eide/tools/gcc_arm/bin/../lib/gcc/arm-none-eabi/15.2.1/../../../../arm-none-eabi/lib/thumb/v7e-m+fp/hard\libc_nano.a(libc_a-mprec.o)
                0x08009740                __mprec_bigtens
 .rodata.__mprec_tens
                0x08009768       0xc8 C:/Users/HUANG Weiyi/.eide/tools/gcc_arm/bin/../lib/gcc/arm-none-eabi/15.2.1/../../../../arm-none-eabi/lib/thumb/v7e-m+fp/hard\libc_nano.a(libc_a-mprec.o)
                0x08009768                __mprec_tens
 .rodata._setlocale_r.str1.1
                0x08009830        0x0 C:/Users/HUANG Weiyi/.eide/tools/gcc_arm/bin/../lib/gcc/arm-none-eabi/15.2.1/../../../../arm-none-eabi/lib/thumb/v7e-m+fp/hard\libc_nano.a(libc_a-locale.o)
                                  0x9 (size before relaxing)
 .rodata.str1.1
                0x08009830        0x0 C:/Users/HUANG Weiyi/.eide/tools/gcc_arm/bin/../lib/gcc/arm-none-eabi/15.2.1/../../../../arm-none-eabi/lib/thumb/v7e-m+fp/hard\libc_nano.a(libc_a-locale.o)
                                  0x2 (size before relaxing)
 .rodata.__assert_func.str1.1
                0x08009830        0x0 C:/Users/HUANG Weiyi/.eide/tools/gcc_arm/bin/../lib/gcc/arm-none-eabi/15.2.1/../../../../arm-none-eabi/lib/thumb/v7e-m+fp/hard\libc_nano.a(libc_a-assert.o)
                                 0x3d (size before relaxing)
 .rodata._ctype_
                0x08009830      0x101 C:/Users/HUANG Weiyi/.eide/tools/gcc_arm/bin/../lib/gcc/arm-none-eabi/15.2.1/../../../../arm-none-eabi/lib/thumb/v7e-m+fp/hard\libc_nano.a(libc_a-ctype_.o)
                0x08009830                _ctype_
 .rodata._vfprintf_r.str1.1
                0x08009931        0x0 C:/Users/HUANG Weiyi/.eide/tools/gcc_arm/bin/../lib/gcc/arm-none-eabi/15.2.1/../../../../arm-none-eabi/lib/thumb/v7e-m+fp/hard\libc_nano.a(libc_a-nano-vfprintf.o)
                                 0x11 (size before relaxing)
                0x08009934                        . = ALIGN (0x4)
 *fill*         0x08009931        0x3 

.ARM.extab      0x08009934        0x0
                0x08009934                        . = ALIGN (0x4)
 *(.ARM.extab* .gnu.linkonce.armextab.*)
                0x08009934                        . = ALIGN (0x4)

.ARM            0x08009934        0x8
                0x08009934                        . = ALIGN (0x4)
                0x08009934                        __exidx_start = .
 *(.ARM.exidx*)
 .ARM.exidx     0x08009934        0x8 C:/Users/HUANG Weiyi/.eide/tools/gcc_arm/bin/../lib/gcc/arm-none-eabi/15.2.1/../../../../arm-none-eabi/lib/thumb/v7e-m+fp/hard\libc_nano.a(libc_a-memchr.o)
 .ARM.exidx     0x0800993c        0x0 C:/Users/HUANG Weiyi/.eide/tools/gcc_arm/bin/../lib/gcc/arm-none-eabi/15.2.1/../../../../arm-none-eabi/lib/thumb/v7e-m+fp/hard\libc_nano.a(libc_a-strlen.o)
                                  0x8 (size before relaxing)
 .ARM.exidx.text.__udivmoddi4
                0x0800993c        0x0 C:/Users/HUANG Weiyi/.eide/tools/gcc_arm/bin/../lib/gcc/arm-none-eabi/15.2.1/thumb/v7e-m+fp/hard\libgcc.a(_udivmoddi4.o)
                                  0x8 (size before relaxing)
                0x0800993c                        __exidx_end = .
                0x0800993c                        . = ALIGN (0x4)

.preinit_array  0x0800993c        0x0
                0x0800993c                        . = ALIGN (0x4)
                0x0800993c                        PROVIDE (__preinit_array_start = .)
 *(.preinit_array*)
                0x0800993c                        PROVIDE (__preinit_array_end = .)
                0x0800993c                        . = ALIGN (0x4)

.init_array     0x0800993c        0x4
                0x0800993c                        . = ALIGN (0x4)
                0x0800993c                        PROVIDE (__init_array_start = .)
 *(SORT_BY_NAME(.init_array.*))
 *(.init_array*)
 .init_array    0x0800993c        0x4 C:/Users/HUANG Weiyi/.eide/tools/gcc_arm/bin/../lib/gcc/arm-none-eabi/15.2.1/thumb/v7e-m+fp/hard/crtbegin.o
                0x08009940                        PROVIDE (__init_array_end = .)
                0x08009940                        . = ALIGN (0x4)

.fini_array     0x08009940        0x4
                0x08009940                        . = ALIGN (0x4)
                [!provide]                        PROVIDE (__fini_array_start = .)
 *(SORT_BY_NAME(.fini_array.*))
 *(.fini_array*)
 .fini_array    0x08009940        0x4 C:/Users/HUANG Weiyi/.eide/tools/gcc_arm/bin/../lib/gcc/arm-none-eabi/15.2.1/thumb/v7e-m+fp/hard/crtbegin.o
                [!provide]                        PROVIDE (__fini_array_end = .)
                0x08009944                        . = ALIGN (0x4)
                0x08009944                        _sidata = LOADADDR (.data)

.rel.dyn        0x08009944        0x0
 .rel.iplt      0x08009944        0x0 C:/Users/HUANG Weiyi/.eide/tools/gcc_arm/bin/../lib/gcc/arm-none-eabi/15.2.1/thumb/v7e-m+fp/hard/crtbegin.o

.data           0x20000000      0x1d4 load address 0x08009944
                0x20000000                        . = ALIGN (0x4)
                0x20000000                        _sdata = .
 *(.data)
 *(.data*)
 .data.SystemCoreClock
                0x20000000        0x4 ./build/Debug/.obj/Core/Src/system_stm32f4xx.o
                0x20000000                SystemCoreClock
 .data.uwTickFreq
                0x20000004        0x1 ./build/Debug/.obj/Drivers/STM32F4xx_HAL_Driver/Src/stm32f4xx_hal.o
                0x20000004                uwTickFreq
 *fill*         0x20000005        0x3 
 .data.uwTickPrio
                0x20000008        0x4 ./build/Debug/.obj/Drivers/STM32F4xx_HAL_Driver/Src/stm32f4xx_hal.o
                0x20000008                uwTickPrio
 .data.__sglue  0x2000000c        0xc C:/Users/HUANG Weiyi/.eide/tools/gcc_arm/bin/../lib/gcc/arm-none-eabi/15.2.1/../../../../arm-none-eabi/lib/thumb/v7e-m+fp/hard\libc_nano.a(libc_a-findfp.o)
                0x2000000c                __sglue
 .data._impure_ptr
                0x20000018        0x4 C:/Users/HUANG Weiyi/.eide/tools/gcc_arm/bin/../lib/gcc/arm-none-eabi/15.2.1/../../../../arm-none-eabi/lib/thumb/v7e-m+fp/hard\libc_nano.a(libc_a-impure.o)
                0x20000018                _impure_ptr
 .data._impure_data
                0x2000001c       0x4c C:/Users/HUANG Weiyi/.eide/tools/gcc_arm/bin/../lib/gcc/arm-none-eabi/15.2.1/../../../../arm-none-eabi/lib/thumb/v7e-m+fp/hard\libc_nano.a(libc_a-impure.o)
                0x2000001c                _impure_data
 .data.__global_locale
                0x20000068      0x16c C:/Users/HUANG Weiyi/.eide/tools/gcc_arm/bin/../lib/gcc/arm-none-eabi/15.2.1/../../../../arm-none-eabi/lib/thumb/v7e-m+fp/hard\libc_nano.a(libc_a-locale.o)
                0x20000068                __global_locale
 *(.RamFunc)
 *(.RamFunc*)
                0x200001d4                        . = ALIGN (0x4)
                0x200001d4                        _edata = .
                0x08009b18                        _siccmram = LOADADDR (.ccmram)

.tm_clone_table
                0x200001d4        0x0 load address 0x08009b18
 .tm_clone_table
                0x200001d4        0x0 C:/Users/HUANG Weiyi/.eide/tools/gcc_arm/bin/../lib/gcc/arm-none-eabi/15.2.1/thumb/v7e-m+fp/hard/crtbegin.o
 .tm_clone_table
                0x200001d4        0x0 C:/Users/HUANG Weiyi/.eide/tools/gcc_arm/bin/../lib/gcc/arm-none-eabi/15.2.1/thumb/v7e-m+fp/hard/crtend.o

.igot.plt       0x200001d4        0x0 load address 0x08009b18
 .igot.plt      0x200001d4        0x0 C:/Users/HUANG Weiyi/.eide/tools/gcc_arm/bin/../lib/gcc/arm-none-eabi/15.2.1/thumb/v7e-m+fp/hard/crtbegin.o

.ccmram         0x10000000        0x0 load address 0x08009b18
                0x10000000                        . = ALIGN (0x4)
                0x10000000                        _sccmram = .
 *(.ccmram)
 *(.ccmram*)
                0x10000000                        . = ALIGN (0x4)
                0x10000000                        _eccmram = .
                0x10000000                        . = ALIGN (0x4)

.bss            0x200001d4      0xc0c
                0x200001d4                        _sbss = .
                0x200001d4                        __bss_start__ = _sbss
 *(.bss)
 *(.bss*)
 .bss.completed.1
                0x200001d4        0x1 C:/Users/HUANG Weiyi/.eide/tools/gcc_arm/bin/../lib/gcc/arm-none-eabi/15.2.1/thumb/v7e-m+fp/hard/crtbegin.o
 *fill*         0x200001d5        0x3 
 .bss.object.0  0x200001d8       0x18 C:/Users/HUANG Weiyi/.eide/tools/gcc_arm/bin/../lib/gcc/arm-none-eabi/15.2.1/thumb/v7e-m+fp/hard/crtbegin.o
 .bss.hcan1     0x200001f0       0x64 ./build/Debug/.obj/Core/Src/can.o
                0x200001f0                hcan1
 .bss.hcrc      0x20000254        0x8 ./build/Debug/.obj/Core/Src/crc.o
                0x20000254                hcrc
 .bss.hi2c3     0x2000025c       0x84 ./build/Debug/.obj/Core/Src/i2c.o
                0x2000025c                hi2c3
 .bss.hdma_spi1_tx
                0x200002e0       0x60 ./build/Debug/.obj/Core/Src/spi.o
                0x200002e0                hdma_spi1_tx
 .bss.hdma_spi1_rx
                0x20000340       0x60 ./build/Debug/.obj/Core/Src/spi.o
                0x20000340                hdma_spi1_rx
 .bss.hspi1     0x200003a0       0x80 ./build/Debug/.obj/Core/Src/spi.o
                0x200003a0                hspi1
 .bss.htim6     0x20000420       0xb4 ./build/Debug/.obj/Core/Src/stm32f4xx_hal_timebase_tim.o
                0x20000420                htim6
 .bss.__sbrk_heap_end
                0x200004d4        0x4 ./build/Debug/.obj/Core/Src/sysmem.o
 .bss.htim4     0x200004d8       0xb4 ./build/Debug/.obj/Core/Src/tim.o
                0x200004d8                htim4
 .bss.hdma_usart6_rx
                0x2000058c       0x60 ./build/Debug/.obj/Core/Src/usart.o
                0x2000058c                hdma_usart6_rx
 .bss.hdma_usart6_tx
                0x200005ec       0x60 ./build/Debug/.obj/Core/Src/usart.o
                0x200005ec                hdma_usart6_tx
 .bss.hdma_usart1_tx
                0x2000064c       0x60 ./build/Debug/.obj/Core/Src/usart.o
                0x2000064c                hdma_usart1_tx
 .bss.hdma_usart1_rx
                0x200006ac       0x60 ./build/Debug/.obj/Core/Src/usart.o
                0x200006ac                hdma_usart1_rx
 .bss.huart6    0x2000070c       0x78 ./build/Debug/.obj/Core/Src/usart.o
                0x2000070c                huart6
 .bss.huart1    0x20000784       0x78 ./build/Debug/.obj/Core/Src/usart.o
                0x20000784                huart1
 .bss.uwTick    0x200007fc        0x4 ./build/Debug/.obj/Drivers/STM32F4xx_HAL_Driver/Src/stm32f4xx_hal.o
                0x200007fc                uwTick
 .bss.ulTotalRunTime
                0x20000800        0x4 ./build/Debug/.obj/Middlewares/Third_Party/FreeRTOS/Source/tasks.o
 .bss.ulTaskSwitchedInTime
                0x20000804        0x4 ./build/Debug/.obj/Middlewares/Third_Party/FreeRTOS/Source/tasks.o
 .bss.uxSchedulerSuspended
                0x20000808        0x4 ./build/Debug/.obj/Middlewares/Third_Party/FreeRTOS/Source/tasks.o
 .bss.xNextTaskUnblockTime
                0x2000080c        0x4 ./build/Debug/.obj/Middlewares/Third_Party/FreeRTOS/Source/tasks.o
 .bss.xNumOfOverflows
                0x20000810        0x4 ./build/Debug/.obj/Middlewares/Third_Party/FreeRTOS/Source/tasks.o
 .bss.xYieldPending
                0x20000814        0x4 ./build/Debug/.obj/Middlewares/Third_Party/FreeRTOS/Source/tasks.o
 .bss.xPendedTicks
                0x20000818        0x4 ./build/Debug/.obj/Middlewares/Third_Party/FreeRTOS/Source/tasks.o
 .bss.xSchedulerRunning
                0x2000081c        0x4 ./build/Debug/.obj/Middlewares/Third_Party/FreeRTOS/Source/tasks.o
 .bss.uxTopReadyPriority
                0x20000820        0x4 ./build/Debug/.obj/Middlewares/Third_Party/FreeRTOS/Source/tasks.o
 .bss.xTickCount
                0x20000824        0x4 ./build/Debug/.obj/Middlewares/Third_Party/FreeRTOS/Source/tasks.o
 .bss.pxOverflowDelayedTaskList
                0x20000828        0x4 ./build/Debug/.obj/Middlewares/Third_Party/FreeRTOS/Source/tasks.o
 .bss.pxDelayedTaskList
                0x2000082c        0x4 ./build/Debug/.obj/Middlewares/Third_Party/FreeRTOS/Source/tasks.o
 .bss.pxReadyTasksLists
                0x20000830      0x460 ./build/Debug/.obj/Middlewares/Third_Party/FreeRTOS/Source/tasks.o
 .bss.pxCurrentTCB
                0x20000c90        0x4 ./build/Debug/.obj/Middlewares/Third_Party/FreeRTOS/Source/tasks.o
                0x20000c90                pxCurrentTCB
 .bss.__sf      0x20000c94      0x138 C:/Users/HUANG Weiyi/.eide/tools/gcc_arm/bin/../lib/gcc/arm-none-eabi/15.2.1/../../../../arm-none-eabi/lib/thumb/v7e-m+fp/hard\libc_nano.a(libc_a-findfp.o)
                0x20000c94                __sf
 .bss.__stdio_exit_handler
                0x20000dcc        0x4 C:/Users/HUANG Weiyi/.eide/tools/gcc_arm/bin/../lib/gcc/arm-none-eabi/15.2.1/../../../../arm-none-eabi/lib/thumb/v7e-m+fp/hard\libc_nano.a(libc_a-findfp.o)
                0x20000dcc                __stdio_exit_handler
 .bss.errno     0x20000dd0        0x4 C:/Users/HUANG Weiyi/.eide/tools/gcc_arm/bin/../lib/gcc/arm-none-eabi/15.2.1/../../../../arm-none-eabi/lib/thumb/v7e-m+fp/hard\libc_nano.a(libc_a-reent.o)
                0x20000dd0                errno
 .bss.__lock___malloc_recursive_mutex
                0x20000dd4        0x1 C:/Users/HUANG Weiyi/.eide/tools/gcc_arm/bin/../lib/gcc/arm-none-eabi/15.2.1/../../../../arm-none-eabi/lib/thumb/v7e-m+fp/hard\libc_nano.a(libc_a-lock.o)
                0x20000dd4                __lock___malloc_recursive_mutex
 .bss.__lock___sfp_recursive_mutex
                0x20000dd5        0x1 C:/Users/HUANG Weiyi/.eide/tools/gcc_arm/bin/../lib/gcc/arm-none-eabi/15.2.1/../../../../arm-none-eabi/lib/thumb/v7e-m+fp/hard\libc_nano.a(libc_a-lock.o)
                0x20000dd5                __lock___sfp_recursive_mutex
 *fill*         0x20000dd6        0x2 
 .bss.__malloc_sbrk_start
                0x20000dd8        0x4 C:/Users/HUANG Weiyi/.eide/tools/gcc_arm/bin/../lib/gcc/arm-none-eabi/15.2.1/../../../../arm-none-eabi/lib/thumb/v7e-m+fp/hard\libc_nano.a(libc_a-mallocr.o)
                0x20000dd8                __malloc_sbrk_start
 .bss.__malloc_free_list
                0x20000ddc        0x4 C:/Users/HUANG Weiyi/.eide/tools/gcc_arm/bin/../lib/gcc/arm-none-eabi/15.2.1/../../../../arm-none-eabi/lib/thumb/v7e-m+fp/hard\libc_nano.a(libc_a-mallocr.o)
                0x20000ddc                __malloc_free_list
 *(COMMON)
                0x20000de0                        . = ALIGN (0x4)
                0x20000de0                        _ebss = .
                0x20000de0                        __bss_end__ = _ebss

._user_heap_stack
                0x20000de0      0x600
                0x20000de0                        . = ALIGN (0x8)
                [!provide]                        PROVIDE (end = .)
                0x20000de0                        PROVIDE (_end = .)
                0x20000fe0                        . = (. + _Min_Heap_Size)
 *fill*         0x20000de0      0x200 
                0x200013e0                        . = (. + _Min_Stack_Size)
 *fill*         0x20000fe0      0x400 
                0x200013e0                        . = ALIGN (0x8)

/DISCARD/
 libc.a(*)
 libm.a(*)
 libgcc.a(*)
OUTPUT(./build/Debug/Test.elf elf32-littlearm)
LOAD linker stubs
LOAD C:/Users/HUANG Weiyi/.eide/tools/gcc_arm/bin/../lib/gcc/arm-none-eabi/15.2.1/../../../../arm-none-eabi/lib/thumb/v7e-m+fp/hard\libc.a
LOAD C:/Users/HUANG Weiyi/.eide/tools/gcc_arm/bin/../lib/gcc/arm-none-eabi/15.2.1/../../../../arm-none-eabi/lib/thumb/v7e-m+fp/hard\libm.a
LOAD C:/Users/HUANG Weiyi/.eide/tools/gcc_arm/bin/../lib/gcc/arm-none-eabi/15.2.1/thumb/v7e-m+fp/hard\libgcc.a

.ARM.attributes
                0x00000000       0x30
 .ARM.attributes
                0x00000000       0x22 C:/Users/HUANG Weiyi/.eide/tools/gcc_arm/bin/../lib/gcc/arm-none-eabi/15.2.1/thumb/v7e-m+fp/hard/crti.o
 .ARM.attributes
                0x00000022       0x34 C:/Users/HUANG Weiyi/.eide/tools/gcc_arm/bin/../lib/gcc/arm-none-eabi/15.2.1/thumb/v7e-m+fp/hard/crtbegin.o
 .ARM.attributes
                0x00000056       0x34 ./build/Debug/.obj/Core/Src/can.o
 .ARM.attributes
                0x0000008a       0x34 ./build/Debug/.obj/Core/Src/crc.o
 .ARM.attributes
                0x000000be       0x34 ./build/Debug/.obj/Core/Src/dma.o
 .ARM.attributes
                0x000000f2       0x34 ./build/Debug/.obj/Core/Src/freertos.o
 .ARM.attributes
                0x00000126       0x34 ./build/Debug/.obj/Core/Src/gpio.o
 .ARM.attributes
                0x0000015a       0x34 ./build/Debug/.obj/Core/Src/i2c.o
 .ARM.attributes
                0x0000018e       0x34 ./build/Debug/.obj/Core/Src/main.o
 .ARM.attributes
                0x000001c2       0x34 ./build/Debug/.obj/Core/Src/spi.o
 .ARM.attributes
                0x000001f6       0x34 ./build/Debug/.obj/Core/Src/stm32f4xx_hal_msp.o
 .ARM.attributes
                0x0000022a       0x34 ./build/Debug/.obj/Core/Src/stm32f4xx_hal_timebase_tim.o
 .ARM.attributes
                0x0000025e       0x34 ./build/Debug/.obj/Core/Src/stm32f4xx_it.o
 .ARM.attributes
                0x00000292       0x34 ./build/Debug/.obj/Core/Src/syscalls.o
 .ARM.attributes
                0x000002c6       0x34 ./build/Debug/.obj/Core/Src/sysmem.o
 .ARM.attributes
                0x000002fa       0x34 ./build/Debug/.obj/Core/Src/system_stm32f4xx.o
 .ARM.attributes
                0x0000032e       0x34 ./build/Debug/.obj/Core/Src/tim.o
 .ARM.attributes
                0x00000362       0x34 ./build/Debug/.obj/Core/Src/usart.o
 .ARM.attributes
                0x00000396       0x34 ./build/Debug/.obj/Drivers/STM32F4xx_HAL_Driver/Src/stm32f4xx_hal.o
 .ARM.attributes
                0x000003ca       0x34 ./build/Debug/.obj/Drivers/STM32F4xx_HAL_Driver/Src/stm32f4xx_hal_can.o
 .ARM.attributes