Archive member included to satisfy reference by file (symbol)

D:/InstalledSoftwares/DevTools/STM32CubeCLT_1.20.0/GNU-tools-for-STM32/bin/../lib/gcc/arm-none-eabi/13.3.1/thumb/v7e-m+fp/hard\libgcc.a(_aeabi_uldivmod.o)
                              ./build/Debug/.obj/Drivers/STM32F4xx_HAL_Driver/Src/stm32f4xx_hal_rcc.o (__aeabi_uldivmod)
D:/InstalledSoftwares/DevTools/STM32CubeCLT_1.20.0/GNU-tools-for-STM32/bin/../lib/gcc/arm-none-eabi/13.3.1/thumb/v7e-m+fp/hard\libgcc.a(_udivmoddi4.o)
                              D:/InstalledSoftwares/DevTools/STM32CubeCLT_1.20.0/GNU-tools-for-STM32/bin/../lib/gcc/arm-none-eabi/13.3.1/thumb/v7e-m+fp/hard\libgcc.a(_aeabi_uldivmod.o) (__udivmoddi4)
D:/InstalledSoftwares/DevTools/STM32CubeCLT_1.20.0/GNU-tools-for-STM32/bin/../lib/gcc/arm-none-eabi/13.3.1/thumb/v7e-m+fp/hard\libgcc.a(_dvmd_tls.o)
                              D:/InstalledSoftwares/DevTools/STM32CubeCLT_1.20.0/GNU-tools-for-STM32/bin/../lib/gcc/arm-none-eabi/13.3.1/thumb/v7e-m+fp/hard\libgcc.a(_aeabi_uldivmod.o) (__aeabi_ldiv0)
D:/InstalledSoftwares/DevTools/STM32CubeCLT_1.20.0/GNU-tools-for-STM32/bin/../lib/gcc/arm-none-eabi/13.3.1/../../../../arm-none-eabi/lib/thumb/v7e-m+fp/hard\libc_nano.a(libc_a-exit.o)
                              D:/InstalledSoftwares/DevTools/STM32CubeCLT_1.20.0/GNU-tools-for-STM32/bin/../lib/gcc/arm-none-eabi/13.3.1/../../../../arm-none-eabi/lib/thumb/v7e-m+fp/hard/crt0.o (exit)
D:/InstalledSoftwares/DevTools/STM32CubeCLT_1.20.0/GNU-tools-for-STM32/bin/../lib/gcc/arm-none-eabi/13.3.1/../../../../arm-none-eabi/lib/thumb/v7e-m+fp/hard\libc_nano.a(libc_a-nano-vfprintf_float.o)
                              (_printf_float)
D:/InstalledSoftwares/DevTools/STM32CubeCLT_1.20.0/GNU-tools-for-STM32/bin/../lib/gcc/arm-none-eabi/13.3.1/../../../../arm-none-eabi/lib/thumb/v7e-m+fp/hard\libc_nano.a(libc_a-nano-vfprintf_i.o)
                              D:/InstalledSoftwares/DevTools/STM32CubeCLT_1.20.0/GNU-tools-for-STM32/bin/../lib/gcc/arm-none-eabi/13.3.1/../../../../arm-none-eabi/lib/thumb/v7e-m+fp/hard\libc_nano.a(libc_a-nano-vfprintf_float.o) (_printf_common)
D:/InstalledSoftwares/DevTools/STM32CubeCLT_1.20.0/GNU-tools-for-STM32/bin/../lib/gcc/arm-none-eabi/13.3.1/../../../../arm-none-eabi/lib/thumb/v7e-m+fp/hard\libc_nano.a(libc_a-findfp.o)
                              D:/InstalledSoftwares/DevTools/STM32CubeCLT_1.20.0/GNU-tools-for-STM32/bin/../lib/gcc/arm-none-eabi/13.3.1/../../../../arm-none-eabi/lib/thumb/v7e-m+fp/hard\libc_nano.a(libc_a-exit.o) (__stdio_exit_handler)
D:/InstalledSoftwares/DevTools/STM32CubeCLT_1.20.0/GNU-tools-for-STM32/bin/../lib/gcc/arm-none-eabi/13.3.1/../../../../arm-none-eabi/lib/thumb/v7e-m+fp/hard\libc_nano.a(libc_a-fwalk.o)
                              D:/InstalledSoftwares/DevTools/STM32CubeCLT_1.20.0/GNU-tools-for-STM32/bin/../lib/gcc/arm-none-eabi/13.3.1/../../../../arm-none-eabi/lib/thumb/v7e-m+fp/hard\libc_nano.a(libc_a-findfp.o) (_fwalk_sglue)
D:/InstalledSoftwares/DevTools/STM32CubeCLT_1.20.0/GNU-tools-for-STM32/bin/../lib/gcc/arm-none-eabi/13.3.1/../../../../arm-none-eabi/lib/thumb/v7e-m+fp/hard\libc_nano.a(libc_a-stdio.o)
                              D:/InstalledSoftwares/DevTools/STM32CubeCLT_1.20.0/GNU-tools-for-STM32/bin/../lib/gcc/arm-none-eabi/13.3.1/../../../../arm-none-eabi/lib/thumb/v7e-m+fp/hard\libc_nano.a(libc_a-findfp.o) (__sread)
D:/InstalledSoftwares/DevTools/STM32CubeCLT_1.20.0/GNU-tools-for-STM32/bin/../lib/gcc/arm-none-eabi/13.3.1/../../../../arm-none-eabi/lib/thumb/v7e-m+fp/hard\libc_nano.a(libc_a-memset.o)
                              D:/InstalledSoftwares/DevTools/STM32CubeCLT_1.20.0/GNU-tools-for-STM32/bin/../lib/gcc/arm-none-eabi/13.3.1/../../../../arm-none-eabi/lib/thumb/v7e-m+fp/hard/crt0.o (memset)
D:/InstalledSoftwares/DevTools/STM32CubeCLT_1.20.0/GNU-tools-for-STM32/bin/../lib/gcc/arm-none-eabi/13.3.1/../../../../arm-none-eabi/lib/thumb/v7e-m+fp/hard\libc_nano.a(libc_a-localeconv.o)
                              D:/InstalledSoftwares/DevTools/STM32CubeCLT_1.20.0/GNU-tools-for-STM32/bin/../lib/gcc/arm-none-eabi/13.3.1/../../../../arm-none-eabi/lib/thumb/v7e-m+fp/hard\libc_nano.a(libc_a-nano-vfprintf_float.o) (_localeconv_r)
D:/InstalledSoftwares/DevTools/STM32CubeCLT_1.20.0/GNU-tools-for-STM32/bin/../lib/gcc/arm-none-eabi/13.3.1/../../../../arm-none-eabi/lib/thumb/v7e-m+fp/hard\libc_nano.a(libc_a-closer.o)
                              D:/InstalledSoftwares/DevTools/STM32CubeCLT_1.20.0/GNU-tools-for-STM32/bin/../lib/gcc/arm-none-eabi/13.3.1/../../../../arm-none-eabi/lib/thumb/v7e-m+fp/hard\libc_nano.a(libc_a-stdio.o) (_close_r)
D:/InstalledSoftwares/DevTools/STM32CubeCLT_1.20.0/GNU-tools-for-STM32/bin/../lib/gcc/arm-none-eabi/13.3.1/../../../../arm-none-eabi/lib/thumb/v7e-m+fp/hard\libc_nano.a(libc_a-reent.o)
[...]
Memory Configuration

Name             Origin             Length             Attributes
RAM              0x20000000         0x00020000         xrw
CCMRAM           0x10000000         0x00010000         xrw
FLASH            0x08000000         0x00100000         xr
*default*        0x00000000         0xffffffff

Linker script and memory map

LOAD D:/InstalledSoftwares/DevTools/STM32CubeCLT_1.20.0/GNU-tools-for-STM32/bin/../lib/gcc/arm-none-eabi/13.3.1/thumb/v7e-m+fp/hard/crti.o
LOAD D:/InstalledSoftwares/DevTools/STM32CubeCLT_1.20.0/GNU-tools-for-STM32/bin/../lib/gcc/arm-none-eabi/13.3.1/thumb/v7e-m+fp/hard/crtbegin.o
LOAD D:/InstalledSoftwares/DevTools/STM32CubeCLT_1.20.0/GNU-tools-for-STM32/bin/../lib/gcc/arm-none-eabi/13.3.1/../../../../arm-none-eabi/lib/thumb/v7e-m+fp/hard/crt0.o
LOAD ./build/Debug/.obj/Core/Src/gpio.o
LOAD ./build/Debug/.obj/Core/Src/main.o
LOAD ./build/Debug/.obj/Core/Src/stm32f4xx_hal_msp.o
LOAD ./build/Debug/.obj/Core/Src/stm32f4xx_hal_timebase_tim.o
LOAD ./build/Debug/.obj/Core/Src/stm32f4xx_it.o
LOAD ./build/Debug/.obj/Core/Src/syscalls.o
LOAD ./build/Debug/.obj/Core/Src/sysmem.o
LOAD ./build/Debug/.obj/Core/Src/system_stm32f4xx.o
LOAD ./build/Debug/.obj/Core/Src/tim.o
LOAD ./build/Debug/.obj/Drivers/STM32F4xx_HAL_Driver/Src/stm32f4xx_hal.o
LOAD ./build/Debug/.obj/Drivers/STM32F4xx_HAL_Driver/Src/stm32f4xx_hal_cortex.o
LOAD ./build/Debug/.obj/Drivers/STM32F4xx_HAL_Driver/Src/stm32f4xx_hal_dma.o
LOAD ./build/Debug/.obj/Drivers/STM32F4xx_HAL_Driver/Src/stm32f4xx_hal_dma_ex.o
LOAD ./build/Debug/.obj/Drivers/STM32F4xx_HAL_Driver/Src/stm32f4xx_hal_exti.o
LOAD ./build/Debug/.obj/Drivers/STM32F4xx_HAL_Driver/Src/stm32f4xx_hal_flash.o
LOAD ./build/Debug/.obj/Drivers/STM32F4xx_HAL_Driver/Src/stm32f4xx_hal_flash_ex.o
LOAD ./build/Debug/.obj/Drivers/STM32F4xx_HAL_Driver/Src/stm32f4xx_hal_flash_ramfunc.o
LOAD ./build/Debug/.obj/Drivers/STM32F4xx_HAL_Driver/Src/stm32f4xx_hal_gpio.o
LOAD ./build/Debug/.obj/Drivers/STM32F4xx_HAL_Driver/Src/stm32f4xx_hal_pwr.o
LOAD ./build/Debug/.obj/Drivers/STM32F4xx_HAL_Driver/Src/stm32f4xx_hal_pwr_ex.o
LOAD ./build/Debug/.obj/Drivers/STM32F4xx_HAL_Driver/Src/stm32f4xx_hal_rcc.o
LOAD ./build/Debug/.obj/Drivers/STM32F4xx_HAL_Driver/Src/stm32f4xx_hal_rcc_ex.o
LOAD ./build/Debug/.obj/Drivers/STM32F4xx_HAL_Driver/Src/stm32f4xx_hal_tim.o
LOAD ./build/Debug/.obj/Drivers/STM32F4xx_HAL_Driver/Src/stm32f4xx_hal_tim_ex.o
LOAD ./build/Debug/.obj/User/buzzer.o
LOAD ./build/Debug/.obj/startup_stm32f407xx.o
LOAD D:/InstalledSoftwares/DevTools/STM32CubeCLT_1.20.0/GNU-tools-for-STM32/bin/../lib/gcc/arm-none-eabi/13.3.1/../../../../arm-none-eabi/lib/thumb/v7e-m+fp/hard\libm.a
START GROUP
LOAD D:/InstalledSoftwares/DevTools/STM32CubeCLT_1.20.0/GNU-tools-for-STM32/bin/../lib/gcc/arm-none-eabi/13.3.1/thumb/v7e-m+fp/hard\libgcc.a
LOAD D:/InstalledSoftwares/DevTools/STM32CubeCLT_1.20.0/GNU-tools-for-STM32/bin/../lib/gcc/arm-none-eabi/13.3.1/../../../../arm-none-eabi/lib/thumb/v7e-m+fp/hard\libc_nano.a
END GROUP
START GROUP
LOAD D:/InstalledSoftwares/DevTools/STM32CubeCLT_1.20.0/GNU-tools-for-STM32/bin/../lib/gcc/arm-none-eabi/13.3.1/thumb/v7e-m+fp/hard\libgcc.a
LOAD D:/InstalledSoftwares/DevTools/STM32CubeCLT_1.20.0/GNU-tools-for-STM32/bin/../lib/gcc/arm-none-eabi/13.3.1/../../../../arm-none-eabi/lib/thumb/v7e-m+fp/hard\libc_nano.a
LOAD D:/InstalledSoftwares/DevTools/STM32CubeCLT_1.20.0/GNU-tools-for-STM32/bin/../lib/gcc/arm-none-eabi/13.3.1/../../../../arm-none-eabi/lib/thumb/v7e-m+fp/hard\libnosys.a
END GROUP
START GROUP
LOAD D:/InstalledSoftwares/DevTools/STM32CubeCLT_1.20.0/GNU-tools-for-STM32/bin/../lib/gcc/arm-none-eabi/13.3.1/thumb/v7e-m+fp/hard\libgcc.a
LOAD D:/InstalledSoftwares/DevTools/STM32CubeCLT_1.20.0/GNU-tools-for-STM32/bin/../lib/gcc/arm-none-eabi/13.3.1/../../../../arm-none-eabi/lib/thumb/v7e-m+fp/hard\libc_nano.a
LOAD D:/InstalledSoftwares/DevTools/STM32CubeCLT_1.20.0/GNU-tools-for-STM32/bin/../lib/gcc/arm-none-eabi/13.3.1/../../../../arm-none-eabi/lib/thumb/v7e-m+fp/hard\libnosys.a
END GROUP
LOAD D:/InstalledSoftwares/DevTools/STM32CubeCLT_1.20.0/GNU-tools-for-STM32/bin/../lib/gcc/arm-none-eabi/13.3.1/thumb/v7e-m+fp/hard/crtend.o
LOAD D:/InstalledSoftwares/DevTools/STM32CubeCLT_1.20.0/GNU-tools-for-STM32/bin/../lib/gcc/arm-none-eabi/13.3.1/thumb/v7e-m+fp/hard/crtn.o
                0x20020000                        _estack = (ORIGIN (RAM) + LENGTH (RAM))
                0x2001fc00                        _sstack = (_estack - _Min_Stack_Size)
                0x00000200                        _Min_Heap_Size = 0x200
                0x00000400                        _Min_Stack_Size = 0x400

.isr_vector     0x08000000      0x188
                0x08000000                        . = ALIGN (0x4)
 *(.isr_vector)
 .isr_vector    0x08000000      0x188 ./build/Debug/.obj/startup_stm32f407xx.o
                0x08000000                g_pfnVectors
                0x08000188                        . = ALIGN (0x4)

.text           0x08000190     0x4f68
                0x08000190                        . = ALIGN (0x4)
 *(.text)
 .text          0x08000190       0x40 D:/InstalledSoftwares/DevTools/STM32CubeCLT_1.20.0/GNU-tools-for-STM32/bin/../lib/gcc/arm-none-eabi/13.3.1/thumb/v7e-m+fp/hard/crtbegin.o
 .text          0x080001d0       0x30 D:/InstalledSoftwares/DevTools/STM32CubeCLT_1.20.0/GNU-tools-for-STM32/bin/../lib/gcc/arm-none-eabi/13.3.1/thumb/v7e-m+fp/hard\libgcc.a(_aeabi_uldivmod.o)
                0x080001d0                __aeabi_uldivmod
 .text          0x08000200      0x2f8 D:/InstalledSoftwares/DevTools/STM32CubeCLT_1.20.0/GNU-tools-for-STM32/bin/../lib/gcc/arm-none-eabi/13.3.1/thumb/v7e-m+fp/hard\libgcc.a(_udivmoddi4.o)
                0x08000200                __udivmoddi4
 .text          0x080004f8        0x4 D:/InstalledSoftwares/DevTools/STM32CubeCLT_1.20.0/GNU-tools-for-STM32/bin/../lib/gcc/arm-none-eabi/13.3.1/thumb/v7e-m+fp/hard\libgcc.a(_dvmd_tls.o)
                0x080004f8                __aeabi_idiv0
                0x080004f8                __aeabi_ldiv0
 *fill*         0x080004fc        0x4 
 .text          0x08000500       0xa0 D:/InstalledSoftwares/DevTools/STM32CubeCLT_1.20.0/GNU-tools-for-STM32/bin/../lib/gcc/arm-none-eabi/13.3.1/../../../../arm-none-eabi/lib/thumb/v7e-m+fp/hard\libc_nano.a(libc_a-memchr.o)
                0x08000500                memchr
 .text          0x080005a0       0x10 D:/InstalledSoftwares/DevTools/STM32CubeCLT_1.20.0/GNU-tools-for-STM32/bin/../lib/gcc/arm-none-eabi/13.3.1/../../../../arm-none-eabi/lib/thumb/v7e-m+fp/hard\libc_nano.a(libc_a-strlen.o)
                0x080005a0                strlen
 .text          0x080005b0      0x378 D:/InstalledSoftwares/DevTools/STM32CubeCLT_1.20.0/GNU-tools-for-STM32/bin/../lib/gcc/arm-none-eabi/13.3.1/thumb/v7e-m+fp/hard\libgcc.a(_arm_addsubdf3.o)
                0x080005b0                __aeabi_drsub
                0x080005b8                __aeabi_dsub
                0x080005b8                __subdf3
                0x080005bc                __aeabi_dadd
                0x080005bc                __adddf3
                0x08000834                __floatunsidf
                0x08000834                __aeabi_ui2d
                0x08000854                __floatsidf
                0x08000854                __aeabi_i2d
                0x08000878                __aeabi_f2d
                0x08000878                __extendsfdf2
                0x080008bc                __floatundidf
                0x080008bc                __aeabi_ul2d
                0x080008cc                __floatdidf
                0x080008cc                __aeabi_l2d
 .text          0x08000928      0x424 D:/InstalledSoftwares/DevTools/STM32CubeCLT_1.20.0/GNU-tools-for-STM32/bin/../lib/gcc/arm-none-eabi/13.3.1/thumb/v7e-m+fp/hard\libgcc.a(_arm_muldivdf3.o)
                0x08000928                __aeabi_dmul
                0x08000928                __muldf3
                0x08000b7c                __divdf3
                0x08000b7c                __aeabi_ddiv
 .text          0x08000d4c      0x110 D:/InstalledSoftwares/DevTools/STM32CubeCLT_1.20.0/GNU-tools-for-STM32/bin/../lib/gcc/arm-none-eabi/13.3.1/thumb/v7e-m+fp/hard\libgcc.a(_arm_cmpdf2.o)
                0x08000d4c                __gtdf2
                0x08000d4c                __gedf2
                0x08000d54                __ltdf2
                0x08000d54                __ledf2
                0x08000d5c                __nedf2
                0x08000d5c                __eqdf2
                0x08000d5c                __cmpdf2
                0x08000dd8                __aeabi_cdrcmple
                0x08000de8                __aeabi_cdcmpeq
                0x08000de8                __aeabi_cdcmple
                0x08000df8                __aeabi_dcmpeq
                0x08000e0c                __aeabi_dcmplt
                0x08000e20                __aeabi_dcmple
                0x08000e34                __aeabi_dcmpge
                0x08000e48                __aeabi_dcmpgt
 .text          0x08000e5c       0x2c D:/InstalledSoftwares/DevTools/STM32CubeCLT_1.20.0/GNU-tools-for-STM32/bin/../lib/gcc/arm-none-eabi/13.3.1/thumb/v7e-m+fp/hard\libgcc.a(_arm_unorddf2.o)
                0x08000e5c                __unorddf2
                0x08000e5c                __aeabi_dcmpun
 .text          0x08000e88       0x50 D:/InstalledSoftwares/DevTools/STM32CubeCLT_1.20.0/GNU-tools-for-STM32/bin/../lib/gcc/arm-none-eabi/13.3.1/thumb/v7e-m+fp/hard\libgcc.a(_arm_fixdfsi.o)
                0x08000e88                __aeabi_d2iz
                0x08000e88                __fixdfsi
 *(.text*)
 .text.MX_GPIO_Init
                0x08000ed8       0x4c ./build/Debug/.obj/Core/Src/gpio.o
                0x08000ed8                MX_GPIO_Init
 .text.HAL_TIM_PeriodElapsedCallback
                0x08000f24       0x18 ./build/Debug/.obj/Core/Src/main.o
                0x08000f24                HAL_TIM_PeriodElapsedCallback
 .text.Error_Handler
                0x08000f3c        0x4 ./build/Debug/.obj/Core/Src/main.o
                0x08000f3c                Error_Handler
 .text.SystemClock_Config
                0x08000f40       0xa8 ./build/Debug/.obj/Core/Src/main.o
                0x08000f40                SystemClock_Config
 .text.main     0x08000fe8       0x1a ./build/Debug/.obj/Core/Src/main.o
                0x08000fe8                main
 *fill*         0x08001002        0x2 
 .text.HAL_MspInit
                0x08001004       0x38 ./build/Debug/.obj/Core/Src/stm32f4xx_hal_msp.o
                0x08001004                HAL_MspInit
 .text.TimeBase_TIM_PeriodElapsedCallback
                0x0800103c        0x8 ./build/Debug/.obj/Core/Src/stm32f4xx_hal_timebase_tim.o
                0x0800103c                TimeBase_TIM_PeriodElapsedCallback
 .text.HAL_InitTick
                0x08001044       0xb4 ./build/Debug/.obj/Core/Src/stm32f4xx_hal_timebase_tim.o
                0x08001044                HAL_InitTick
 .text.NMI_Handler
                0x080010f8        0x2 ./build/Debug/.obj/Core/Src/stm32f4xx_it.o
                0x080010f8                NMI_Handler
 .text.HardFault_Handler
                0x080010fa        0x2 ./build/Debug/.obj/Core/Src/stm32f4xx_it.o
                0x080010fa                HardFault_Handler
 .text.MemManage_Handler
                0x080010fc        0x2 ./build/Debug/.obj/Core/Src/stm32f4xx_it.o
                0x080010fc                MemManage_Handler
 .text.BusFault_Handler
                0x080010fe        0x2 ./build/Debug/.obj/Core/Src/stm32f4xx_it.o
                0x080010fe                BusFault_Handler
 .text.UsageFault_Handler
                0x08001100        0x2 ./build/Debug/.obj/Core/Src/stm32f4xx_it.o
                0x08001100                UsageFault_Handler
 .text.SVC_Handler
                0x08001102        0x2 ./build/Debug/.obj/Core/Src/stm32f4xx_it.o
                0x08001102                SVC_Handler
 .text.DebugMon_Handler
                0x08001104        0x2 ./build/Debug/.obj/Core/Src/stm32f4xx_it.o
                0x08001104                DebugMon_Handler
 .text.PendSV_Handler
                0x08001106        0x2 ./build/Debug/.obj/Core/Src/stm32f4xx_it.o
                0x08001106                PendSV_Handler
 .text.SysTick_Handler
                0x08001108        0x2 ./build/Debug/.obj/Core/Src/stm32f4xx_it.o
                0x08001108                SysTick_Handler
 *fill*         0x0800110a        0x2 
 .text.TIM6_DAC_IRQHandler
                0x0800110c       0x10 ./build/Debug/.obj/Core/Src/stm32f4xx_it.o
                0x0800110c                TIM6_DAC_IRQHandler
 .text._getpid  0x0800111c        0x4 ./build/Debug/.obj/Core/Src/syscalls.o
                0x0800111c                _getpid
 .text._kill    0x08001120       0x10 ./build/Debug/.obj/Core/Src/syscalls.o
                0x08001120                _kill
 .text._exit    0x08001130        0xc ./build/Debug/.obj/Core/Src/syscalls.o
                0x08001130                _exit
 .text._read    0x0800113c       0x20 ./build/Debug/.obj/Core/Src/syscalls.o
                0x0800113c                _read
 .text._write   0x0800115c       0x1c ./build/Debug/.obj/Core/Src/syscalls.o
                0x0800115c                _write
 .text._close   0x08001178        0x6 ./build/Debug/.obj/Core/Src/syscalls.o
                0x08001178                _close
 .text._fstat   0x0800117e        0xa ./build/Debug/.obj/Core/Src/syscalls.o
                0x0800117e                _fstat
 .text._isatty  0x08001188        0x4 ./build/Debug/.obj/Core/Src/syscalls.o
                0x08001188                _isatty
 .text._lseek   0x0800118c        0x4 ./build/Debug/.obj/Core/Src/syscalls.o
                0x0800118c                _lseek
 .text._sbrk    0x08001190       0x48 ./build/Debug/.obj/Core/Src/sysmem.o
                0x08001190                _sbrk
 .text.SystemInit
                0x080011d8       0x14 ./build/Debug/.obj/Core/Src/system_stm32f4xx.o
                0x080011d8                SystemInit
 .text.HAL_TIM_PWM_MspInit
                0x080011ec       0x30 ./build/Debug/.obj/Core/Src/tim.o
                0x080011ec                HAL_TIM_PWM_MspInit
 .text.HAL_TIM_MspPostInit
                0x0800121c       0x60 ./build/Debug/.obj/Core/Src/tim.o
                0x0800121c                HAL_TIM_MspPostInit
 .text.MX_TIM4_Init
                0x0800127c       0x80 ./build/Debug/.obj/Core/Src/tim.o
                0x0800127c                MX_TIM4_Init
 .text.HAL_Init
                0x080012fc       0x34 ./build/Debug/.obj/Drivers/STM32F4xx_HAL_Driver/Src/stm32f4xx_hal.o
                0x080012fc                HAL_Init
 .text.HAL_IncTick
                0x08001330       0x18 ./build/Debug/.obj/Drivers/STM32F4xx_HAL_Driver/Src/stm32f4xx_hal.o
                0x08001330                HAL_IncTick
 .text.HAL_GetTick
                0x08001348        0xc ./build/Debug/.obj/Drivers/STM32F4xx_HAL_Driver/Src/stm32f4xx_hal.o
                0x08001348                HAL_GetTick
 .text.HAL_Delay
                0x08001354       0x28 ./build/Debug/.obj/Drivers/STM32F4xx_HAL_Driver/Src/stm32f4xx_hal.o
                0x08001354                HAL_Delay
 .text.__NVIC_EnableIRQ
                0x0800137c       0x1c ./build/Debug/.obj/Drivers/STM32F4xx_HAL_Driver/Src/stm32f4xx_hal_cortex.o
 .text.__NVIC_SetPriority
                0x08001398       0x28 ./build/Debug/.obj/Drivers/STM32F4xx_HAL_Driver/Src/stm32f4xx_hal_cortex.o
 .text.NVIC_EncodePriority
                0x080013c0       0x3e ./build/Debug/.obj/Drivers/STM32F4xx_HAL_Driver/Src/stm32f4xx_hal_cortex.o
 *fill*         0x080013fe        0x2 
 .text.HAL_NVIC_SetPriorityGrouping
                0x08001400       0x24 ./build/Debug/.obj/Drivers/STM32F4xx_HAL_Driver/Src/stm32f4xx_hal_cortex.o
                0x08001400                HAL_NVIC_SetPriorityGrouping
 .text.HAL_NVIC_SetPriority
                0x08001424       0x20 ./build/Debug/.obj/Drivers/STM32F4xx_HAL_Driver/Src/stm32f4xx_hal_cortex.o
                0x08001424                HAL_NVIC_SetPriority
 .text.HAL_NVIC_EnableIRQ
                0x08001444        0x8 ./build/Debug/.obj/Drivers/STM32F4xx_HAL_Driver/Src/stm32f4xx_hal_cortex.o
                0x08001444                HAL_NVIC_EnableIRQ
 .text.HAL_GPIO_Init
                0x0800144c      0x1ec ./build/Debug/.obj/Drivers/STM32F4xx_HAL_Driver/Src/stm32f4xx_hal_gpio.o
                0x0800144c                HAL_GPIO_Init
 .text.HAL_RCC_OscConfig
                0x08001638      0x3f8 ./build/Debug/.obj/Drivers/STM32F4xx_HAL_Driver/Src/stm32f4xx_hal_rcc.o
                0x08001638                HAL_RCC_OscConfig
 .text.HAL_RCC_GetSysClockFreq
                0x08001a30       0xa8 ./build/Debug/.obj/Drivers/STM32F4xx_HAL_Driver/Src/stm32f4xx_hal_rcc.o
                0x08001a30                HAL_RCC_GetSysClockFreq
 .text.HAL_RCC_ClockConfig
                0x08001ad8      0x160 ./build/Debug/.obj/Drivers/STM32F4xx_HAL_Driver/Src/stm32f4xx_hal_rcc.o
                0x08001ad8                HAL_RCC_ClockConfig
 .text.HAL_RCC_GetHCLKFreq
                0x08001c38        0xc ./build/Debug/.obj/Drivers/STM32F4xx_HAL_Driver/Src/stm32f4xx_hal_rcc.o
                0x08001c38                HAL_RCC_GetHCLKFreq
 .text.HAL_RCC_GetPCLK1Freq
                0x08001c44       0x20 ./build/Debug/.obj/Drivers/STM32F4xx_HAL_Driver/Src/stm32f4xx_hal_rcc.o
                0x08001c44                HAL_RCC_GetPCLK1Freq
 .text.HAL_RCC_GetClockConfig
                0x08001c64       0x3c ./build/Debug/.obj/Drivers/STM32F4xx_HAL_Driver/Src/stm32f4xx_hal_rcc.o
                0x08001c64                HAL_RCC_GetClockConfig
 .text.HAL_TIM_Base_MspInit
                0x08001ca0        0x2 ./build/Debug/.obj/Drivers/STM32F4xx_HAL_Driver/Src/stm32f4xx_hal_tim.o
                0x08001ca0                HAL_TIM_Base_MspInit
 .text.HAL_TIM_PeriodElapsedHalfCpltCallback
                0x08001ca2        0x2 ./build/Debug/.obj/Drivers/STM32F4xx_HAL_Driver/Src/stm32f4xx_hal_tim.o
                0x08001ca2                HAL_TIM_PeriodElapsedHalfCpltCallback
 .text.HAL_TIM_OC_DelayElapsedCallback
                0x08001ca4        0x2 ./build/Debug/.obj/Drivers/STM32F4xx_HAL_Driver/Src/stm32f4xx_hal_tim.o
                0x08001ca4                HAL_TIM_OC_DelayElapsedCallback
 .text.HAL_TIM_IC_CaptureCallback
                0x08001ca6        0x2 ./build/Debug/.obj/Drivers/STM32F4xx_HAL_Driver/Src/stm32f4xx_hal_tim.o
                0x08001ca6                HAL_TIM_IC_CaptureCallback
 .text.HAL_TIM_IC_CaptureHalfCpltCallback
                0x08001ca8        0x2 ./build/Debug/.obj/Drivers/STM32F4xx_HAL_Driver/Src/stm32f4xx_hal_tim.o
                0x08001ca8                HAL_TIM_IC_CaptureHalfCpltCallback
 .text.HAL_TIM_PWM_PulseFinishedCallback
                0x08001caa        0x2 ./build/Debug/.obj/Drivers/STM32F4xx_HAL_Driver/Src/stm32f4xx_hal_tim.o
                0x08001caa                HAL_TIM_PWM_PulseFinishedCallback
 .text.HAL_TIM_PWM_PulseFinishedHalfCpltCallback
                0x08001cac        0x2 ./build/Debug/.obj/Drivers/STM32F4xx_HAL_Driver/Src/stm32f4xx_hal_tim.o
                0x08001cac                HAL_TIM_PWM_PulseFinishedHalfCpltCallback
 .text.HAL_TIM_TriggerCallback
                0x08001cae        0x2 ./build/Debug/.obj/Drivers/STM32F4xx_HAL_Driver/Src/stm32f4xx_hal_tim.o
                0x08001cae                HAL_TIM_TriggerCallback
 .text.HAL_TIM_TriggerHalfCpltCallback
                0x08001cb0        0x2 ./build/Debug/.obj/Drivers/STM32F4xx_HAL_Driver/Src/stm32f4xx_hal_tim.o
                0x08001cb0                HAL_TIM_TriggerHalfCpltCallback
 .text.HAL_TIM_ErrorCallback
                0x08001cb2        0x2 ./build/Debug/.obj/Drivers/STM32F4xx_HAL_Driver/Src/stm32f4xx_hal_tim.o
                0x08001cb2                HAL_TIM_ErrorCallback
 .text.TIM_OC1_SetConfig
                0x08001cb4       0x70 ./build/Debug/.obj/Drivers/STM32F4xx_HAL_Driver/Src/stm32f4xx_hal_tim.o
 .text.TIM_OC3_SetConfig
                0x08001d24       0x70 ./build/Debug/.obj/Drivers/STM32F4xx_HAL_Driver/Src/stm32f4xx_hal_tim.o
 .text.TIM_OC4_SetConfig
                0x08001d94       0x50 ./build/Debug/.obj/Drivers/STM32F4xx_HAL_Driver/Src/stm32f4xx_hal_tim.o
 .text.HAL_TIM_Base_Start_IT
                0x08001de4       0x88 ./build/Debug/.obj/Drivers/STM32F4xx_HAL_Driver/Src/stm32f4xx_hal_tim.o
                0x08001de4                HAL_TIM_Base_Start_IT
 .text.HAL_TIM_IRQHandler
                0x08001e6c      0x178 ./build/Debug/.obj/Drivers/STM32F4xx_HAL_Driver/Src/stm32f4xx_hal_tim.o
                0x08001e6c                HAL_TIM_IRQHandler
 .text.HAL_TIM_RegisterCallback
                0x08001fe4      0x19e ./build/Debug/.obj/Drivers/STM32F4xx_HAL_Driver/Src/stm32f4xx_hal_tim.o
                0x08001fe4                HAL_TIM_RegisterCallback
 *fill*         0x08002182        0x2 
 .text.TIM_Base_SetConfig
                0x08002184       0xd0 ./build/Debug/.obj/Drivers/STM32F4xx_HAL_Driver/Src/stm32f4xx_hal_tim.o
                0x08002184                TIM_Base_SetConfig
 .text.TIM_OC2_SetConfig
                0x08002254       0x70 ./build/Debug/.obj/Drivers/STM32F4xx_HAL_Driver/Src/stm32f4xx_hal_tim.o
                0x08002254                TIM_OC2_SetConfig
 .text.HAL_TIM_PWM_ConfigChannel
                0x080022c4       0xdc ./build/Debug/.obj/Drivers/STM32F4xx_HAL_Driver/Src/stm32f4xx_hal_tim.o
                0x080022c4                HAL_TIM_PWM_ConfigChannel
 .text.TIM_CCxChannelCmd
                0x080023a0       0x1e ./build/Debug/.obj/Drivers/STM32F4xx_HAL_Driver/Src/stm32f4xx_hal_tim.o
                0x080023a0                TIM_CCxChannelCmd
 *fill*         0x080023be        0x2 
 .text.HAL_TIM_PWM_Start
                0x080023c0      0x104 ./build/Debug/.obj/Drivers/STM32F4xx_HAL_Driver/Src/stm32f4xx_hal_tim.o
                0x080023c0                HAL_TIM_PWM_Start
 .text.TIM_ResetCallback
                0x080024c4       0x84 ./build/Debug/.obj/Drivers/STM32F4xx_HAL_Driver/Src/stm32f4xx_hal_tim.o
                0x080024c4                TIM_ResetCallback
 .text.HAL_TIM_Base_Init
                0x08002548       0x6c ./build/Debug/.obj/Drivers/STM32F4xx_HAL_Driver/Src/stm32f4xx_hal_tim.o
                0x08002548                HAL_TIM_Base_Init
 .text.HAL_TIM_PWM_Init
                0x080025b4       0x6c ./build/Debug/.obj/Drivers/STM32F4xx_HAL_Driver/Src/stm32f4xx_hal_tim.o
                0x080025b4                HAL_TIM_PWM_Init
 .text.HAL_TIMEx_MasterConfigSynchronization
                0x08002620       0x8c ./build/Debug/.obj/Drivers/STM32F4xx_HAL_Driver/Src/stm32f4xx_hal_tim_ex.o
                0x08002620                HAL_TIMEx_MasterConfigSynchronization
 .text.HAL_TIMEx_CommutCallback
                0x080026ac        0x2 ./build/Debug/.obj/Drivers/STM32F4xx_HAL_Driver/Src/stm32f4xx_hal_tim_ex.o
                0x080026ac                HAL_TIMEx_CommutCallback
 .text.HAL_TIMEx_CommutHalfCpltCallback
                0x080026ae        0x2 ./build/Debug/.obj/Drivers/STM32F4xx_HAL_Driver/Src/stm32f4xx_hal_tim_ex.o
                0x080026ae                HAL_TIMEx_CommutHalfCpltCallback
 .text.HAL_TIMEx_BreakCallback
                0x080026b0        0x2 ./build/Debug/.obj/Drivers/STM32F4xx_HAL_Driver/Src/stm32f4xx_hal_tim_ex.o
                0x080026b0                HAL_TIMEx_BreakCallback
 .text.clamp_u32
                0x080026b2       0x12 ./build/Debug/.obj/User/buzzer.o
 .text.buzzer_mute
                0x080026c4       0x10 ./build/Debug/.obj/User/buzzer.o
 .text.buzzer_set_tone
                0x080026d4       0x68 ./build/Debug/.obj/User/buzzer.o
 .text.Buzzer_PlayHaruhiKage
                0x0800273c       0x50 ./build/Debug/.obj/User/buzzer.o
                0x0800273c                Buzzer_PlayHaruhiKage
 .text.Reset_Handler
                0x0800278c       0x50 ./build/Debug/.obj/startup_stm32f407xx.o
                0x0800278c                Reset_Handler
 .text.Default_Handler
                0x080027dc        0x2 ./build/Debug/.obj/startup_stm32f407xx.o
                0x080027dc                RTC_Alarm_IRQHandler
                0x080027dc                HASH_RNG_IRQHandler
                0x080027dc                EXTI2_IRQHandler
                0x080027dc                TIM8_CC_IRQHandler
                0x080027dc                TIM1_CC_IRQHandler
                0x080027dc                DMA2_Stream5_IRQHandler
                0x080027dc                DMA1_Stream5_IRQHandler
                0x080027dc                PVD_IRQHandler
                0x080027dc                SDIO_IRQHandler
                0x080027dc                TAMP_STAMP_IRQHandler
                0x080027dc                CAN2_RX1_IRQHandler
                0x080027dc                EXTI3_IRQHandler
                0x080027dc                TIM8_TRG_COM_TIM14_IRQHandler
                0x080027dc                TIM1_UP_TIM10_IRQHandler
                0x080027dc                TIM8_UP_TIM13_IRQHandler
                0x080027dc                I2C3_ER_IRQHandler
                0x080027dc                EXTI0_IRQHandler
                0x080027dc                I2C2_EV_IRQHandler
                0x080027dc                DMA1_Stream2_IRQHandler
                0x080027dc                CAN1_RX0_IRQHandler
                0x080027dc                FPU_IRQHandler
                0x080027dc                OTG_HS_WKUP_IRQHandler
                0x080027dc                CAN2_SCE_IRQHandler
                0x080027dc                DMA2_Stream2_IRQHandler
                0x080027dc                SPI1_IRQHandler
                0x080027dc                TIM1_BRK_TIM9_IRQHandler
                0x080027dc                DCMI_IRQHandler
                0x080027dc                CAN2_RX0_IRQHandler
                0x080027dc                DMA2_Stream3_IRQHandler
                0x080027dc                USART6_IRQHandler
                0x080027dc                USART3_IRQHandler
                0x080027dc                CAN1_RX1_IRQHandler
                0x080027dc                UART5_IRQHandler
                0x080027dc                DMA2_Stream0_IRQHandler
                0x080027dc                TIM4_IRQHandler
                0x080027dc                I2C1_EV_IRQHandler
                0x080027dc                DMA1_Stream6_IRQHandler
                0x080027dc                DMA1_Stream1_IRQHandler
                0x080027dc                UART4_IRQHandler
                0x080027dc                TIM3_IRQHandler
                0x080027dc                RCC_IRQHandler
                0x080027dc                TIM8_BRK_TIM12_IRQHandler
                0x080027dc                Default_Handler
                0x080027dc                EXTI15_10_IRQHandler
                0x080027dc                ADC_IRQHandler
                0x080027dc                DMA1_Stream7_IRQHandler
                0x080027dc                TIM7_IRQHandler
                0x080027dc                CAN2_TX_IRQHandler
                0x080027dc                TIM5_IRQHandler
                0x080027dc                DMA2_Stream7_IRQHandler
                0x080027dc                I2C3_EV_IRQHandler
                0x080027dc                EXTI9_5_IRQHandler
                0x080027dc                RTC_WKUP_IRQHandler
                0x080027dc                ETH_WKUP_IRQHandler
                0x080027dc                SPI2_IRQHandler
                0x080027dc                OTG_HS_EP1_IN_IRQHandler
                0x080027dc                DMA1_Stream0_IRQHandler
                0x080027dc                CAN1_TX_IRQHandler
                0x080027dc                EXTI4_IRQHandler
                0x080027dc                FSMC_IRQHandler
                0x080027dc                ETH_IRQHandler
                0x080027dc                OTG_HS_EP1_OUT_IRQHandler
                0x080027dc                WWDG_IRQHandler
                0x080027dc                TIM2_IRQHandler
                0x080027dc                OTG_FS_WKUP_IRQHandler
                0x080027dc                TIM1_TRG_COM_TIM11_IRQHandler
                0x080027dc                OTG_HS_IRQHandler
                0x080027dc                EXTI1_IRQHandler
                0x080027dc                USART2_IRQHandler
                0x080027dc                I2C2_ER_IRQHandler
                0x080027dc                DMA2_Stream1_IRQHandler
                0x080027dc                CAN1_SCE_IRQHandler
                0x080027dc                FLASH_IRQHandler
                0x080027dc                DMA2_Stream4_IRQHandler
                0x080027dc                USART1_IRQHandler
                0x080027dc                OTG_FS_IRQHandler
                0x080027dc                SPI3_IRQHandler
                0x080027dc                DMA1_Stream4_IRQHandler
                0x080027dc                I2C1_ER_IRQHandler
                0x080027dc                DMA2_Stream6_IRQHandler
                0x080027dc                DMA1_Stream3_IRQHandler
 .text.__cvt    0x080027de       0xca D:/InstalledSoftwares/DevTools/STM32CubeCLT_1.20.0/GNU-tools-for-STM32/bin/../lib/gcc/arm-none-eabi/13.3.1/../../../../arm-none-eabi/lib/thumb/v7e-m+fp/hard\libc_nano.a(libc_a-nano-vfprintf_float.o)
                0x080027de                __cvt
 .text.__exponent
                0x080028a8       0x74 D:/InstalledSoftwares/DevTools/STM32CubeCLT_1.20.0/GNU-tools-for-STM32/bin/../lib/gcc/arm-none-eabi/13.3.1/../../../../arm-none-eabi/lib/thumb/v7e-m+fp/hard\libc_nano.a(libc_a-nano-vfprintf_float.o)
                0x080028a8                __exponent
 .text._printf_float
                0x0800291c      0x454 D:/InstalledSoftwares/DevTools/STM32CubeCLT_1.20.0/GNU-tools-for-STM32/bin/../lib/gcc/arm-none-eabi/13.3.1/../../../../arm-none-eabi/lib/thumb/v7e-m+fp/hard\libc_nano.a(libc_a-nano-vfprintf_float.o)
                0x0800291c                _printf_float
 .text._printf_common
                0x08002d70       0xda D:/InstalledSoftwares/DevTools/STM32CubeCLT_1.20.0/GNU-tools-for-STM32/bin/../lib/gcc/arm-none-eabi/13.3.1/../../../../arm-none-eabi/lib/thumb/v7e-m+fp/hard\libc_nano.a(libc_a-nano-vfprintf_i.o)
                0x08002d70                _printf_common
 *fill*         0x08002e4a        0x2 
 .text._printf_i
                0x08002e4c      0x23c D:/InstalledSoftwares/DevTools/STM32CubeCLT_1.20.0/GNU-tools-for-STM32/bin/../lib/gcc/arm-none-eabi/13.3.1/../../../../arm-none-eabi/lib/thumb/v7e-m+fp/hard\libc_nano.a(libc_a-nano-vfprintf_i.o)
                0x08002e4c                _printf_i
 .text.std      0x08003088       0x6c D:/InstalledSoftwares/DevTools/STM32CubeCLT_1.20.0/GNU-tools-for-STM32/bin/../lib/gcc/arm-none-eabi/13.3.1/../../../../arm-none-eabi/lib/thumb/v7e-m+fp/hard\libc_nano.a(libc_a-findfp.o)
 .text.stdio_exit_handler
                0x080030f4       0x18 D:/InstalledSoftwares/DevTools/STM32CubeCLT_1.20.0/GNU-tools-for-STM32/bin/../lib/gcc/arm-none-eabi/13.3.1/../../../../arm-none-eabi/lib/thumb/v7e-m+fp/hard\libc_nano.a(libc_a-findfp.o)
 .text.cleanup_stdio
                0x0800310c       0x40 D:/InstalledSoftwares/DevTools/STM32CubeCLT_1.20.0/GNU-tools-for-STM32/bin/../lib/gcc/arm-none-eabi/13.3.1/../../../../arm-none-eabi/lib/thumb/v7e-m+fp/hard\libc_nano.a(libc_a-findfp.o)
 .text.global_stdio_init.part.0
                0x0800314c       0x3c D:/InstalledSoftwares/DevTools/STM32CubeCLT_1.20.0/GNU-tools-for-STM32/bin/../lib/gcc/arm-none-eabi/13.3.1/../../../../arm-none-eabi/lib/thumb/v7e-m+fp/hard\libc_nano.a(libc_a-findfp.o)
 .text.__sfp_lock_acquire
                0x08003188        0xc D:/InstalledSoftwares/DevTools/STM32CubeCLT_1.20.0/GNU-tools-for-STM32/bin/../lib/gcc/arm-none-eabi/13.3.1/../../../../arm-none-eabi/lib/thumb/v7e-m+fp/hard\libc_nano.a(libc_a-findfp.o)
                0x08003188                __sfp_lock_acquire
 .text.__sfp_lock_release
                0x08003194        0xc D:/InstalledSoftwares/DevTools/STM32CubeCLT_1.20.0/GNU-tools-for-STM32/bin/../lib/gcc/arm-none-eabi/13.3.1/../../../../arm-none-eabi/lib/thumb/v7e-m+fp/hard\libc_nano.a(libc_a-findfp.o)
                0x08003194                __sfp_lock_release
 .text.__sinit  0x080031a0       0x30 D:/InstalledSoftwares/DevTools/STM32CubeCLT_1.20.0/GNU-tools-for-STM32/bin/../lib/gcc/arm-none-eabi/13.3.1/../../../../arm-none-eabi/lib/thumb/v7e-m+fp/hard\libc_nano.a(libc_a-findfp.o)
                0x080031a0                __sinit
 .text._fwalk_sglue
                0x080031d0       0x3c D:/InstalledSoftwares/DevTools/STM32CubeCLT_1.20.0/GNU-tools-for-STM32/bin/../lib/gcc/arm-none-eabi/13.3.1/../../../../arm-none-eabi/lib/thumb/v7e-m+fp/hard\libc_nano.a(libc_a-fwalk.o)
                0x080031d0                _fwalk_sglue
 .text.__sread  0x0800320c       0x22 D:/InstalledSoftwares/DevTools/STM32CubeCLT_1.20.0/GNU-tools-for-STM32/bin/../lib/gcc/arm-none-eabi/13.3.1/../../../../arm-none-eabi/lib/thumb/v7e-m+fp/hard\libc_nano.a(libc_a-stdio.o)
                0x0800320c                __sread
 .text.__swrite
                0x0800322e       0x38 D:/InstalledSoftwares/DevTools/STM32CubeCLT_1.20.0/GNU-tools-for-STM32/bin/../lib/gcc/arm-none-eabi/13.3.1/../../../../arm-none-eabi/lib/thumb/v7e-m+fp/hard\libc_nano.a(libc_a-stdio.o)
                0x0800322e                __swrite
 .text.__sseek  0x08003266       0x24 D:/InstalledSoftwares/DevTools/STM32CubeCLT_1.20.0/GNU-tools-for-STM32/bin/../lib/gcc/arm-none-eabi/13.3.1/../../../../arm-none-eabi/lib/thumb/v7e-m+fp/hard\libc_nano.a(libc_a-stdio.o)
                0x08003266                __sseek
 .text.__sclose
                0x0800328a        0x8 D:/InstalledSoftwares/DevTools/STM32CubeCLT_1.20.0/GNU-tools-for-STM32/bin/../lib/gcc/arm-none-eabi/13.3.1/../../../../arm-none-eabi/lib/thumb/v7e-m+fp/hard\libc_nano.a(libc_a-stdio.o)
                0x0800328a                __sclose
 .text.memset   0x08003292       0x10 D:/InstalledSoftwares/DevTools/STM32CubeCLT_1.20.0/GNU-tools-for-STM32/bin/../lib/gcc/arm-none-eabi/13.3.1/../../../../arm-none-eabi/lib/thumb/v7e-m+fp/hard\libc_nano.a(libc_a-memset.o)
                0x08003292                memset
 *fill*         0x080032a2        0x2 
 .text._localeconv_r
                0x080032a4        0x8 D:/InstalledSoftwares/DevTools/STM32CubeCLT_1.20.0/GNU-tools-for-STM32/bin/../lib/gcc/arm-none-eabi/13.3.1/../../../../arm-none-eabi/lib/thumb/v7e-m+fp/hard\libc_nano.a(libc_a-localeconv.o)
                0x080032a4                _localeconv_r
 .text._close_r
                0x080032ac       0x20 D:/InstalledSoftwares/DevTools/STM32CubeCLT_1.20.0/GNU-tools-for-STM32/bin/../lib/gcc/arm-none-eabi/13.3.1/../../../../arm-none-eabi/lib/thumb/v7e-m+fp/hard\libc_nano.a(libc_a-closer.o)
                0x080032ac                _close_r
 .text._lseek_r
                0x080032cc       0x24 D:/InstalledSoftwares/DevTools/STM32CubeCLT_1.20.0/GNU-tools-for-STM32/bin/../lib/gcc/arm-none-eabi/13.3.1/../../../../arm-none-eabi/lib/thumb/v7e-m+fp/hard\libc_nano.a(libc_a-lseekr.o)
                0x080032cc                _lseek_r
 .text._read_r  0x080032f0       0x24 D:/InstalledSoftwares/DevTools/STM32CubeCLT_1.20.0/GNU-tools-for-STM32/bin/../lib/gcc/arm-none-eabi/13.3.1/../../../../arm-none-eabi/lib/thumb/v7e-m+fp/hard\libc_nano.a(libc_a-readr.o)
                0x080032f0                _read_r
 .text._write_r
                0x08003314       0x24 D:/InstalledSoftwares/DevTools/STM32CubeCLT_1.20.0/GNU-tools-for-STM32/bin/../lib/gcc/arm-none-eabi/13.3.1/../../../../arm-none-eabi/lib/thumb/v7e-m+fp/hard\libc_nano.a(libc_a-writer.o)
                0x08003314                _write_r
 .text.__errno  0x08003338        0xc D:/InstalledSoftwares/DevTools/STM32CubeCLT_1.20.0/GNU-tools-for-STM32/bin/../lib/gcc/arm-none-eabi/13.3.1/../../../../arm-none-eabi/lib/thumb/v7e-m+fp/hard\libc_nano.a(libc_a-errno.o)
                0x08003338                __errno
 .text.__libc_init_array
                0x08003344       0x48 D:/InstalledSoftwares/DevTools/STM32CubeCLT_1.20.0/GNU-tools-for-STM32/bin/../lib/gcc/arm-none-eabi/13.3.1/../../../../arm-none-eabi/lib/thumb/v7e-m+fp/hard\libc_nano.a(libc_a-init.o)
                0x08003344                __libc_init_array
 .text.__retarget_lock_init_recursive
                0x0800338c        0x2 D:/InstalledSoftwares/DevTools/STM32CubeCLT_1.20.0/GNU-tools-for-STM32/bin/../lib/gcc/arm-none-eabi/13.3.1/../../../../arm-none-eabi/lib/thumb/v7e-m+fp/hard\libc_nano.a(libc_a-lock.o)
                0x0800338c                __retarget_lock_init_recursive
 .text.__retarget_lock_acquire_recursive
                0x0800338e        0x2 D:/InstalledSoftwares/DevTools/STM32CubeCLT_1.20.0/GNU-tools-for-STM32/bin/../lib/gcc/arm-none-eabi/13.3.1/../../../../arm-none-eabi/lib/thumb/v7e-m+fp/hard\libc_nano.a(libc_a-lock.o)
                0x0800338e                __retarget_lock_acquire_recursive
 .text.__retarget_lock_release_recursive
                0x08003390        0x2 D:/InstalledSoftwares/DevTools/STM32CubeCLT_1.20.0/GNU-tools-for-STM32/bin/../lib/gcc/arm-none-eabi/13.3.1/../../../../arm-none-eabi/lib/thumb/v7e-m+fp/hard\libc_nano.a(libc_a-lock.o)
                0x08003390                __retarget_lock_release_recursive
 .text.quorem   0x08003392      0x110 D:/InstalledSoftwares/DevTools/STM32CubeCLT_1.20.0/GNU-tools-for-STM32/bin/../lib/gcc/arm-none-eabi/13.3.1/../../../../arm-none-eabi/lib/thumb/v7e-m+fp/hard\libc_nano.a(libc_a-dtoa.o)
 *fill*         0x080034a2        0x6 
 .text._dtoa_r  0x080034a8      0xba0 D:/InstalledSoftwares/DevTools/STM32CubeCLT_1.20.0/GNU-tools-for-STM32/bin/../lib/gcc/arm-none-eabi/13.3.1/../../../../arm-none-eabi/lib/thumb/v7e-m+fp/hard\libc_nano.a(libc_a-dtoa.o)
                0x080034a8                _dtoa_r
 .text._free_r  0x08004048       0x94 D:/InstalledSoftwares/DevTools/STM32CubeCLT_1.20.0/GNU-tools-for-STM32/bin/../lib/gcc/arm-none-eabi/13.3.1/../../../../arm-none-eabi/lib/thumb/v7e-m+fp/hard\libc_nano.a(libc_a-freer.o)
                0x08004048                _free_r
 .text.malloc   0x080040dc       0x10 D:/InstalledSoftwares/DevTools/STM32CubeCLT_1.20.0/GNU-tools-for-STM32/bin/../lib/gcc/arm-none-eabi/13.3.1/../../../../arm-none-eabi/lib/thumb/v7e-m+fp/hard\libc_nano.a(libc_a-malloc.o)
                0x080040dc                malloc
 .text.sbrk_aligned
                0x080040ec       0x44 D:/InstalledSoftwares/DevTools/STM32CubeCLT_1.20.0/GNU-tools-for-STM32/bin/../lib/gcc/arm-none-eabi/13.3.1/../../../../arm-none-eabi/lib/thumb/v7e-m+fp/hard\libc_nano.a(libc_a-mallocr.o)
 .text._malloc_r
                0x08004130      0x100 D:/InstalledSoftwares/DevTools/STM32CubeCLT_1.20.0/GNU-tools-for-STM32/bin/../lib/gcc/arm-none-eabi/13.3.1/../../../../arm-none-eabi/lib/thumb/v7e-m+fp/hard\libc_nano.a(libc_a-mallocr.o)
                0x08004130                _malloc_r
 .text.__malloc_lock
                0x08004230        0xc D:/InstalledSoftwares/DevTools/STM32CubeCLT_1.20.0/GNU-tools-for-STM32/bin/../lib/gcc/arm-none-eabi/13.3.1/../../../../arm-none-eabi/lib/thumb/v7e-m+fp/hard\libc_nano.a(libc_a-mlock.o)
                0x08004230                __malloc_lock
 .text.__malloc_unlock
                0x0800423c        0xc D:/InstalledSoftwares/DevTools/STM32CubeCLT_1.20.0/GNU-tools-for-STM32/bin/../lib/gcc/arm-none-eabi/13.3.1/../../../../arm-none-eabi/lib/thumb/v7e-m+fp/hard\libc_nano.a(libc_a-mlock.o)
                0x0800423c                __malloc_unlock
 .text._Balloc  0x08004248       0x80 D:/InstalledSoftwares/DevTools/STM32CubeCLT_1.20.0/GNU-tools-for-STM32/bin/../lib/gcc/arm-none-eabi/13.3.1/../../../../arm-none-eabi/lib/thumb/v7e-m+fp/hard\libc_nano.a(libc_a-mprec.o)
                0x08004248                _Balloc
 .text._Bfree   0x080042c8       0x44 D:/InstalledSoftwares/DevTools/STM32CubeCLT_1.20.0/GNU-tools-for-STM32/bin/../lib/gcc/arm-none-eabi/13.3.1/../../../../arm-none-eabi/lib/thumb/v7e-m+fp/hard\libc_nano.a(libc_a-mprec.o)
                0x080042c8                _Bfree
 .text.__multadd
                0x0800430c       0x8c D:/InstalledSoftwares/DevTools/STM32CubeCLT_1.20.0/GNU-tools-for-STM32/bin/../lib/gcc/arm-none-eabi/13.3.1/../../../../arm-none-eabi/lib/thumb/v7e-m+fp/hard\libc_nano.a(libc_a-mprec.o)
                0x0800430c                __multadd
 .text.__hi0bits
                0x08004398       0x3e D:/InstalledSoftwares/DevTools/STM32CubeCLT_1.20.0/GNU-tools-for-STM32/bin/../lib/gcc/arm-none-eabi/13.3.1/../../../../arm-none-eabi/lib/thumb/v7e-m+fp/hard\libc_nano.a(libc_a-mprec.o)
                0x08004398                __hi0bits
 .text.__lo0bits
                0x080043d6       0x5a D:/InstalledSoftwares/DevTools/STM32CubeCLT_1.20.0/GNU-tools-for-STM32/bin/../lib/gcc/arm-none-eabi/13.3.1/../../../../arm-none-eabi/lib/thumb/v7e-m+fp/hard\libc_nano.a(libc_a-mprec.o)
                0x080043d6                __lo0bits
 .text.__i2b    0x08004430       0x2c D:/InstalledSoftwares/DevTools/STM32CubeCLT_1.20.0/GNU-tools-for-STM32/bin/../lib/gcc/arm-none-eabi/13.3.1/../../../../arm-none-eabi/lib/thumb/v7e-m+fp/hard\libc_nano.a(libc_a-mprec.o)
                0x08004430                __i2b
 .text.__multiply
                0x0800445c      0x144 D:/InstalledSoftwares/DevTools/STM32CubeCLT_1.20.0/GNU-tools-for-STM32/bin/../lib/gcc/arm-none-eabi/13.3.1/../../../../arm-none-eabi/lib/thumb/v7e-m+fp/hard\libc_nano.a(libc_a-mprec.o)
                0x0800445c                __multiply
 .text.__pow5mult
                0x080045a0       0xb4 D:/InstalledSoftwares/DevTools/STM32CubeCLT_1.20.0/GNU-tools-for-STM32/bin/../lib/gcc/arm-none-eabi/13.3.1/../../../../arm-none-eabi/lib/thumb/v7e-m+fp/hard\libc_nano.a(libc_a-mprec.o)
                0x080045a0                __pow5mult
 .text.__lshift
                0x08004654       0xd8 D:/InstalledSoftwares/DevTools/STM32CubeCLT_1.20.0/GNU-tools-for-STM32/bin/../lib/gcc/arm-none-eabi/13.3.1/../../../../arm-none-eabi/lib/thumb/v7e-m+fp/hard\libc_nano.a(libc_a-mprec.o)
                0x08004654                __lshift
 .text.__mcmp   0x0800472c       0x36 D:/InstalledSoftwares/DevTools/STM32CubeCLT_1.20.0/GNU-tools-for-STM32/bin/../lib/gcc/arm-none-eabi/13.3.1/../../../../arm-none-eabi/lib/thumb/v7e-m+fp/hard\libc_nano.a(libc_a-mprec.o)
                0x0800472c                __mcmp
 *fill*         0x08004762        0x2 
 .text.__mdiff  0x08004764      0x128 D:/InstalledSoftwares/DevTools/STM32CubeCLT_1.20.0/GNU-tools-for-STM32/bin/../lib/gcc/arm-none-eabi/13.3.1/../../../../arm-none-eabi/lib/thumb/v7e-m+fp/hard\libc_nano.a(libc_a-mprec.o)
                0x08004764                __mdiff
 .text.__d2b    0x0800488c       0xb0 D:/InstalledSoftwares/DevTools/STM32CubeCLT_1.20.0/GNU-tools-for-STM32/bin/../lib/gcc/arm-none-eabi/13.3.1/../../../../arm-none-eabi/lib/thumb/v7e-m+fp/hard\libc_nano.a(libc_a-mprec.o)
                0x0800488c                __d2b
 .text.__sflush_r
                0x0800493c      0x108 D:/InstalledSoftwares/DevTools/STM32CubeCLT_1.20.0/GNU-tools-for-STM32/bin/../lib/gcc/arm-none-eabi/13.3.1/../../../../arm-none-eabi/lib/thumb/v7e-m+fp/hard\libc_nano.a(libc_a-fflush.o)
                0x0800493c                __sflush_r
 .text._fflush_r
                0x08004a44       0x50 D:/InstalledSoftwares/DevTools/STM32CubeCLT_1.20.0/GNU-tools-for-STM32/bin/../lib/gcc/arm-none-eabi/13.3.1/../../../../arm-none-eabi/lib/thumb/v7e-m+fp/hard\libc_nano.a(libc_a-fflush.o)
                0x08004a44                _fflush_r
 .text._sbrk_r  0x08004a94       0x20 D:/InstalledSoftwares/DevTools/STM32CubeCLT_1.20.0/GNU-tools-for-STM32/bin/../lib/gcc/arm-none-eabi/13.3.1/../../../../arm-none-eabi/lib/thumb/v7e-m+fp/hard\libc_nano.a(libc_a-sbrkr.o)
                0x08004a94                _sbrk_r
 .text.memcpy   0x08004ab4       0x1c D:/InstalledSoftwares/DevTools/STM32CubeCLT_1.20.0/GNU-tools-for-STM32/bin/../lib/gcc/arm-none-eabi/13.3.1/../../../../arm-none-eabi/lib/thumb/v7e-m+fp/hard\libc_nano.a(libc_a-memcpy-stub.o)
                0x08004ab4                memcpy
 .text.__assert_func
                0x08004ad0       0x3c D:/InstalledSoftwares/DevTools/STM32CubeCLT_1.20.0/GNU-tools-for-STM32/bin/../lib/gcc/arm-none-eabi/13.3.1/../../../../arm-none-eabi/lib/thumb/v7e-m+fp/hard\libc_nano.a(libc_a-assert.o)
                0x08004ad0                __assert_func
 .text._calloc_r
                0x08004b0c       0x28 D:/InstalledSoftwares/DevTools/STM32CubeCLT_1.20.0/GNU-tools-for-STM32/bin/../lib/gcc/arm-none-eabi/13.3.1/../../../../arm-none-eabi/lib/thumb/v7e-m+fp/hard\libc_nano.a(libc_a-callocr.o)
                0x08004b0c                _calloc_r
 .text.__ascii_mbtowc
                0x08004b34       0x24 D:/InstalledSoftwares/DevTools/STM32CubeCLT_1.20.0/GNU-tools-for-STM32/bin/../lib/gcc/arm-none-eabi/13.3.1/../../../../arm-none-eabi/lib/thumb/v7e-m+fp/hard\libc_nano.a(libc_a-mbtowc_r.o)
                0x08004b34                __ascii_mbtowc
 .text.__ascii_wctomb
                0x08004b58       0x1a D:/InstalledSoftwares/DevTools/STM32CubeCLT_1.20.0/GNU-tools-for-STM32/bin/../lib/gcc/arm-none-eabi/13.3.1/../../../../arm-none-eabi/lib/thumb/v7e-m+fp/hard\libc_nano.a(libc_a-wctomb_r.o)
                0x08004b58                __ascii_wctomb
 *fill*         0x08004b72        0x2 
 .text.fprintf  0x08004b74       0x24 D:/InstalledSoftwares/DevTools/STM32CubeCLT_1.20.0/GNU-tools-for-STM32/bin/../lib/gcc/arm-none-eabi/13.3.1/../../../../arm-none-eabi/lib/thumb/v7e-m+fp/hard\libc_nano.a(libc_a-fprintf.o)
                0x08004b74                fiprintf
                0x08004b74                fprintf
 .text.abort    0x08004b98        0xe D:/InstalledSoftwares/DevTools/STM32CubeCLT_1.20.0/GNU-tools-for-STM32/bin/../lib/gcc/arm-none-eabi/13.3.1/../../../../arm-none-eabi/lib/thumb/v7e-m+fp/hard\libc_nano.a(libc_a-abort.o)
                0x08004b98                abort
 .text.__sfputc_r
                0x08004ba6       0x2e D:/InstalledSoftwares/DevTools/STM32CubeCLT_1.20.0/GNU-tools-for-STM32/bin/../lib/gcc/arm-none-eabi/13.3.1/../../../../arm-none-eabi/lib/thumb/v7e-m+fp/hard\libc_nano.a(libc_a-nano-vfprintf.o)
 .text.__sfputs_r
                0x08004bd4       0x24 D:/InstalledSoftwares/DevTools/STM32CubeCLT_1.20.0/GNU-tools-for-STM32/bin/../lib/gcc/arm-none-eabi/13.3.1/../../../../arm-none-eabi/lib/thumb/v7e-m+fp/hard\libc_nano.a(libc_a-nano-vfprintf.o)
                0x08004bd4                __sfputs_r
 .text._vfprintf_r
                0x08004bf8      0x230 D:/InstalledSoftwares/DevTools/STM32CubeCLT_1.20.0/GNU-tools-for-STM32/bin/../lib/gcc/arm-none-eabi/13.3.1/../../../../arm-none-eabi/lib/thumb/v7e-m+fp/hard\libc_nano.a(libc_a-nano-vfprintf.o)
                0x08004bf8                _vfprintf_r
                0x08004bf8                _vfiprintf_r
 .text.__swbuf_r
                0x08004e28       0x7c D:/InstalledSoftwares/DevTools/STM32CubeCLT_1.20.0/GNU-tools-for-STM32/bin/../lib/gcc/arm-none-eabi/13.3.1/../../../../arm-none-eabi/lib/thumb/v7e-m+fp/hard\libc_nano.a(libc_a-wbuf.o)
                0x08004e28                __swbuf_r
 .text.__swsetup_r
                0x08004ea4       0xac D:/InstalledSoftwares/DevTools/STM32CubeCLT_1.20.0/GNU-tools-for-STM32/bin/../lib/gcc/arm-none-eabi/13.3.1/../../../../arm-none-eabi/lib/thumb/v7e-m+fp/hard\libc_nano.a(libc_a-wsetup.o)
                0x08004ea4                __swsetup_r
 .text._raise_r
                0x08004f50       0x50 D:/InstalledSoftwares/DevTools/STM32CubeCLT_1.20.0/GNU-tools-for-STM32/bin/../lib/gcc/arm-none-eabi/13.3.1/../../../../arm-none-eabi/lib/thumb/v7e-m+fp/hard\libc_nano.a(libc_a-signal.o)
                0x08004f50                _raise_r
 .text.raise    0x08004fa0       0x10 D:/InstalledSoftwares/DevTools/STM32CubeCLT_1.20.0/GNU-tools-for-STM32/bin/../lib/gcc/arm-none-eabi/13.3.1/../../../../arm-none-eabi/lib/thumb/v7e-m+fp/hard\libc_nano.a(libc_a-signal.o)
                0x08004fa0                raise
 .text._kill_r  0x08004fb0       0x24 D:/InstalledSoftwares/DevTools/STM32CubeCLT_1.20.0/GNU-tools-for-STM32/bin/../lib/gcc/arm-none-eabi/13.3.1/../../../../arm-none-eabi/lib/thumb/v7e-m+fp/hard\libc_nano.a(libc_a-signalr.o)
                0x08004fb0                _kill_r
 .text._getpid_r
                0x08004fd4        0x4 D:/InstalledSoftwares/DevTools/STM32CubeCLT_1.20.0/GNU-tools-for-STM32/bin/../lib/gcc/arm-none-eabi/13.3.1/../../../../arm-none-eabi/lib/thumb/v7e-m+fp/hard\libc_nano.a(libc_a-signalr.o)
                0x08004fd4                _getpid_r
 .text.__swhatbuf_r
                0x08004fd8       0x4c D:/InstalledSoftwares/DevTools/STM32CubeCLT_1.20.0/GNU-tools-for-STM32/bin/../lib/gcc/arm-none-eabi/13.3.1/../../../../arm-none-eabi/lib/thumb/v7e-m+fp/hard\libc_nano.a(libc_a-makebuf.o)
                0x08004fd8                __swhatbuf_r
 .text.__smakebuf_r
                0x08005024       0x78 D:/InstalledSoftwares/DevTools/STM32CubeCLT_1.20.0/GNU-tools-for-STM32/bin/../lib/gcc/arm-none-eabi/13.3.1/../../../../arm-none-eabi/lib/thumb/v7e-m+fp/hard\libc_nano.a(libc_a-makebuf.o)
                0x08005024                __smakebuf_r
 .text._fstat_r
                0x0800509c       0x24 D:/InstalledSoftwares/DevTools/STM32CubeCLT_1.20.0/GNU-tools-for-STM32/bin/../lib/gcc/arm-none-eabi/13.3.1/../../../../arm-none-eabi/lib/thumb/v7e-m+fp/hard\libc_nano.a(libc_a-fstatr.o)
                0x0800509c                _fstat_r
 .text._isatty_r
                0x080050c0       0x20 D:/InstalledSoftwares/DevTools/STM32CubeCLT_1.20.0/GNU-tools-for-STM32/bin/../lib/gcc/arm-none-eabi/13.3.1/../../../../arm-none-eabi/lib/thumb/v7e-m+fp/hard\libc_nano.a(libc_a-isattyr.o)
                0x080050c0                _isatty_r
 *(.glue_7)
 .glue_7        0x080050e0        0x0 linker stubs
 *(.glue_7t)
 .glue_7t       0x080050e0        0x0 linker stubs
 *(.eh_frame)
 .eh_frame      0x080050e0        0x0 D:/InstalledSoftwares/DevTools/STM32CubeCLT_1.20.0/GNU-tools-for-STM32/bin/../lib/gcc/arm-none-eabi/13.3.1/thumb/v7e-m+fp/hard/crtbegin.o
 *(.init)
 .init          0x080050e0        0x4 D:/InstalledSoftwares/DevTools/STM32CubeCLT_1.20.0/GNU-tools-for-STM32/bin/../lib/gcc/arm-none-eabi/13.3.1/thumb/v7e-m+fp/hard/crti.o
                0x080050e0                _init
 .init          0x080050e4        0x8 D:/InstalledSoftwares/DevTools/STM32CubeCLT_1.20.0/GNU-tools-for-STM32/bin/../lib/gcc/arm-none-eabi/13.3.1/thumb/v7e-m+fp/hard/crtn.o
 *(.fini)
 .fini          0x080050ec        0x4 D:/InstalledSoftwares/DevTools/STM32CubeCLT_1.20.0/GNU-tools-for-STM32/bin/../lib/gcc/arm-none-eabi/13.3.1/thumb/v7e-m+fp/hard/crti.o
                0x080050ec                _fini
 .fini          0x080050f0        0x8 D:/InstalledSoftwares/DevTools/STM32CubeCLT_1.20.0/GNU-tools-for-STM32/bin/../lib/gcc/arm-none-eabi/13.3.1/thumb/v7e-m+fp/hard/crtn.o
                0x080050f8                        . = ALIGN (0x4)
                0x080050f8                        _etext = .

.vfp11_veneer   0x080050f8        0x0
 .vfp11_veneer  0x080050f8        0x0 linker stubs

.v4_bx          0x080050f8        0x0
 .v4_bx         0x080050f8        0x0 linker stubs

.iplt           0x080050f8        0x0
 .iplt          0x080050f8        0x0 D:/InstalledSoftwares/DevTools/STM32CubeCLT_1.20.0/GNU-tools-for-STM32/bin/../lib/gcc/arm-none-eabi/13.3.1/thumb/v7e-m+fp/hard/crtbegin.o

.rodata         0x080050f8      0x3ac
                0x080050f8                        . = ALIGN (0x4)
 *(.rodata)
 *(.rodata*)
 .rodata.APBPrescTable
                0x080050f8        0x8 ./build/Debug/.obj/Core/Src/system_stm32f4xx.o
                0x080050f8                APBPrescTable
 .rodata.AHBPrescTable
                0x08005100       0x10 ./build/Debug/.obj/Core/Src/system_stm32f4xx.o
                0x08005100                AHBPrescTable
 .rodata.s_haruhi_kage_notes
                0x08005110       0x20 ./build/Debug/.obj/User/buzzer.o
 .rodata._printf_float.str1.1
                0x08005130      0x171 D:/InstalledSoftwares/DevTools/STM32CubeCLT_1.20.0/GNU-tools-for-STM32/bin/../lib/gcc/arm-none-eabi/13.3.1/../../../../arm-none-eabi/lib/thumb/v7e-m+fp/hard\libc_nano.a(libc_a-nano-vfprintf_float.o)
                                 0x12 (size before relaxing)
 .rodata._printf_i.str1.1
                0x080052a1        0x0 D:/InstalledSoftwares/DevTools/STM32CubeCLT_1.20.0/GNU-tools-for-STM32/bin/../lib/gcc/arm-none-eabi/13.3.1/../../../../arm-none-eabi/lib/thumb/v7e-m+fp/hard\libc_nano.a(libc_a-nano-vfprintf_i.o)
                                 0x22 (size before relaxing)
 .rodata._dtoa_r.str1.1
                0x080052a1        0x0 D:/InstalledSoftwares/DevTools/STM32CubeCLT_1.20.0/GNU-tools-for-STM32/bin/../lib/gcc/arm-none-eabi/13.3.1/../../../../arm-none-eabi/lib/thumb/v7e-m+fp/hard\libc_nano.a(libc_a-dtoa.o)
                                 0x8f (size before relaxing)
 .rodata._Balloc.str1.1
                0x080052a1        0x0 D:/InstalledSoftwares/DevTools/STM32CubeCLT_1.20.0/GNU-tools-for-STM32/bin/../lib/gcc/arm-none-eabi/13.3.1/../../../../arm-none-eabi/lib/thumb/v7e-m+fp/hard\libc_nano.a(libc_a-mprec.o)
                                 0x70 (size before relaxing)
 .rodata.__multadd.str1.1
                0x080052a1        0x0 D:/InstalledSoftwares/DevTools/STM32CubeCLT_1.20.0/GNU-tools-for-STM32/bin/../lib/gcc/arm-none-eabi/13.3.1/../../../../arm-none-eabi/lib/thumb/v7e-m+fp/hard\libc_nano.a(libc_a-mprec.o)
                                 0x11 (size before relaxing)
 *fill*         0x080052a1        0x3 
 .rodata.p05.0  0x080052a4        0xc D:/InstalledSoftwares/DevTools/STM32CubeCLT_1.20.0/GNU-tools-for-STM32/bin/../lib/gcc/arm-none-eabi/13.3.1/../../../../arm-none-eabi/lib/thumb/v7e-m+fp/hard\libc_nano.a(libc_a-mprec.o)
 .rodata.__mprec_bigtens
                0x080052b0       0x28 D:/InstalledSoftwares/DevTools/STM32CubeCLT_1.20.0/GNU-tools-for-STM32/bin/../lib/gcc/arm-none-eabi/13.3.1/../../../../arm-none-eabi/lib/thumb/v7e-m+fp/hard\libc_nano.a(libc_a-mprec.o)
                0x080052b0                __mprec_bigtens
 .rodata.__mprec_tens
                0x080052d8       0xc8 D:/InstalledSoftwares/DevTools/STM32CubeCLT_1.20.0/GNU-tools-for-STM32/bin/../lib/gcc/arm-none-eabi/13.3.1/../../../../arm-none-eabi/lib/thumb/v7e-m+fp/hard\libc_nano.a(libc_a-mprec.o)
                0x080052d8                __mprec_tens
 .rodata._setlocale_r.str1.1
                0x080053a0        0x0 D:/InstalledSoftwares/DevTools/STM32CubeCLT_1.20.0/GNU-tools-for-STM32/bin/../lib/gcc/arm-none-eabi/13.3.1/../../../../arm-none-eabi/lib/thumb/v7e-m+fp/hard\libc_nano.a(libc_a-locale.o)
                                  0x9 (size before relaxing)
 .rodata.str1.1
                0x080053a0        0x0 D:/InstalledSoftwares/DevTools/STM32CubeCLT_1.20.0/GNU-tools-for-STM32/bin/../lib/gcc/arm-none-eabi/13.3.1/../../../../arm-none-eabi/lib/thumb/v7e-m+fp/hard\libc_nano.a(libc_a-locale.o)
                                  0x2 (size before relaxing)
 .rodata.__assert_func.str1.1
                0x080053a0        0x0 D:/InstalledSoftwares/DevTools/STM32CubeCLT_1.20.0/GNU-tools-for-STM32/bin/../lib/gcc/arm-none-eabi/13.3.1/../../../../arm-none-eabi/lib/thumb/v7e-m+fp/hard\libc_nano.a(libc_a-assert.o)
                                 0x3d (size before relaxing)
 .rodata._ctype_
                0x080053a0      0x101 D:/InstalledSoftwares/DevTools/STM32CubeCLT_1.20.0/GNU-tools-for-STM32/bin/../lib/gcc/arm-none-eabi/13.3.1/../../../../arm-none-eabi/lib/thumb/v7e-m+fp/hard\libc_nano.a(libc_a-ctype_.o)
                0x080053a0                _ctype_
 .rodata._vfprintf_r.str1.1
                0x080054a1        0x0 D:/InstalledSoftwares/DevTools/STM32CubeCLT_1.20.0/GNU-tools-for-STM32/bin/../lib/gcc/arm-none-eabi/13.3.1/../../../../arm-none-eabi/lib/thumb/v7e-m+fp/hard\libc_nano.a(libc_a-nano-vfprintf.o)
                                 0x11 (size before relaxing)
                0x080054a4                        . = ALIGN (0x4)
 *fill*         0x080054a1        0x3 

.ARM.extab      0x080054a4        0x0
                0x080054a4                        . = ALIGN (0x4)
 *(.ARM.extab* .gnu.linkonce.armextab.*)
                0x080054a4                        . = ALIGN (0x4)

.ARM            0x080054a4        0x8
                0x080054a4                        . = ALIGN (0x4)
                0x080054a4                        __exidx_start = .
 *(.ARM.exidx*)
 .ARM.exidx     0x080054a4        0x8 D:/InstalledSoftwares/DevTools/STM32CubeCLT_1.20.0/GNU-tools-for-STM32/bin/../lib/gcc/arm-none-eabi/13.3.1/thumb/v7e-m+fp/hard\libgcc.a(_udivmoddi4.o)
 .ARM.exidx     0x080054ac        0x0 D:/InstalledSoftwares/DevTools/STM32CubeCLT_1.20.0/GNU-tools-for-STM32/bin/../lib/gcc/arm-none-eabi/13.3.1/../../../../arm-none-eabi/lib/thumb/v7e-m+fp/hard\libc_nano.a(libc_a-memchr.o)
                                  0x8 (size before relaxing)
 .ARM.exidx     0x080054ac        0x0 D:/InstalledSoftwares/DevTools/STM32CubeCLT_1.20.0/GNU-tools-for-STM32/bin/../lib/gcc/arm-none-eabi/13.3.1/../../../../arm-none-eabi/lib/thumb/v7e-m+fp/hard\libc_nano.a(libc_a-strlen.o)
                                  0x8 (size before relaxing)
                0x080054ac                        __exidx_end = .
                0x080054ac                        . = ALIGN (0x4)

.preinit_array  0x080054ac        0x0
                0x080054ac                        . = ALIGN (0x4)
                0x080054ac                        PROVIDE (__preinit_array_start = .)
 *(.preinit_array*)
                0x080054ac                        PROVIDE (__preinit_array_end = .)
                0x080054ac                        . = ALIGN (0x4)

.init_array     0x080054ac        0x4
                0x080054ac                        . = ALIGN (0x4)
                0x080054ac                        PROVIDE (__init_array_start = .)
 *(SORT_BY_NAME(.init_array.*))
 *(.init_array*)
 .init_array    0x080054ac        0x4 D:/InstalledSoftwares/DevTools/STM32CubeCLT_1.20.0/GNU-tools-for-STM32/bin/../lib/gcc/arm-none-eabi/13.3.1/thumb/v7e-m+fp/hard/crtbegin.o
                0x080054b0                        PROVIDE (__init_array_end = .)
                0x080054b0                        . = ALIGN (0x4)

.fini_array     0x080054b0        0x4
                0x080054b0                        . = ALIGN (0x4)
                [!provide]                        PROVIDE (__fini_array_start = .)
 *(SORT_BY_NAME(.fini_array.*))
 *(.fini_array*)
 .fini_array    0x080054b0        0x4 D:/InstalledSoftwares/DevTools/STM32CubeCLT_1.20.0/GNU-tools-for-STM32/bin/../lib/gcc/arm-none-eabi/13.3.1/thumb/v7e-m+fp/hard/crtbegin.o
                [!provide]                        PROVIDE (__fini_array_end = .)
                0x080054b4                        . = ALIGN (0x4)
                0x080054b4                        _sidata = LOADADDR (.data)

.rel.dyn        0x080054b4        0x0
 .rel.iplt      0x080054b4        0x0 D:/InstalledSoftwares/DevTools/STM32CubeCLT_1.20.0/GNU-tools-for-STM32/bin/../lib/gcc/arm-none-eabi/13.3.1/thumb/v7e-m+fp/hard/crtbegin.o

.data           0x20000000      0x1d4 load address 0x080054b4
                0x20000000                        . = ALIGN (0x4)
                0x20000000                        _sdata = .
 *(.data)
 *(.data*)
 .data.SystemCoreClock
                0x20000000        0x4 ./build/Debug/.obj/Core/Src/system_stm32f4xx.o
                0x20000000                SystemCoreClock
 .data.uwTickFreq
                0x20000004        0x1 ./build/Debug/.obj/Drivers/STM32F4xx_HAL_Driver/Src/stm32f4xx_hal.o
                0x20000004                uwTickFreq
 *fill*         0x20000005        0x3 
 .data.uwTickPrio
                0x20000008        0x4 ./build/Debug/.obj/Drivers/STM32F4xx_HAL_Driver/Src/stm32f4xx_hal.o
                0x20000008                uwTickPrio
 .data.__sglue  0x2000000c        0xc D:/InstalledSoftwares/DevTools/STM32CubeCLT_1.20.0/GNU-tools-for-STM32/bin/../lib/gcc/arm-none-eabi/13.3.1/../../../../arm-none-eabi/lib/thumb/v7e-m+fp/hard\libc_nano.a(libc_a-findfp.o)
                0x2000000c                __sglue
 .data._impure_ptr
                0x20000018        0x4 D:/InstalledSoftwares/DevTools/STM32CubeCLT_1.20.0/GNU-tools-for-STM32/bin/../lib/gcc/arm-none-eabi/13.3.1/../../../../arm-none-eabi/lib/thumb/v7e-m+fp/hard\libc_nano.a(libc_a-impure.o)
                0x20000018                _impure_ptr
 .data._impure_data
                0x2000001c       0x4c D:/InstalledSoftwares/DevTools/STM32CubeCLT_1.20.0/GNU-tools-for-STM32/bin/../lib/gcc/arm-none-eabi/13.3.1/../../../../arm-none-eabi/lib/thumb/v7e-m+fp/hard\libc_nano.a(libc_a-impure.o)
                0x2000001c                _impure_data
 .data.__global_locale
                0x20000068      0x16c D:/InstalledSoftwares/DevTools/STM32CubeCLT_1.20.0/GNU-tools-for-STM32/bin/../lib/gcc/arm-none-eabi/13.3.1/../../../../arm-none-eabi/lib/thumb/v7e-m+fp/hard\libc_nano.a(libc_a-locale.o)
                0x20000068                __global_locale
 *(.RamFunc)
 *(.RamFunc*)
                0x200001d4                        . = ALIGN (0x4)
                0x200001d4                        _edata = .
                0x08005688                        _siccmram = LOADADDR (.ccmram)

.igot.plt       0x200001d4        0x0 load address 0x08005688
 .igot.plt      0x200001d4        0x0 D:/InstalledSoftwares/DevTools/STM32CubeCLT_1.20.0/GNU-tools-for-STM32/bin/../lib/gcc/arm-none-eabi/13.3.1/thumb/v7e-m+fp/hard/crtbegin.o

.ccmram         0x10000000        0x0 load address 0x08005688
                0x10000000                        . = ALIGN (0x4)
                0x10000000                        _sccmram = .
 *(.ccmram)
 *(.ccmram*)
                0x10000000                        . = ALIGN (0x4)
                0x10000000                        _eccmram = .
                0x10000000                        . = ALIGN (0x4)

.bss            0x200001d4      0x2d8
                0x200001d4                        _sbss = .
                0x200001d4                        __bss_start__ = _sbss
 *(.bss)
 .bss           0x200001d4       0x1c D:/InstalledSoftwares/DevTools/STM32CubeCLT_1.20.0/GNU-tools-for-STM32/bin/../lib/gcc/arm-none-eabi/13.3.1/thumb/v7e-m+fp/hard/crtbegin.o
 *(.bss*)
 .bss.htim6     0x200001f0       0xb4 ./build/Debug/.obj/Core/Src/stm32f4xx_hal_timebase_tim.o
                0x200001f0                htim6
 .bss.__sbrk_heap_end
                0x200002a4        0x4 ./build/Debug/.obj/Core/Src/sysmem.o
 .bss.htim4     0x200002a8       0xb4 ./build/Debug/.obj/Core/Src/tim.o
                0x200002a8                htim4
 .bss.uwTick    0x2000035c        0x4 ./build/Debug/.obj/Drivers/STM32F4xx_HAL_Driver/Src/stm32f4xx_hal.o
                0x2000035c                uwTick
 .bss.__sf      0x20000360      0x138 D:/InstalledSoftwares/DevTools/STM32CubeCLT_1.20.0/GNU-tools-for-STM32/bin/../lib/gcc/arm-none-eabi/13.3.1/../../../../arm-none-eabi/lib/thumb/v7e-m+fp/hard\libc_nano.a(libc_a-findfp.o)
                0x20000360                __sf
 .bss.__stdio_exit_handler
                0x20000498        0x4 D:/InstalledSoftwares/DevTools/STM32CubeCLT_1.20.0/GNU-tools-for-STM32/bin/../lib/gcc/arm-none-eabi/13.3.1/../../../../arm-none-eabi/lib/thumb/v7e-m+fp/hard\libc_nano.a(libc_a-findfp.o)
                0x20000498                __stdio_exit_handler
 .bss.errno     0x2000049c        0x4 D:/InstalledSoftwares/DevTools/STM32CubeCLT_1.20.0/GNU-tools-for-STM32/bin/../lib/gcc/arm-none-eabi/13.3.1/../../../../arm-none-eabi/lib/thumb/v7e-m+fp/hard\libc_nano.a(libc_a-reent.o)
                0x2000049c                errno
 .bss.__lock___malloc_recursive_mutex
                0x200004a0        0x1 D:/InstalledSoftwares/DevTools/STM32CubeCLT_1.20.0/GNU-tools-for-STM32/bin/../lib/gcc/arm-none-eabi/13.3.1/../../../../arm-none-eabi/lib/thumb/v7e-m+fp/hard\libc_nano.a(libc_a-lock.o)
                0x200004a0                __lock___malloc_recursive_mutex
 .bss.__lock___sfp_recursive_mutex
                0x200004a1        0x1 D:/InstalledSoftwares/DevTools/STM32CubeCLT_1.20.0/GNU-tools-for-STM32/bin/../lib/gcc/arm-none-eabi/13.3.1/../../../../arm-none-eabi/lib/thumb/v7e-m+fp/hard\libc_nano.a(libc_a-lock.o)
                0x200004a1                __lock___sfp_recursive_mutex
 *fill*         0x200004a2        0x2 
 .bss.__malloc_sbrk_start
                0x200004a4        0x4 D:/InstalledSoftwares/DevTools/STM32CubeCLT_1.20.0/GNU-tools-for-STM32/bin/../lib/gcc/arm-none-eabi/13.3.1/../../../../arm-none-eabi/lib/thumb/v7e-m+fp/hard\libc_nano.a(libc_a-mallocr.o)
                0x200004a4                __malloc_sbrk_start
 .bss.__malloc_free_list
                0x200004a8        0x4 D:/InstalledSoftwares/DevTools/STM32CubeCLT_1.20.0/GNU-tools-for-STM32/bin/../lib/gcc/arm-none-eabi/13.3.1/../../../../arm-none-eabi/lib/thumb/v7e-m+fp/hard\libc_nano.a(libc_a-mallocr.o)
                0x200004a8                __malloc_free_list
 *(COMMON)
                0x200004ac                        . = ALIGN (0x4)
                0x200004ac                        _ebss = .
                0x200004ac                        __bss_end__ = _ebss

._user_heap_stack
                0x200004ac      0x604
                0x200004b0                        . = ALIGN (0x8)
 *fill*         0x200004ac        0x4 
                [!provide]                        PROVIDE (end = .)
                0x200004b0                        PROVIDE (_end = .)
                0x200006b0                        . = (. + _Min_Heap_Size)
 *fill*         0x200004b0      0x200 
                0x20000ab0                        . = (. + _Min_Stack_Size)
 *fill*         0x200006b0      0x400 
                0x20000ab0                        . = ALIGN (0x8)

/DISCARD/
 libc.a(*)
 libm.a(*)
 libgcc.a(*)
OUTPUT(./build/Debug/Test.elf elf32-littlearm)
LOAD linker stubs
LOAD D:/InstalledSoftwares/DevTools/STM32CubeCLT_1.20.0/GNU-tools-for-STM32/bin/../lib/gcc/arm-none-eabi/13.3.1/../../../../arm-none-eabi/lib/thumb/v7e-m+fp/hard\libc.a
LOAD D:/InstalledSoftwares/DevTools/STM32CubeCLT_1.20.0/GNU-tools-for-STM32/bin/../lib/gcc/arm-none-eabi/13.3.1/../../../../arm-none-eabi/lib/thumb/v7e-m+fp/hard\libm.a
LOAD D:/InstalledSoftwares/DevTools/STM32CubeCLT_1.20.0/GNU-tools-for-STM32/bin/../lib/gcc/arm-none-eabi/13.3.1/thumb/v7e-m+fp/hard\libgcc.a

.ARM.attributes
                0x00000000       0x30
 .ARM.attributes
                0x00000000       0x22 D:/InstalledSoftwares/DevTools/STM32CubeCLT_1.20.0/GNU-tools-for-STM32/bin/../lib/gcc/arm-none-eabi/13.3.1/thumb/v7e-m+fp/hard/crti.o
 .ARM.attributes
                0x00000022       0x34 D:/InstalledSoftwares/DevTools/STM32CubeCLT_1.20.0/GNU-tools-for-STM32/bin/../lib/gcc/arm-none-eabi/13.3.1/thumb/v7e-m+fp/hard/crtbegin.o
 .ARM.attributes
                0x00000056       0x34 ./build/Debug/.obj/Core/Src/gpio.o
 .ARM.attributes
                0x0000008a       0x34 ./build/Debug/.obj/Core/Src/main.o
 .ARM.attributes
                0x000000be       0x34 ./build/Debug/.obj/Core/Src/stm32f4xx_hal_msp.o
 .ARM.attributes
                0x000000f2       0x34 ./build/Debug/.obj/Core/Src/stm32f4xx_hal_timebase_tim.o
 .ARM.attributes
                0x00000126       0x34 ./build/Debug/.obj/Core/Src/stm32f4xx_it.o
 .ARM.attributes
                0x0000015a       0x34 ./build/Debug/.obj/Core/Src/syscalls.o
 .ARM.attributes
                0x0000018e       0x34 ./build/Debug/.obj/Core/Src/sysmem.o
 .ARM.attributes
                0x000001c2       0x34 ./build/Debug/.obj/Core/Src/system_stm32f4xx.o
 .ARM.attributes
                0x000001f6       0x34 ./build/Debug/.obj/Core/Src/tim.o
 .ARM.attributes
                0x0000022a       0x34 ./build/Debug/.obj/Drivers/STM32F4xx_HAL_Driver/Src/stm32f4xx_hal.o
 .ARM.attributes
                0x0000025e       0x34 ./build/Debug/.obj/Drivers/STM32F4xx_HAL_Driver/Src/stm32f4xx_hal_cortex.o
 .ARM.attributes
                0x00000292       0x34 ./build/Debug/.obj/Drivers/STM32F4xx_HAL_Driver/Src/stm32f4xx_hal_gpio.o
 .ARM.attributes
                0x000002c6       0x34 ./build/Debug/.obj/Drivers/STM32F4xx_HAL_Driver/Src/stm32f4xx_hal_rcc.o
 .ARM.attributes
                0x000002fa       0x34 ./build/Debug/.obj/Drivers/STM32F4xx_HAL_Driver/Src/stm32f4xx_hal_tim.o
 .ARM.attributes
                0x0000032e       0x34 ./build/Debug/.obj/Drivers/STM32F4xx_HAL_Driver/Src/stm32f4xx_hal_tim_ex.o
 .ARM.attributes
                0x00000362       0x34 ./build/Debug/.obj/User/buzzer.o
 .ARM.attributes
                0x00000396       0x21 ./build/Debug/.obj/startup_stm32f407xx.o
 .ARM.attributes
                0x000003b7       0x22 D:/InstalledSoftwares/DevTools/STM32CubeCLT_1.20.0/GNU-tools-for-STM32/bin/../lib/gcc/arm-none-eabi/13.3.1/thumb/v7e-m+fp/hard\libgcc.a(_aeabi_uldivmod.o)
 .ARM.attributes
                0x000003d9       0x34 D:/InstalledSoftwares/DevTools/STM32CubeCLT_1.20.0/GNU-tools-for-STM32/bin/../lib/gcc/arm-none-eabi/13.3.1/thumb/v7e-m+fp/hard\libgcc.a(_udivmoddi4.o)
 .ARM.attributes
                0x0000040d       0x22 D:/InstalledSoftwares/DevTools/STM32CubeCLT_1.20.0/GNU-tools-for-STM32/bin/../lib/gcc/arm-none-eabi/13.3.1/thumb/v7e-m+fp/hard\libgcc.a(_dvmd_tls.o)
 .ARM.attributes
                0x0000042f       0x34 D:/InstalledSoftwares/DevTools/STM32CubeCLT_1.20.0/GNU-tools-for-STM32/bin/../lib/gcc/arm-none-eabi/13.3.1/../../../../arm-none-eabi/lib/thumb/v7e-m+fp/hard\libc_nano.a(libc_a-nano-vfprintf_float.o)
 .ARM.attributes
                0x00000463       0x34 D:/InstalledSoftwares/DevTools/STM32CubeCLT_1.20.0/GNU-tools-for-STM32/bin/../lib/gcc/arm-none-eabi/13.3.1/../../../../arm-none-eabi/lib/thumb/v7e-m+fp/hard\libc_nano.a(libc_a-nano-vfprintf_i.o)
 .ARM.attributes
                0x00000497       0x34 D:/InstalledSoftwares/DevTools/STM32CubeCLT_1.20.0/GNU-tools-for-STM32/bin/../lib/gcc/arm-none-eabi/13.3.1/../../../../arm-none-eabi/lib/thumb/v7e-m+fp/hard\libc_nano.a(libc_a-findfp.o)
 .ARM.attributes
                0x000004cb       0x34 D:/InstalledSoftwares/DevTools/STM32CubeCLT_1.20.0/GNU-tools-for-STM32/bin/../lib/gcc/arm-none-eabi/13.3.1/../../../../arm-none-eabi/lib/thumb/v7e-m+fp/hard\libc_nano.a(libc_a-fwalk.o)
 .ARM.attributes
                0x000004ff       0x34 D:/InstalledSoftwares/DevTools/STM32CubeCLT_1.20.0/GNU-tools-for-STM32/bin/../lib/gcc/arm-none-eabi/13.3.1/../../../../arm-none-eabi/lib/thumb/v7e-m+fp/hard\libc_nano.a(libc_a-stdio.o)
 .ARM.attributes
                0x00000533       0x34 D:/InstalledSoftwares/DevTools/STM32CubeCLT_1.20.0/GNU-tools-for-STM32/bin/../lib/gcc/arm-none-eabi/13.3.1/../../../../arm-none-eabi/lib/thumb/v7e-m+fp/hard\libc_nano.a(libc_a-memset.o)
 .ARM.attributes
                0x00000567       0x34 D:/InstalledSoftwares/DevTools/STM32CubeCLT_1.20.0/GNU-tools-for-STM32/bin/../lib/gcc/arm-none-eabi/13.3.1/../../../../arm-none-eabi/lib/thumb/v7e-m+fp/hard\libc_nano.a(libc_a-localeconv.o)
 .ARM.attributes
                0x0000059b       0x34 D:/InstalledSoftwares/DevTools/STM32CubeCLT_1.20.0/GNU-tools-for-STM32/bin/../lib/gcc/arm-none-eabi/13.3.1/../../../../arm-none-eabi/lib/thumb/v7e-m+fp/hard\libc_nano.a(libc_a-closer.o)
 .ARM.attributes
                0x000005cf       0x34 D:/InstalledSoftwares/DevTools/STM32CubeCLT_1.20.0/GNU-tools-for-STM32/bin/../lib/gcc/arm-none-eabi/13.3.1/../../../../arm-none-eabi/lib/thumb/v7e-m+fp/hard\libc_nano.a(libc_a-reent.o)
 .ARM.attributes
                0x00000603       0x34 D:/InstalledSoftwares/DevTools/STM32CubeCLT_1.20.0/GNU-tools-for-STM32/bin/../lib/gcc/arm-none-eabi/13.3.1/../../../../arm-none-eabi/lib/thumb/v7e-m+fp/hard\libc_nano.a(libc_a-impure.o)
 .ARM.attributes
                0x00000637       0x34 D:/InstalledSoftwares/DevTools/STM32CubeCLT_1.20.0/GNU-tools-for-STM32/bin/../lib/gcc/arm-none-eabi/13.3.1/../../../../arm-none-eabi/lib/thumb/v7e-m+fp/hard\libc_nano.a(libc_a-lseekr.o)
 .ARM.attributes
                0x0000066b       0x34 D:/InstalledSoftwares/DevTools/STM32CubeCLT_1.20.0/GNU-tools-for-STM32/bin/../lib/gcc/arm-none-eabi/13.3.1/../../../../arm-none-eabi/lib/thumb/v7e-m+fp/hard\libc_nano.a(libc_a-readr.o)
 .ARM.attributes
                0x0000069f       0x34 D:/InstalledSoftwares/DevTools/STM32CubeCLT_1.20.0/GNU-tools-for-STM32/bin/../lib/gcc/arm-none-eabi/13.3.1/../../../../arm-none-eabi/lib/thumb/v7e-m+fp/hard\libc_nano.a(libc_a-writer.o)
 .ARM.attributes
                0x000006d3       0x34 D:/InstalledSoftwares/DevTools/STM32CubeCLT_1.20.0/GNU-tools-for-STM32/bin/../lib/gcc/arm-none-eabi/13.3.1/../../../../arm-none-eabi/lib/thumb/v7e-m+fp/hard\libc_nano.a(libc_a-errno.o)
 .ARM.attributes
                0x00000707       0x34 D:/InstalledSoftwares/DevTools/STM32CubeCLT_1.20.0/GNU-tools-for-STM32/bin/../lib/gcc/arm-none-eabi/13.3.1/../../../../arm-none-eabi/lib/thumb/v7e-m+fp/hard\libc_nano.a(libc_a-init.o)
 .ARM.attributes
                0x0000073b       0x34 D:/InstalledSoftwares/DevTools/STM32CubeCLT_1.20.0/GNU-tools-for-STM32/bin/../lib/gcc/arm-none-eabi/13.3.1/../../../../arm-none-eabi/lib/thumb/v7e-m+fp/hard\libc_nano.a(libc_a-lock.o)
 .ARM.attributes
                0x0000076f       0x1c D:/InstalledSoftwares/DevTools/STM32CubeCLT_1.20.0/GNU-tools-for-STM32/bin/../lib/gcc/arm-none-eabi/13.3.1/../../../../arm-none-eabi/lib/thumb/v7e-m+fp/hard\libc_nano.a(libc_a-memchr.o)
 .ARM.attributes
                0x0000078b       0x17 D:/InstalledSoftwares/DevTools/STM32CubeCLT_1.20.0/GNU-tools-for-STM32/bin/../lib/gcc/arm-none-eabi/13.3.1/../../../../arm-none-eabi/lib/thumb/v7e-m+fp/hard\libc_nano.a(libc_a-strlen.o)
 .ARM.attributes
                0x000007a2       0x34 D:/InstalledSoftwares/DevTools/STM32CubeCLT_1.20.0/GNU-tools-for-STM32/bin/../lib/gcc/arm-none-eabi/13.3.1/../../../../arm-none-eabi/lib/thumb/v7e-m+fp/hard\libc_nano.a(libc_a-dtoa.o)
 .ARM.attributes
                0x000007d6       0x34 D:/InstalledSoftwares/DevTools/STM32CubeCLT_1.20.0/GNU-tools-for-STM32/bin/../lib/gcc/arm-none-eabi/13.3.1/../../../../arm-none-eabi/lib/thumb/v7e-m+fp/hard\libc_nano.a(libc_a-freer.o)
 .ARM.attributes
                0x0000080a       0x34 D:/InstalledSoftwares/DevTools/STM32CubeCLT_1.20.0/GNU-tools-for-STM32/bin/../lib/gcc/arm-none-eabi/13.3.1/../../../../arm-none-eabi/lib/thumb/v7e-m+fp/hard\libc_nano.a(libc_a-malloc.o)
 .ARM.attributes
                0x0000083e       0x34 D:/InstalledSoftwares/DevTools/STM32CubeCLT_1.20.0/GNU-tools-for-STM32/bin/../lib/gcc/arm-none-eabi/13.3.1/../../../../arm-none-eabi/lib/thumb/v7e-m+fp/hard\libc_nano.a(libc_a-mallocr.o)
 .ARM.attributes
                0x00000872       0x34 D:/InstalledSoftwares/DevTools/STM32CubeCLT_1.20.0/GNU-tools-for-STM32/bin/../lib/gcc/arm-none-eabi/13.3.1/../../../../arm-none-eabi/lib/thumb/v7e-m+fp/hard\libc_nano.a(libc_a-mlock.o)
 .ARM.attributes
                0x000008a6       0x34 D:/InstalledSoftwares/DevTools/STM32CubeCLT_1.20.0/GNU-tools-for-STM32/bin/../lib/gcc/arm-none-eabi/13.3.1/../../../../arm-none-eabi/lib/thumb/v7e-m+fp/hard\libc_nano.a(libc_a-mprec.o)
 .ARM.attributes
                0x000008da       0x34 D:/InstalledSoftwares/DevTools/STM32CubeCLT_1.20.0/GNU-tools-for-STM32/bin/../lib/gcc/arm-none-eabi/13.3.1/../../../../arm-none-eabi/lib/thumb/v7e-m+fp/hard\libc_nano.a(libc_a-fflush.o)
 .ARM.attributes
                0x0000090e       0x34 D:/InstalledSoftwares/DevTools/STM32CubeCLT_1.20.0/GNU-tools-for-STM32/bin/../lib/gcc/arm-none-eabi/13.3.1/../../../../arm-none-eabi/lib/thumb/v7e-m+fp/hard\libc_nano.a(libc_a-locale.o)
 .ARM.attributes
                0x00000942       0x34 D:/InstalledSoftwares/DevTools/STM32CubeCLT_1.20.0/GNU-tools-for-STM32/bin/../lib/gcc/arm-none-eabi/13.3.1/../../../../arm-none-eabi/lib/thumb/v7e-m+fp/hard\libc_nano.a(libc_a-sbrkr.o)
 .ARM.attributes
                0x00000976       0x34 D:/InstalledSoftwares/DevTools/STM32CubeCLT_1.20.0/GNU-tools-for-STM32/bin/../lib/gcc/arm-none-eabi/13.3.1/../../../../arm-none-eabi/lib/thumb/v7e-m+fp/hard\libc_nano.a(libc_a-memcpy-stub.o)
 .ARM.attributes
                0x000009aa       0x34 D:/InstalledSoftwares/DevTools/STM32CubeCLT_1.20.0/GNU-tools-for-STM32/bin/../lib/gcc/arm-none-eabi/13.3.1/../../../../arm-none-eabi/lib/thumb/v7e-m+fp/hard\libc_nano.a(libc_a-assert.o)
 .ARM.attributes
                0x000009de       0x34 D:/InstalledSoftwares/DevTools/STM32CubeCLT_1.20.0/GNU-tools-for-STM32/bin/../lib/gcc/arm-none-eabi/13.3.1/../../../../arm-none-eabi/lib/thumb/v7e-m+fp/hard\libc_nano.a(libc_a-callocr.o)
 .ARM.attributes
                0x00000a12       0x34 D:/InstalledSoftwares/DevTools/STM32CubeCLT_1.20.0/GNU-tools-for-STM32/bin/../lib/gcc/arm-none-eabi/13.3.1/../../../../arm-none-eabi/lib/thumb/v7e-m+fp/hard\libc_nano.a(libc_a-mbtowc_r.o)
 .ARM.attributes
                0x00000a46       0x34 D:/InstalledSoftwares/DevTools/STM32CubeCLT_1.20.0/GNU-tools-for-STM32/bin/../lib/gcc/arm-none-eabi/13.3.1/../../../../arm-none-eabi/lib/thumb/v7e-m+fp/hard\libc_nano.a(libc_a-wctomb_r.o)
 .ARM.attributes
                0x00000a7a       0x34 D:/InstalledSoftwares/DevTools/STM32CubeCLT_1.20.0/GNU-tools-for-STM32/bin/../lib/gcc/arm-none-eabi/13.3.1/../../../../arm-none-eabi/lib/thumb/v7e-m+fp/hard\libc_nano.a(libc_a-ctype_.o)
 .ARM.attributes
                0x00000aae       0x34 D:/InstalledSoftwares/DevTools/STM32CubeCLT_1.20.0/GNU-tools-for-STM32/bin/../lib/gcc/arm-none-eabi/13.3.1/../../../../arm-none-eabi/lib/thumb/v7e-m+fp/hard\libc_nano.a(libc_a-fprintf.o)
 .ARM.attributes
                0x00000ae2       0x34 D:/InstalledSoftwares/DevTools/STM32CubeCLT_1.20.0/GNU-tools-for-STM32/bin/../lib/gcc/arm-none-eabi/13.3.1/../../../../arm-none-eabi/lib/thumb/v7e-m+fp/hard\libc_nano.a(libc_a-abort.o)
 .ARM.attributes
                0x00000b16       0x34 D:/InstalledSoftwares/DevTools/STM32CubeCLT_1.20.0/GNU-tools-for-STM32/bin/../lib/gcc/arm-none-eabi/13.3.1/../../../../arm-none-eabi/lib/thumb/v7e-m+fp/hard\libc_nano.a(libc_a-nano-vfprintf.o)
 .ARM.attributes
                0x00000b4a       0x34 D:/InstalledSoftwares/DevTools/STM32CubeCLT_1.20.0/GNU-tools-for-STM32/bin/../lib/gcc/arm-none-eabi/13.3.1/../../../../arm-none-eabi/lib/thumb/v7e-m+fp/hard\libc_nano.a(libc_a-wbuf.o)
 .ARM.attributes
                0x00000b7e       0x34 D:/InstalledSoftwares/DevTools/STM32CubeCLT_1.20.0/GNU-tools-for-STM32/bin/../lib/gcc/arm-none-eabi/13.3.1/../../../../arm-none-eabi/lib/thumb/v7e-m+fp/hard\libc_nano.a(libc_a-wsetup.o)
 .ARM.attributes
                0x00000bb2       0x34 D:/InstalledSoftwares/DevTools/STM32CubeCLT_1.20.0/GNU-tools-for-STM32/bin/../lib/gcc/arm-none-eabi/13.3.1/../../../../arm-none-eabi/lib/thumb/v7e-m+fp/hard\libc_nano.a(libc_a-signal.o)
 .ARM.attributes
                0x00000be6       0x34 D:/InstalledSoftwares/DevTools/STM32CubeCLT_1.20.0/GNU-tools-for-STM32/bin/../lib/gcc/arm-none-eabi/13.3.1/../../../../arm-none-eabi/lib/thumb/v7e-m+fp/hard\libc_nano.a(libc_a-signalr.o)
 .ARM.attributes
                0x00000c1a       0x34 D:/InstalledSoftwares/DevTools/STM32CubeCLT_1.20.0/GNU-tools-for-STM32/bin/../lib/gcc/arm-none-eabi/13.3.1/../../../../arm-none-eabi/lib/thumb/v7e-m+fp/hard\libc_nano.a(libc_a-makebuf.o)
 .ARM.attributes
                0x00000c4e       0x34 D:/InstalledSoftwares/DevTools/STM32CubeCLT_1.20.0/GNU-tools-for-STM32/bin/../lib/gcc/arm-none-eabi/13.3.1/../../../../arm-none-eabi/lib/thumb/v7e-m+fp/hard\libc_nano.a(libc_a-fstatr.o)
 .ARM.attributes
                0x00000c82       0x34 D:/InstalledSoftwares/DevTools/STM32CubeCLT_1.20.0/GNU-tools-for-STM32/bin/../lib/gcc/arm-none-eabi/13.3.1/../../../../arm-none-eabi/lib/thumb/v7e-m+fp/hard\libc_nano.a(libc_a-isattyr.o)
 .ARM.attributes
                0x00000cb6       0x22 D:/InstalledSoftwares/DevTools/STM32CubeCLT_1.20.0/GNU-tools-for-STM32/bin/../lib/gcc/arm-none-eabi/13.3.1/thumb/v7e-m+fp/hard\libgcc.a(_arm_addsubdf3.o)
 .ARM.attributes
                0x00000cd8       0x22 D:/InstalledSoftwares/DevTools/STM32CubeCLT_1.20.0/GNU-tools-for-STM32/bin/../lib/gcc/arm-none-eabi/13.3.1/thumb/v7e-m+fp/hard\libgcc.a(_arm_muldivdf3.o)
 .ARM.attributes
                0x00000cfa       0x22 D:/InstalledSoftwares/DevTools/STM32CubeCLT_1.20.0/GNU-tools-for-STM32/bin/../lib/gcc/arm-none-eabi/13.3.1/thumb/v7e-m+fp/hard\libgcc.a(_arm_cmpdf2.o)
 .ARM.attributes
                0x00000d1c       0x22 D:/InstalledSoftwares/DevTools/STM32CubeCLT_1.20.0/GNU-tools-for-STM32/bin/../lib/gcc/arm-none-eabi/13.3.1/thumb/v7e-m+fp/hard\libgcc.a(_arm_unorddf2.o)
 .ARM.attributes
                0x00000d3e       0x22 D:/InstalledSoftwares/DevTools/STM32CubeCLT_1.20.0/GNU-tools-for-STM32/bin/../lib/gcc/arm-none-eabi/13.3.1/thumb/v7e-m+fp/hard\libgcc.a(_arm_fixdfsi.o)
 .ARM.attributes
                0x00000d60       0x22 D:/InstalledSoftwares/DevTools/STM32CubeCLT_1.20.0/GNU-tools-for-STM32/bin/../lib/gcc/arm-none-eabi/13.3.1/thumb/v7e-m+fp/hard/crtn.o

.comment        0x00000000       0x43
 .comment       0x00000000       0x43 ./build/Debug/.obj/Core/Src/gpio.o
                                 0x44 (size before relaxing)
 .comment       0x00000043        0x0 ./build/Debug/.obj/Core/Src/main.o
                                 0x44 (size before relaxing)
 .comment       0x00000043        0x0 ./build/Debug/.obj/Core/Src/stm32f4xx_hal_msp.o
                                 0x44 (size before relaxing)
 .comment       0x00000043        0x0 ./build/Debug/.obj/Core/Src/stm32f4xx_hal_timebase_tim.o
                                 0x44 (size before relaxing)
 .comment       0x00000043        0x0 ./build/Debug/.obj/Core/Src/stm32f4xx_it.o
                                 0x44 (size before relaxing)
 .comment       0x00000043        0x0 ./build/Debug/.obj/Core/Src/syscalls.o
                                 0x44 (size before relaxing)
 .comment       0x00000043        0x0 ./build/Debug/.obj/Core/Src/sysmem.o
                                 0x44 (size before relaxing)
 .comment       0x00000043        0x0 ./build/Debug/.obj/Core/Src/system_stm32f4xx.o
                                 0x44 (size before relaxing)
 .comment       0x00000043        0x0 ./build/Debug/.obj/Core/Src/tim.o
                                 0x44 (size before relaxing)
 .comment       0x00000043        0x0 ./build/Debug/.obj/Drivers/STM32F4xx_HAL_Driver/Src/stm32f4xx_hal.o
                                 0x44 (size before relaxing)
 .comment       0x00000043        0x0 ./build/Debug/.obj/Drivers/STM32F4xx_HAL_Driver/Src/stm32f4xx_hal_cortex.o
                                 0x44 (size before relaxing)
 .comment       0x00000043        0x0 ./build/Debug/.obj/Drivers/STM32F4xx_HAL_Driver/Src/stm32f4xx_hal_gpio.o
                                 0x44 (size before relaxing)
 .comment       0x00000043        0x0 ./build/Debug/.obj/Drivers/STM32F4xx_HAL_Driver/Src/stm32f4xx_hal_rcc.o
                                 0x44 (size before relaxing)
 .comment       0x00000043        0x0 ./build/Debug/.obj/Drivers/STM32F4xx_HAL_Driver/Src/stm32f4xx_hal_tim.o
                                 0x44 (size before relaxing)
 .comment       0x00000043        0x0 ./build/Debug/.obj/Drivers/STM32F4xx_HAL_Driver/Src/stm32f4xx_hal_tim_ex.o
                                 0x44 (size before relaxing)
 .comment       0x00000043        0x0 ./build/Debug/.obj/User/buzzer.o
                                 0x44 (size before relaxing)

.debug_info     0x00000000     0xd838
 .debug_info    0x00000000      0x280 ./build/Debug/.obj/Core/Src/gpio.o
 .debug_info    0x00000280      0xd13 ./build/Debug/.obj/Core/Src/main.o
 .debug_info    0x00000f93      0x265 ./build/Debug/.obj/Core/Src/stm32f4xx_hal_msp.o
 .debug_info    0x000011f8      0xf7f ./build/Debug/.obj/Core/Src/stm32f4xx_hal_timebase_tim.o
 .debug_info    0x00002177      0x877 ./build/Debug/.obj/Core/Src/stm32f4xx_it.o
 .debug_info    0x000029ee      0x793 ./build/Debug/.obj/Core/Src/syscalls.o
 .debug_info    0x00003181      0x171 ./build/Debug/.obj/Core/Src/sysmem.o
 .debug_info    0x000032f2      0x527 ./build/Debug/.obj/Core/Src/system_stm32f4xx.o
 .debug_info    0x00003819      0xd88 ./build/Debug/.obj/Core/Src/tim.o
 .debug_info    0x000045a1      0x9e2 ./build/Debug/.obj/Drivers/STM32F4xx_HAL_Driver/Src/stm32f4xx_hal.o
 .debug_info    0x00004f83      0xff5 ./build/Debug/.obj/Drivers/STM32F4xx_HAL_Driver/Src/stm32f4xx_hal_cortex.o
 .debug_info    0x00005f78      0x704 ./build/Debug/.obj/Drivers/STM32F4xx_HAL_Driver/Src/stm32f4xx_hal_gpio.o
 .debug_info    0x0000667c      0xa81 ./build/Debug/.obj/Drivers/STM32F4xx_HAL_Driver/Src/stm32f4xx_hal_rcc.o
 .debug_info    0x000070fd     0x3fa6 ./build/Debug/.obj/Drivers/STM32F4xx_HAL_Driver/Src/stm32f4xx_hal_tim.o
 .debug_info    0x0000b0a3     0x1c5a ./build/Debug/.obj/Drivers/STM32F4xx_HAL_Driver/Src/stm32f4xx_hal_tim_ex.o
 .debug_info    0x0000ccfd      0xb0b ./build/Debug/.obj/User/buzzer.o
 .debug_info    0x0000d808       0x30 ./build/Debug/.obj/startup_stm32f407xx.o

.debug_abbrev   0x00000000     0x20eb
 .debug_abbrev  0x00000000       0xd6 ./build/Debug/.obj/Core/Src/gpio.o
 .debug_abbrev  0x000000d6      0x26b ./build/Debug/.obj/Core/Src/main.o
 .debug_abbrev  0x00000341       0xd6 ./build/Debug/.obj/Core/Src/stm32f4xx_hal_msp.o
 .debug_abbrev  0x00000417      0x272 ./build/Debug/.obj/Core/Src/stm32f4xx_hal_timebase_tim.o
 .debug_abbrev  0x00000689      0x198 ./build/Debug/.obj/Core/Src/stm32f4xx_it.o
 .debug_abbrev  0x00000821      0x1c8 ./build/Debug/.obj/Core/Src/syscalls.o
 .debug_abbrev  0x000009e9       0xea ./build/Debug/.obj/Core/Src/sysmem.o
 .debug_abbrev  0x00000ad3      0x11e ./build/Debug/.obj/Core/Src/system_stm32f4xx.o
 .debug_abbrev  0x00000bf1      0x253 ./build/Debug/.obj/Core/Src/tim.o
 .debug_abbrev  0x00000e44      0x240 ./build/Debug/.obj/Drivers/STM32F4xx_HAL_Driver/Src/stm32f4xx_hal.o
 .debug_abbrev  0x00001084      0x391 ./build/Debug/.obj/Drivers/STM32F4xx_HAL_Driver/Src/stm32f4xx_hal_cortex.o
 .debug_abbrev  0x00001415      0x202 ./build/Debug/.obj/Drivers/STM32F4xx_HAL_Driver/Src/stm32f4xx_hal_gpio.o
 .debug_abbrev  0x00001617      0x2c7 ./build/Debug/.obj/Drivers/STM32F4xx_HAL_Driver/Src/stm32f4xx_hal_rcc.o
 .debug_abbrev  0x000018de      0x2c4 ./build/Debug/.obj/Drivers/STM32F4xx_HAL_Driver/Src/stm32f4xx_hal_tim.o
 .debug_abbrev  0x00001ba2      0x2a5 ./build/Debug/.obj/Drivers/STM32F4xx_HAL_Driver/Src/stm32f4xx_hal_tim_ex.o
 .debug_abbrev  0x00001e47      0x280 ./build/Debug/.obj/User/buzzer.o
 .debug_abbrev  0x000020c7       0x24 ./build/Debug/.obj/startup_stm32f407xx.o

.debug_aranges  0x00000000      0xab8
 .debug_aranges
                0x00000000       0x20 ./build/Debug/.obj/Core/Src/gpio.o
 .debug_aranges
                0x00000020       0x38 ./build/Debug/.obj/Core/Src/main.o
 .debug_aranges
                0x00000058       0x20 ./build/Debug/.obj/Core/Src/stm32f4xx_hal_msp.o
 .debug_aranges
                0x00000078       0x38 ./build/Debug/.obj/Core/Src/stm32f4xx_hal_timebase_tim.o
 .debug_aranges
                0x000000b0       0x68 ./build/Debug/.obj/Core/Src/stm32f4xx_it.o
 .debug_aranges
                0x00000118       0xa8 ./build/Debug/.obj/Core/Src/syscalls.o
 .debug_aranges
                0x000001c0       0x20 ./build/Debug/.obj/Core/Src/sysmem.o
 .debug_aranges
                0x000001e0       0x28 ./build/Debug/.obj/Core/Src/system_stm32f4xx.o
 .debug_aranges
                0x00000208       0x38 ./build/Debug/.obj/Core/Src/tim.o
 .debug_aranges
                0x00000240       0xf0 ./build/Debug/.obj/Drivers/STM32F4xx_HAL_Driver/Src/stm32f4xx_hal.o
 .debug_aranges
                0x00000330       0xf8 ./build/Debug/.obj/Drivers/STM32F4xx_HAL_Driver/Src/stm32f4xx_hal_cortex.o
 .debug_aranges
                0x00000428       0x58 ./build/Debug/.obj/Drivers/STM32F4xx_HAL_Driver/Src/stm32f4xx_hal_gpio.o
 .debug_aranges
                0x00000480       0x88 ./build/Debug/.obj/Drivers/STM32F4xx_HAL_Driver/Src/stm32f4xx_hal_rcc.o
 .debug_aranges
                0x00000508      0x3e8 ./build/Debug/.obj/Drivers/STM32F4xx_HAL_Driver/Src/stm32f4xx_hal_tim.o
 .debug_aranges
                0x000008f0      0x168 ./build/Debug/.obj/Drivers/STM32F4xx_HAL_Driver/Src/stm32f4xx_hal_tim_ex.o
 .debug_aranges
                0x00000a58       0x38 ./build/Debug/.obj/User/buzzer.o
 .debug_aranges
                0x00000a90       0x28 ./build/Debug/.obj/startup_stm32f407xx.o

.debug_rnglists
                0x00000000      0x80f
 .debug_rnglists
                0x00000000       0x13 ./build/Debug/.obj/Core/Src/gpio.o
 .debug_rnglists
                0x00000013       0x26 ./build/Debug/.obj/Core/Src/main.o
 .debug_rnglists
                0x00000039       0x13 ./build/Debug/.obj/Core/Src/stm32f4xx_hal_msp.o
 .debug_rnglists
                0x0000004c       0x26 ./build/Debug/.obj/Core/Src/stm32f4xx_hal_timebase_tim.o
 .debug_rnglists
                0x00000072       0x49 ./build/Debug/.obj/Core/Src/stm32f4xx_it.o
 .debug_rnglists
                0x000000bb       0x79 ./build/Debug/.obj/Core/Src/syscalls.o
 .debug_rnglists
                0x00000134       0x13 ./build/Debug/.obj/Core/Src/sysmem.o
 .debug_rnglists
                0x00000147       0x1a ./build/Debug/.obj/Core/Src/system_stm32f4xx.o
 .debug_rnglists
                0x00000161       0x26 ./build/Debug/.obj/Core/Src/tim.o
 .debug_rnglists
                0x00000187       0xaf ./build/Debug/.obj/Drivers/STM32F4xx_HAL_Driver/Src/stm32f4xx_hal.o
 .debug_rnglists
                0x00000236       0xb5 ./build/Debug/.obj/Drivers/STM32F4xx_HAL_Driver/Src/stm32f4xx_hal_cortex.o
 .debug_rnglists
                0x000002eb       0x3f ./build/Debug/.obj/Drivers/STM32F4xx_HAL_Driver/Src/stm32f4xx_hal_gpio.o
 .debug_rnglists
                0x0000032a       0x75 ./build/Debug/.obj/Drivers/STM32F4xx_HAL_Driver/Src/stm32f4xx_hal_rcc.o
 .debug_rnglists
                0x0000039f      0x317 ./build/Debug/.obj/Drivers/STM32F4xx_HAL_Driver/Src/stm32f4xx_hal_tim.o
 .debug_rnglists
                0x000006b6      0x11b ./build/Debug/.obj/Drivers/STM32F4xx_HAL_Driver/Src/stm32f4xx_hal_tim_ex.o
 .debug_rnglists
                0x000007d1       0x25 ./build/Debug/.obj/User/buzzer.o
 .debug_rnglists
                0x000007f6       0x19 ./build/Debug/.obj/startup_stm32f407xx.o

.debug_line     0x00000000     0xaf2e
 .debug_line    0x00000000      0x1dd ./build/Debug/.obj/Core/Src/gpio.o
 .debug_line    0x000001dd      0x3f1 ./build/Debug/.obj/Core/Src/main.o
 .debug_line    0x000005ce      0x1e4 ./build/Debug/.obj/Core/Src/stm32f4xx_hal_msp.o
 .debug_line    0x000007b2      0x39a ./build/Debug/.obj/Core/Src/stm32f4xx_hal_timebase_tim.o
 .debug_line    0x00000b4c      0x306 ./build/Debug/.obj/Core/Src/stm32f4xx_it.o
 .debug_line    0x00000e52      0x466 ./build/Debug/.obj/Core/Src/syscalls.o
 .debug_line    0x000012b8      0x26b ./build/Debug/.obj/Core/Src/sysmem.o
 .debug_line    0x00001523      0x2dc ./build/Debug/.obj/Core/Src/system_stm32f4xx.o
 .debug_line    0x000017ff      0x3e2 ./build/Debug/.obj/Core/Src/tim.o
 .debug_line    0x00001be1      0x5f5 ./build/Debug/.obj/Drivers/STM32F4xx_HAL_Driver/Src/stm32f4xx_hal.o
 .debug_line    0x000021d6      0x8b8 ./build/Debug/.obj/Drivers/STM32F4xx_HAL_Driver/Src/stm32f4xx_hal_cortex.o
 .debug_line    0x00002a8e      0x783 ./build/Debug/.obj/Drivers/STM32F4xx_HAL_Driver/Src/stm32f4xx_hal_gpio.o
 .debug_line    0x00003211      0xc4b ./build/Debug/.obj/Drivers/STM32F4xx_HAL_Driver/Src/stm32f4xx_hal_rcc.o
 .debug_line    0x00003e5c     0x50e2 ./build/Debug/.obj/Drivers/STM32F4xx_HAL_Driver/Src/stm32f4xx_hal_tim.o
 .debug_line    0x00008f3e     0x1b8e ./build/Debug/.obj/Drivers/STM32F4xx_HAL_Driver/Src/stm32f4xx_hal_tim_ex.o
 .debug_line    0x0000aacc      0x3ec ./build/Debug/.obj/User/buzzer.o
 .debug_line    0x0000aeb8       0x76 ./build/Debug/.obj/startup_stm32f407xx.o

.debug_str      0x00000000     0x3a4b
 .debug_str     0x00000000     0x3a4b ./build/Debug/.obj/Core/Src/gpio.o
                                0x2f7 (size before relaxing)
 .debug_str     0x00003a4b        0x0 ./build/Debug/.obj/Core/Src/main.o
                                0xcd1 (size before relaxing)
 .debug_str     0x00003a4b        0x0 ./build/Debug/.obj/Core/Src/stm32f4xx_hal_msp.o
                                0x303 (size before relaxing)
 .debug_str     0x00003a4b        0x0 ./build/Debug/.obj/Core/Src/stm32f4xx_hal_timebase_tim.o
                               0x14bc (size before relaxing)
 .debug_str     0x00003a4b        0x0 ./build/Debug/.obj/Core/Src/stm32f4xx_it.o
                                0xa4f (size before relaxing)
 .debug_str     0x00003a4b        0x0 ./build/Debug/.obj/Core/Src/syscalls.o
                                0x441 (size before relaxing)
 .debug_str     0x00003a4b        0x0 ./build/Debug/.obj/Core/Src/sysmem.o
                                0x26d (size before relaxing)
 .debug_str     0x00003a4b        0x0 ./build/Debug/.obj/Core/Src/system_stm32f4xx.o
                                0x3bd (size before relaxing)
 .debug_str     0x00003a4b        0x0 ./build/Debug/.obj/Core/Src/tim.o
                                0xcd7 (size before relaxing)
 .debug_str     0x00003a4b        0x0 ./build/Debug/.obj/Drivers/STM32F4xx_HAL_Driver/Src/stm32f4xx_hal.o
                                0xbac (size before relaxing)
 .debug_str     0x00003a4b        0x0 ./build/Debug/.obj/Drivers/STM32F4xx_HAL_Driver/Src/stm32f4xx_hal_cortex.o
                                0xcbd (size before relaxing)
 .debug_str     0x00003a4b        0x0 ./build/Debug/.obj/Drivers/STM32F4xx_HAL_Driver/Src/stm32f4xx_hal_gpio.o
                                0x528 (size before relaxing)
 .debug_str     0x00003a4b        0x0 ./build/Debug/.obj/Drivers/STM32F4xx_HAL_Driver/Src/stm32f4xx_hal_rcc.o
                                0x74e (size before relaxing)
 .debug_str     0x00003a4b        0x0 ./build/Debug/.obj/Drivers/STM32F4xx_HAL_Driver/Src/stm32f4xx_hal_tim.o
                               0x1dba (size before relaxing)
 .debug_str     0x00003a4b        0x0 ./build/Debug/.obj/Drivers/STM32F4xx_HAL_Driver/Src/stm32f4xx_hal_tim_ex.o
                               0x11af (size before relaxing)
 .debug_str     0x00003a4b        0x0 ./build/Debug/.obj/User/buzzer.o
                                0xb50 (size before relaxing)
 .debug_str     0x00003a4b        0x0 ./build/Debug/.obj/startup_stm32f407xx.o
                                 0x8a (size before relaxing)

.debug_frame    0x00000000     0x2af0
 .debug_frame   0x00000000       0x28 ./build/Debug/.obj/Core/Src/gpio.o
 .debug_frame   0x00000028       0x70 ./build/Debug/.obj/Core/Src/main.o
 .debug_frame   0x00000098       0x28 ./build/Debug/.obj/Core/Src/stm32f4xx_hal_msp.o
 .debug_frame   0x000000c0       0x6c ./build/Debug/.obj/Core/Src/stm32f4xx_hal_timebase_tim.o
 .debug_frame   0x0000012c       0xb8 ./build/Debug/.obj/Core/Src/stm32f4xx_it.o
 .debug_frame   0x000001e4      0x190 ./build/Debug/.obj/Core/Src/syscalls.o